01-03 19:56:39.900 D/BluetoothPhoneService(  719):  handlePreciseCallStateChange: foreground: IDLE background: IDLE ringing: IDLE
01-03 19:56:39.900 E/BluetoothPhoneService(  719): Could not get a handle on Connection object for the call
01-03 19:56:39.900 D/FILD    (  412): OBEX: Core: Received packet with code: 0x3
01-03 19:56:39.900 D/FILD    (  412): OBEX: Core: Received packet with packet length: 0x5e
01-03 19:56:39.900 I/ICEUTIL (  412): WakelockActuate: writing fildLock to /sys/power/wake_lock
01-03 19:56:39.900 D/FILD    (  412): OBEX: Server: Looking callback for opcode: 0x3
01-03 19:56:39.900 D/FILD    (  412): OBEX: Server: Callbacks found
01-03 19:56:39.900 D/FILD    (  412): OBEX: File: GET request
01-03 19:56:39.900 D/FILD    (  412): OBEX: Core: Received header - LENGTH: 0x5b
01-03 19:56:39.900 D/FILD    (  412): OBEX: Core: Received unicode header - ID: 0x1
01-03 19:56:39.900 D/FILD    (  412): OBEX: File: NAME header with filename length: 0x2c
01-03 19:56:39.900 I/FILD    (  412): OBEX: File: HandleFirstGetResponse: stat /data/rfs//data/modem/NRAM2_MOBILE_EQUIPMENT_DATA.bin.
01-03 19:56:39.900 W/FILD    (  412): OBEX: ERR: Obj stat failure
01-03 19:56:39.900 D/FILD    (  412): OBEX: File: Reset global state
01-03 19:56:39.900 D/FILD    (  412): OBEX: Server: Operation failed: 0x3
01-03 19:56:39.900 D/FILD    (  412): OBEX: Server: Report error: 0xd0
01-03 19:56:39.900 I/ICEUTIL (  412): WakelockActuate: writing fildLock to /sys/power/wake_unlock
01-03 19:56:39.900 D/BluetoothPhoneService(  719): update the call states, active: 0held0
01-03 19:56:39.900 D/FILD    (  412): OBEX: Core: Received packet with code: 0x3
01-03 19:56:39.900 D/FILD    (  412): OBEX: Core: Received packet with packet length: 0x3a
01-03 19:56:39.900 I/ICEUTIL (  412): WakelockActuate: writing fildLock to /sys/power/wake_lock
01-03 19:56:39.900 D/FILD    (  412): OBEX: Server: Looking callback for opcode: 0x3
01-03 19:56:39.900 D/FILD    (  412): OBEX: Server: Callbacks found
01-03 19:56:39.900 D/FILD    (  412): OBEX: File: GET request
01-03 19:56:39.900 D/FILD    (  412): OBEX: Core: Received header - LENGTH: 0x37
01-03 19:56:39.900 D/FILD    (  412): OBEX: Core: Received unicode header - ID: 0x1
01-03 19:56:39.900 D/FILD    (  412): OBEX: File: NAME header with filename length: 0x1a
01-03 19:56:39.900 I/FILD    (  412): OBEX: File: HandleFirstGetResponse: stat /data/rfs//data/factory/ft_data.bin.
01-03 19:56:39.900 W/FILD    (  412): OBEX: ERR: Obj stat failure
01-03 19:56:39.900 D/FILD    (  412): OBEX: File: Reset global state
01-03 19:56:39.900 D/FILD    (  412): OBEX: Server: Operation failed: 0x3
01-03 19:56:39.900 D/FILD    (  412): OBEX: Server: Report error: 0xd0
01-03 19:56:39.900 I/ICEUTIL (  412): WakelockActuate: writing fildLock to /sys/power/wake_unlock
01-03 19:56:39.900 D/FILD    (  412): OBEX: Core: Received packet with code: 0x3
01-03 19:56:39.900 D/FILD    (  412): OBEX: Core: Received packet with packet length: 0x2a
01-03 19:56:39.900 I/ICEUTIL (  412): WakelockActuate: writing fildLock to /sys/power/wake_lock
01-03 19:56:39.900 D/FILD    (  412): OBEX: Server: Looking callback for opcode: 0x3
01-03 19:56:39.900 D/FILD    (  412): OBEX: Server: Callbacks found
01-03 19:56:39.900 D/FILD    (  412): OBEX: File: GET request
01-03 19:56:39.900 D/FILD    (  412): OBEX: Core: Received header - LENGTH: 0x27
01-03 19:56:39.900 D/FILD    (  412): OBEX: Core: Received unicode header - ID: 0x1
01-03 19:56:39.900 D/FILD    (  412): OBEX: File: NAME header with filename length: 0x12
01-03 19:56:39.900 I/FILD    (  412): OBEX: File: HandleFirstGetResponse: stat /data/rfs//data/ft_data.bin.
01-03 19:56:39.900 W/FILD    (  412): OBEX: ERR: Obj stat failure
01-03 19:56:39.900 D/FILD    (  412): OBEX: File: Reset global state
01-03 19:56:39.900 D/FILD    (  412): OBEX: Server: Operation failed: 0x3
01-03 19:56:39.900 D/FILD    (  412): OBEX: Server: Report error: 0xd0
01-03 19:56:39.900 I/ICEUTIL (  412): WakelockActuate: writing fildLock to /sys/power/wake_unlock
01-03 19:56:39.900 D/BluetoothPhoneService(  719): registerForServiceStateChanged
01-03 19:56:39.900 D/BluetoothPhoneService(  719): registerForPreciseCallStateChanged start
01-03 19:56:39.900 D/BluetoothPhoneService(  719): BluetoothPhoneService started
01-03 19:56:39.900 D/CallNotifier(  719): onMwiChanged(): false
01-03 19:56:39.900 D/NotificationMgr(  719): updateMwi(): false
01-03 19:56:39.910 D/CallNotifier(  719): onCfiChanged(): false
01-03 19:56:39.910 D/NotificationMgr(  719): updateCfi(): false
01-03 19:56:39.920 D/ActivityThread(  889): handleBindApplication:com.android.settings
01-03 19:56:39.920 D/ActivityThread(  889): setTargetHeapUtilization:0.75
01-03 19:56:39.920 D/ActivityThread(  889): setTargetHeapMinFree:2097152
01-03 19:56:39.950 V/PhoneStatusBar/NavigationBarView(  559): touchEnabled:false
01-03 19:56:39.960 D/NotificationMgr(  719): updateNetworkSelection()...state = 3 new network 
01-03 19:56:39.990 D/PhoneApp(  719): mReceiver: ACTION_ANY_DATA_CONNECTION_STATE_CHANGED
01-03 19:56:39.990 D/PhoneApp(  719): - state: DISCONNECTED
01-03 19:56:39.990 D/PhoneApp(  719): - reason: radioTurnedOff
01-03 19:56:40.000 D/PhoneApp(  719): mReceiver: ACTION_ANY_DATA_CONNECTION_STATE_CHANGED
01-03 19:56:40.000 D/PhoneApp(  719): - state: DISCONNECTED
01-03 19:56:40.000 D/PhoneApp(  719): - reason: radioTurnedOff
01-03 19:56:40.000 D/PhoneApp(  719): mReceiver: ACTION_ANY_DATA_CONNECTION_STATE_CHANGED
01-03 19:56:40.000 D/PhoneApp(  719): - state: DISCONNECTED
01-03 19:56:40.000 D/PhoneApp(  719): - reason: radioTurnedOff
01-03 19:56:40.000 D/PhoneApp(  719): mReceiver: ACTION_ANY_DATA_CONNECTION_STATE_CHANGED
01-03 19:56:40.000 D/PhoneApp(  719): - state: DISCONNECTED
01-03 19:56:40.000 D/PhoneApp(  719): - reason: radioTurnedOff
01-03 19:56:40.000 D/PhoneApp(  719): mReceiver: ACTION_ANY_DATA_CONNECTION_STATE_CHANGED
01-03 19:56:40.000 D/PhoneApp(  719): - state: DISCONNECTED
01-03 19:56:40.000 D/PhoneApp(  719): - reason: radioTurnedOff
01-03 19:56:40.000 D/PhoneApp(  719): mReceiver: ACTION_ANY_DATA_CONNECTION_STATE_CHANGED
01-03 19:56:40.000 D/PhoneApp(  719): - state: DISCONNECTED
01-03 19:56:40.000 D/PhoneApp(  719): - reason: radioTurnedOff
01-03 19:56:40.000 D/PhoneApp(  719): mReceiver: ACTION_ANY_DATA_CONNECTION_STATE_CHANGED
01-03 19:56:40.000 D/PhoneApp(  719): - state: DISCONNECTED
01-03 19:56:40.000 D/PhoneApp(  719): - reason: radioTurnedOff
01-03 19:56:40.000 D/PhoneApp(  719): mReceiver: ACTION_ANY_DATA_CONNECTION_STATE_CHANGED
01-03 19:56:40.000 D/PhoneApp(  719): - state: DISCONNECTED
01-03 19:56:40.000 D/PhoneApp(  719): - reason: radioTurnedOff
01-03 19:56:40.000 D/PhoneApp(  719): mReceiver: ACTION_ANY_DATA_CONNECTION_STATE_CHANGED
01-03 19:56:40.000 D/PhoneApp(  719): - state: DISCONNECTED
01-03 19:56:40.010 D/PhoneApp(  719): - reason: radioTurnedOff
01-03 19:56:40.010 D/PhoneApp(  719): mReceiver: ACTION_ANY_DATA_CONNECTION_STATE_CHANGED
01-03 19:56:40.010 D/PhoneApp(  719): - state: DISCONNECTED
01-03 19:56:40.010 D/PhoneApp(  719): - reason: radioTurnedOff
01-03 19:56:40.050 D/PhoneApp(  719): mReceiver: ACTION_ANY_DATA_CONNECTION_STATE_CHANGED
01-03 19:56:40.050 D/PhoneApp(  719): - state: DISCONNECTED
01-03 19:56:40.050 D/PhoneApp(  719): - reason: radioTurnedOff
01-03 19:56:40.050 D/PhoneApp(  719): mReceiver: ACTION_ANY_DATA_CONNECTION_STATE_CHANGED
01-03 19:56:40.050 D/PhoneApp(  719): - state: DISCONNECTED
01-03 19:56:40.050 D/PhoneApp(  719): - reason: radioTurnedOff
01-03 19:56:40.050 D/PhoneApp(  719): mReceiver: ACTION_ANY_DATA_CONNECTION_STATE_CHANGED
01-03 19:56:40.050 D/PhoneApp(  719): - state: DISCONNECTED
01-03 19:56:40.050 D/PhoneApp(  719): - reason: radioTurnedOff
01-03 19:56:40.050 D/PhoneApp(  719): mReceiver: ACTION_ANY_DATA_CONNECTION_STATE_CHANGED
01-03 19:56:40.060 D/PhoneApp(  719): - state: DISCONNECTED
01-03 19:56:40.060 D/PhoneApp(  719): - reason: radioTurnedOff
01-03 19:56:40.060 D/PhoneApp(  719): mReceiver: ACTION_ANY_DATA_CONNECTION_STATE_CHANGED
01-03 19:56:40.060 D/PhoneApp(  719): - state: DISCONNECTED
01-03 19:56:40.060 D/PhoneApp(  719): - reason: dataDetached
01-03 19:56:40.060 D/PhoneApp(  719): mReceiver: ACTION_ANY_DATA_CONNECTION_STATE_CHANGED
01-03 19:56:40.060 D/PhoneApp(  719): - state: DISCONNECTED
01-03 19:56:40.060 D/PhoneApp(  719): - reason: dataDetached
01-03 19:56:40.060 D/PhoneApp(  719): mReceiver: ACTION_ANY_DATA_CONNECTION_STATE_CHANGED
01-03 19:56:40.060 D/PhoneApp(  719): - state: DISCONNECTED
01-03 19:56:40.060 D/PhoneApp(  719): - reason: dataDetached
01-03 19:56:40.060 D/PhoneApp(  719): mReceiver: ACTION_ANY_DATA_CONNECTION_STATE_CHANGED
01-03 19:56:40.060 D/PhoneApp(  719): - state: DISCONNECTED
01-03 19:56:40.060 D/PhoneApp(  719): - reason: dataDetached
01-03 19:56:40.060 D/PhoneApp(  719): mReceiver: ACTION_ANY_DATA_CONNECTION_STATE_CHANGED
01-03 19:56:40.060 D/PhoneApp(  719): - state: DISCONNECTED
01-03 19:56:40.060 D/PhoneApp(  719): - reason: dataDetached
01-03 19:56:40.060 D/PhoneApp(  719): mReceiver: ACTION_ANY_DATA_CONNECTION_STATE_CHANGED
01-03 19:56:40.060 D/PhoneApp(  719): - state: DISCONNECTED
01-03 19:56:40.060 D/PhoneApp(  719): - reason: dataDetached
01-03 19:56:40.060 D/PhoneApp(  719): mReceiver: ACTION_ANY_DATA_CONNECTION_STATE_CHANGED
01-03 19:56:40.060 D/PhoneApp(  719): - state: DISCONNECTED
01-03 19:56:40.060 D/PhoneApp(  719): - reason: dataDetached
01-03 19:56:40.060 I/PhoneApp(  719): Headset phone created, binding local service.
01-03 19:56:40.070 D/NotificationMgr(  719): hideDataDisconnectedRoaming()...
01-03 19:56:40.070 D/NotificationMgr(  719): hideDataDisconnectedRoaming()...
01-03 19:56:40.070 D/NotificationMgr(  719): hideDataDisconnectedRoaming()...
01-03 19:56:40.070 D/NotificationMgr(  719): hideDataDisconnectedRoaming()...
01-03 19:56:40.070 D/NotificationMgr(  719): hideDataDisconnectedRoaming()...
01-03 19:56:40.070 D/NotificationMgr(  719): hideDataDisconnectedRoaming()...
01-03 19:56:40.080 D/NotificationMgr(  719): hideDataDisconnectedRoaming()...
01-03 19:56:40.080 D/NotificationMgr(  719): hideDataDisconnectedRoaming()...
01-03 19:56:40.080 D/NotificationMgr(  719): hideDataDisconnectedRoaming()...
01-03 19:56:40.080 D/NotificationMgr(  719): hideDataDisconnectedRoaming()...
01-03 19:56:40.090 W/Searchables(  488): No global search activity found
01-03 19:56:40.100 D/NotificationMgr(  719): hideDataDisconnectedRoaming()...
01-03 19:56:40.100 D/NotificationMgr(  719): hideDataDisconnectedRoaming()...
01-03 19:56:40.100 D/NotificationMgr(  719): hideDataDisconnectedRoaming()...
01-03 19:56:40.100 D/NotificationMgr(  719): hideDataDisconnectedRoaming()...
01-03 19:56:40.100 D/NotificationMgr(  719): hideDataDisconnectedRoaming()...
01-03 19:56:40.120 D/NotificationMgr(  719): hideDataDisconnectedRoaming()...
01-03 19:56:40.120 D/NotificationMgr(  719): hideDataDisconnectedRoaming()...
01-03 19:56:40.120 D/NotificationMgr(  719): hideDataDisconnectedRoaming()...
01-03 19:56:40.120 D/NotificationMgr(  719): hideDataDisconnectedRoaming()...
01-03 19:56:40.120 D/NotificationMgr(  719): hideDataDisconnectedRoaming()...
01-03 19:56:40.120 D/NotificationMgr(  719): hideDataDisconnectedRoaming()...
01-03 19:56:40.130 D/FILD    (  412): OBEX: Core: Received packet with code: 0x3
01-03 19:56:40.130 D/FILD    (  412): OBEX: Core: Received packet with packet length: 0x3e
01-03 19:56:40.130 I/ICEUTIL (  412): WakelockActuate: writing fildLock to /sys/power/wake_lock
01-03 19:56:40.130 D/FILD    (  412): OBEX: Server: Looking callback for opcode: 0x3
01-03 19:56:40.130 D/FILD    (  412): OBEX: Server: Callbacks found
01-03 19:56:40.130 D/FILD    (  412): OBEX: File: GET request
01-03 19:56:40.130 D/FILD    (  412): OBEX: Core: Received header - LENGTH: 0x3b
01-03 19:56:40.130 D/FILD    (  412): OBEX: Core: Received unicode header - ID: 0x1
01-03 19:56:40.130 D/FILD    (  412): OBEX: File: NAME header with filename length: 0x1c
01-03 19:56:40.130 I/FILD    (  412): OBEX: File: HandleFirstGetResponse: stat /data/rfs//data/modem/transaction.log.
01-03 19:56:40.130 W/FILD    (  412): OBEX: ERR: Obj stat failure
01-03 19:56:40.130 D/FILD    (  412): OBEX: File: Reset global state
01-03 19:56:40.130 D/FILD    (  412): OBEX: Server: Operation failed: 0x3
01-03 19:56:40.130 D/FILD    (  412): OBEX: Server: Report error: 0xd0
01-03 19:56:40.130 I/ICEUTIL (  412): WakelockActuate: writing fildLock to /sys/power/wake_unlock
01-03 19:56:40.130 D/NotificationMgr(  719): call log query complete.
01-03 19:56:40.130 D/NotificationMgr(  719): closing call log cursor.
01-03 19:56:40.130 D/FILD    (  412): OBEX: Core: Received packet with code: 0x3
01-03 19:56:40.130 D/FILD    (  412): OBEX: Core: Received packet with packet length: 0x4a
01-03 19:56:40.130 I/ICEUTIL (  412): WakelockActuate: writing fildLock to /sys/power/wake_lock
01-03 19:56:40.130 D/FILD    (  412): OBEX: Server: Looking callback for opcode: 0x3
01-03 19:56:40.130 D/FILD    (  412): OBEX: Server: Callbacks found
01-03 19:56:40.130 D/FILD    (  412): OBEX: File: GET request
01-03 19:56:40.130 D/FILD    (  412): OBEX: Core: Received header - LENGTH: 0x47
01-03 19:56:40.130 D/FILD    (  412): OBEX: Core: Received unicode header - ID: 0x1
01-03 19:56:40.130 D/FILD    (  412): OBEX: File: NAME header with filename length: 0x22
01-03 19:56:40.130 I/FILD    (  412): OBEX: File: HandleFirstGetResponse: stat /data/rfs//data/modem/NRAM2_CB_SETTINGS.bin.
01-03 19:56:40.130 I/FILD    (  412): OBEX: File: HandleFirstGetResponse: opening /data/rfs//data/modem/NRAM2_CB_SETTINGS.bin
01-03 19:56:40.130 I/FILD    (  412): OBEX: File: HandleFirstGetResponse: get /data/rfs//data/modem/NRAM2_CB_SETTINGS.bin size
01-03 19:56:40.130 I/FILD    (  412): OBEX: File: HandleFirstGetResponse: size 68
01-03 19:56:40.130 D/FILD    (  412): OBEX: File: HandleFirstGetResponse: send packet
01-03 19:56:40.130 I/ICEUTIL (  412): WakelockActuate: writing fildLock to /sys/power/wake_unlock
01-03 19:56:40.130 D/FILD    (  412): OBEX: Core: Received packet with code: 0x83
01-03 19:56:40.130 D/FILD    (  412): OBEX: Core: Received packet with packet length: 0x3
01-03 19:56:40.130 I/ICEUTIL (  412): WakelockActuate: writing fildLock to /sys/power/wake_lock
01-03 19:56:40.130 D/FILD    (  412): OBEX: Server: Looking callback for opcode: 0x83
01-03 19:56:40.130 D/FILD    (  412): OBEX: Server: Callbacks found
01-03 19:56:40.130 D/FILD    (  412): OBEX: File: GET_FINAL request
01-03 19:56:40.130 I/FILD    (  412): OBEX: File: HandleGetFile: read in /data/rfs//data/modem/NRAM2_CB_SETTINGS.bin
01-03 19:56:40.140 I/QuickSettingsController(  559): Default tiles being loaded
01-03 19:56:40.140 I/QuickSettingsController(  559): Tiles list: toggleUser|toggleBrightness|toggleSettings|toggleWifi|toggleMobileData|toggleGPS|toggleFlashlight|toggleBattery|toggleAirplane|toggleBluetooth|toggleAutoRotate
01-03 19:56:40.150 D/FILD    (  412): OBEX: File: HandleGetFile: send packet with code 0xa0 and header 0x49
01-03 19:56:40.150 D/FILD    (  412): OBEX: File: Reset global state
01-03 19:56:40.150 I/FILD    (  412): OBEX: File: CloseFile: closing file (/data/rfs//data/modem/NRAM2_CB_SETTINGS.bin)
01-03 19:56:40.150 I/ICEUTIL (  412): WakelockActuate: writing fildLock to /sys/power/wake_unlock
01-03 19:56:40.150 D/FILD    (  412): OBEX: Core: Received packet with code: 0x3
01-03 19:56:40.150 D/FILD    (  412): OBEX: Core: Received packet with packet length: 0x3e
01-03 19:56:40.150 I/ICEUTIL (  412): WakelockActuate: writing fildLock to /sys/power/wake_lock
01-03 19:56:40.150 D/FILD    (  412): OBEX: Server: Looking callback for opcode: 0x3
01-03 19:56:40.150 D/FILD    (  412): OBEX: Server: Callbacks found
01-03 19:56:40.150 D/FILD    (  412): OBEX: File: GET request
01-03 19:56:40.150 D/FILD    (  412): OBEX: Core: Received header - LENGTH: 0x3b
01-03 19:56:40.150 D/FILD    (  412): OBEX: Core: Received unicode header - ID: 0x1
01-03 19:56:40.150 D/FILD    (  412): OBEX: File: NAME header with filename length: 0x1c
01-03 19:56:40.150 I/FILD    (  412): OBEX: File: HandleFirstGetResponse: stat /data/rfs//data/modem/transaction.log.
01-03 19:56:40.150 W/FILD    (  412): OBEX: ERR: Obj stat failure
01-03 19:56:40.150 D/FILD    (  412): OBEX: File: Reset global state
01-03 19:56:40.150 D/FILD    (  412): OBEX: Server: Operation failed: 0x3
01-03 19:56:40.150 D/FILD    (  412): OBEX: Server: Report error: 0xd0
01-03 19:56:40.150 I/ICEUTIL (  412): WakelockActuate: writing fildLock to /sys/power/wake_unlock
01-03 19:56:40.150 D/FILD    (  412): OBEX: Core: Received packet with code: 0x3
01-03 19:56:40.150 D/FILD    (  412): OBEX: Core: Received packet with packet length: 0x52
01-03 19:56:40.150 I/ICEUTIL (  412): WakelockActuate: writing fildLock to /sys/power/wake_lock
01-03 19:56:40.150 D/FILD    (  412): OBEX: Server: Looking callback for opcode: 0x3
01-03 19:56:40.150 D/FILD    (  412): OBEX: Server: Callbacks found
01-03 19:56:40.150 D/FILD    (  412): OBEX: File: GET request
01-03 19:56:40.150 D/FILD    (  412): OBEX: Core: Received header - LENGTH: 0x4f
01-03 19:56:40.150 D/FILD    (  412): OBEX: Core: Received unicode header - ID: 0x1
01-03 19:56:40.150 D/FILD    (  412): OBEX: File: NAME header with filename length: 0x26
01-03 19:56:40.150 I/FILD    (  412): OBEX: File: HandleFirstGetResponse: stat /data/rfs//data/modem/NRAM2_CB_PWS_MCC_LIST.bin.
01-03 19:56:40.150 W/FILD    (  412): OBEX: ERR: Obj stat failure
01-03 19:56:40.150 D/FILD    (  412): OBEX: File: Reset global state
01-03 19:56:40.150 D/FILD    (  412): OBEX: Server: Operation failed: 0x3
01-03 19:56:40.150 D/FILD    (  412): OBEX: Server: Report error: 0xd0
01-03 19:56:40.150 I/ICEUTIL (  412): WakelockActuate: writing fildLock to /sys/power/wake_unlock
01-03 19:56:40.150 D/FILD    (  412): OBEX: Core: Received packet with code: 0x3
01-03 19:56:40.150 D/FILD    (  412): OBEX: Core: Received packet with packet length: 0x3e
01-03 19:56:40.150 I/ICEUTIL (  412): WakelockActuate: writing fildLock to /sys/power/wake_lock
01-03 19:56:40.150 D/FILD    (  412): OBEX: Server: Looking callback for opcode: 0x3
01-03 19:56:40.150 D/FILD    (  412): OBEX: Server: Callbacks found
01-03 19:56:40.150 D/FILD    (  412): OBEX: File: GET request
01-03 19:56:40.150 D/FILD    (  412): OBEX: Core: Received header - LENGTH: 0x3b
01-03 19:56:40.150 D/FILD    (  412): OBEX: Core: Received unicode header - ID: 0x1
01-03 19:56:40.150 D/FILD    (  412): OBEX: File: NAME header with filename length: 0x1c
01-03 19:56:40.150 I/FILD    (  412): OBEX: File: HandleFirstGetResponse: stat /data/rfs//data/modem/transaction.log.
01-03 19:56:40.160 W/FILD    (  412): OBEX: ERR: Obj stat failure
01-03 19:56:40.160 D/FILD    (  412): OBEX: File: Reset global state
01-03 19:56:40.160 D/FILD    (  412): OBEX: Server: Operation failed: 0x3
01-03 19:56:40.160 D/FILD    (  412): OBEX: Server: Report error: 0xd0
01-03 19:56:40.160 I/ICEUTIL (  412): WakelockActuate: writing fildLock to /sys/power/wake_unlock
01-03 19:56:40.160 D/FILD    (  412): OBEX: Core: Received packet with code: 0x3
01-03 19:56:40.160 D/FILD    (  412): OBEX: Core: Received packet with packet length: 0x70
01-03 19:56:40.160 I/ICEUTIL (  412): WakelockActuate: writing fildLock to /sys/power/wake_lock
01-03 19:56:40.160 D/FILD    (  412): OBEX: Server: Looking callback for opcode: 0x3
01-03 19:56:40.160 D/FILD    (  412): OBEX: Server: Callbacks found
01-03 19:56:40.160 D/FILD    (  412): OBEX: File: GET request
01-03 19:56:40.160 D/FILD    (  412): OBEX: Core: Received header - LENGTH: 0x6d
01-03 19:56:40.160 D/FILD    (  412): OBEX: Core: Received unicode header - ID: 0x1
01-03 19:56:40.160 D/FILD    (  412): OBEX: File: NAME header with filename length: 0x35
01-03 19:56:40.160 I/FILD    (  412): OBEX: File: HandleFirstGetResponse: stat /data/rfs//data/modem/NRAM2_CB_ETWS_PLMNS_WITHOUT_SECURITY.bin.
01-03 19:56:40.160 W/FILD    (  412): OBEX: ERR: Obj stat failure
01-03 19:56:40.160 D/FILD    (  412): OBEX: File: Reset global state
01-03 19:56:40.160 D/FILD    (  412): OBEX: Server: Operation failed: 0x3
01-03 19:56:40.160 D/FILD    (  412): OBEX: Server: Report error: 0xd0
01-03 19:56:40.160 I/ICEUTIL (  412): WakelockActuate: writing fildLock to /sys/power/wake_unlock
01-03 19:56:40.160 D/NotificationMgr(  719): updateNetworkSelection()...state = 1 new network 
01-03 19:56:40.160 D/FILD    (  412): OBEX: Core: Received packet with code: 0x3
01-03 19:56:40.160 D/FILD    (  412): OBEX: Core: Received packet with packet length: 0x3e
01-03 19:56:40.160 I/ICEUTIL (  412): WakelockActuate: writing fildLock to /sys/power/wake_lock
01-03 19:56:40.160 D/FILD    (  412): OBEX: Server: Looking callback for opcode: 0x3
01-03 19:56:40.160 D/FILD    (  412): OBEX: Server: Callbacks found
01-03 19:56:40.160 D/FILD    (  412): OBEX: File: GET request
01-03 19:56:40.160 D/FILD    (  412): OBEX: Core: Received header - LENGTH: 0x3b
01-03 19:56:40.160 D/FILD    (  412): OBEX: Core: Received unicode header - ID: 0x1
01-03 19:56:40.160 D/FILD    (  412): OBEX: File: NAME header with filename length: 0x1c
01-03 19:56:40.160 I/FILD    (  412): OBEX: File: HandleFirstGetResponse: stat /data/rfs//data/modem/transaction.log.
01-03 19:56:40.160 W/FILD    (  412): OBEX: ERR: Obj stat failure
01-03 19:56:40.160 D/FILD    (  412): OBEX: File: Reset global state
01-03 19:56:40.160 D/FILD    (  412): OBEX: Server: Operation failed: 0x3
01-03 19:56:40.160 D/FILD    (  412): OBEX: Server: Report error: 0xd0
01-03 19:56:40.160 I/ICEUTIL (  412): WakelockActuate: writing fildLock to /sys/power/wake_unlock
01-03 19:56:40.160 D/FILD    (  412): OBEX: Core: Received packet with code: 0x3
01-03 19:56:40.160 D/FILD    (  412): OBEX: Core: Received packet with packet length: 0x3e
01-03 19:56:40.160 I/ICEUTIL (  412): WakelockActuate: writing fildLock to /sys/power/wake_lock
01-03 19:56:40.160 D/FILD    (  412): OBEX: Server: Looking callback for opcode: 0x3
01-03 19:56:40.160 D/FILD    (  412): OBEX: Server: Callbacks found
01-03 19:56:40.160 D/FILD    (  412): OBEX: File: GET request
01-03 19:56:40.160 D/FILD    (  412): OBEX: Core: Received header - LENGTH: 0x3b
01-03 19:56:40.160 D/FILD    (  412): OBEX: Core: Received unicode header - ID: 0x1
01-03 19:56:40.160 D/FILD    (  412): OBEX: File: NAME header with filename length: 0x1c
01-03 19:56:40.160 I/FILD    (  412): OBEX: File: HandleFirstGetResponse: stat /data/rfs//data/modem/transaction.log.
01-03 19:56:40.160 W/FILD    (  412): OBEX: ERR: Obj stat failure
01-03 19:56:40.160 D/FILD    (  412): OBEX: File: Reset global state
01-03 19:56:40.160 D/FILD    (  412): OBEX: Server: Operation failed: 0x3
01-03 19:56:40.160 D/FILD    (  412): OBEX: Server: Report error: 0xd0
01-03 19:56:40.160 I/ICEUTIL (  412): WakelockActuate: writing fildLock to /sys/power/wake_unlock
01-03 19:56:40.170 D/FILD    (  412): OBEX: Core: Received packet with code: 0x82
01-03 19:56:40.170 D/FILD    (  412): OBEX: Core: Received packet with packet length: 0x41
01-03 19:56:40.170 I/ICEUTIL (  412): WakelockActuate: writing fildLock to /sys/power/wake_lock
01-03 19:56:40.170 D/FILD    (  412): OBEX: Server: Looking callback for opcode: 0x82
01-03 19:56:40.170 D/FILD    (  412): OBEX: Server: Callbacks found
01-03 19:56:40.170 D/FILD    (  412): OBEX: File: PUT_FINAL request
01-03 19:56:40.170 D/FILD    (  412): OBEX: Core: Received header - LENGTH: 0x3b
01-03 19:56:40.170 D/FILD    (  412): OBEX: Core: Received unicode header - ID: 0x1
01-03 19:56:40.170 D/FILD    (  412): OBEX: File: NAME header with filename length: 0x1c
01-03 19:56:40.170 D/FILD    (  412): OBEX: Core: Received header - LENGTH: 0x3
01-03 19:56:40.170 D/FILD    (  412): OBEX: Core: Received byte-sequence header - ID: 0x49
01-03 19:56:40.170 I/FILD    (  412): OBEX: File: HandleBodyEndOfBodyHeaders: opening /data/rfs//data/modem/transaction.log for creating.
01-03 19:56:40.170 D/FILD    (  412): OBEX: File: END_OF_BODY header with content length: 0x0
01-03 19:56:40.170 I/FILD    (  412): OBEX: File: CloseFile: closing file (/data/rfs//data/modem/transaction.log)
01-03 19:56:40.170 D/FILD    (  412): OBEX: File: HandlePutRequest: send OBEX_RESP_OK_FBS
01-03 19:56:40.170 I/ICEUTIL (  412): WakelockActuate: writing fildLock to /sys/power/wake_unlock
01-03 19:56:40.170 D/FILD    (  412): OBEX: Core: Received packet with code: 0x2
01-03 19:56:40.170 D/FILD    (  412): OBEX: Core: Received packet with packet length: 0x3e
01-03 19:56:40.170 I/ICEUTIL (  412): WakelockActuate: writing fildLock to /sys/power/wake_lock
01-03 19:56:40.170 D/FILD    (  412): OBEX: Server: Looking callback for opcode: 0x2
01-03 19:56:40.170 D/FILD    (  412): OBEX: Server: Callbacks found
01-03 19:56:40.170 D/FILD    (  412): OBEX: File: PUT request
01-03 19:56:40.170 D/FILD    (  412): OBEX: Core: Received header - LENGTH: 0x3b
01-03 19:56:40.170 D/FILD    (  412): OBEX: Core: Received unicode header - ID: 0x1
01-03 19:56:40.170 D/FILD    (  412): OBEX: File: NAME header with filename length: 0x1c
01-03 19:56:40.170 D/FILD    (  412): OBEX: File: HandlePutRequest: send OBEX_RESP_CONT_FBS
01-03 19:56:40.170 I/ICEUTIL (  412): WakelockActuate: writing fildLock to /sys/power/wake_unlock
01-03 19:56:40.170 D/FILD    (  412): OBEX: Core: Received packet with code: 0x82
01-03 19:56:40.170 D/FILD    (  412): OBEX: Core: Received packet with packet length: 0xcc
01-03 19:56:40.170 I/ICEUTIL (  412): WakelockActuate: writing fildLock to /sys/power/wake_lock
01-03 19:56:40.170 D/FILD    (  412): OBEX: Server: Looking callback for opcode: 0x82
01-03 19:56:40.170 D/FILD    (  412): OBEX: Server: Callbacks found
01-03 19:56:40.170 D/FILD    (  412): OBEX: File: PUT_FINAL request
01-03 19:56:40.170 D/FILD    (  412): OBEX: Core: Received header - LENGTH: 0xc9
01-03 19:56:40.170 D/FILD    (  412): OBEX: Core: Received byte-sequence header - ID: 0x49
01-03 19:56:40.170 I/FILD    (  412): OBEX: File: HandleBodyEndOfBodyHeaders: opening /data/rfs//data/modem/transaction.log for creating.
01-03 19:56:40.170 I/FILD    (  412): OBEX: File: HandleBodyEndOfBodyHeaders: write in /data/rfs//data/modem/transaction.log
01-03 19:56:40.170 D/FILD    (  412): OBEX: File: END_OF_BODY header with content length: 0xc6
01-03 19:56:40.170 I/FILD    (  412): OBEX: File: CloseFile: closing file (/data/rfs//data/modem/transaction.log)
01-03 19:56:40.170 D/FILD    (  412): OBEX: File: HandlePutRequest: send OBEX_RESP_OK_FBS
01-03 19:56:40.170 I/ICEUTIL (  412): WakelockActuate: writing fildLock to /sys/power/wake_unlock
01-03 19:56:40.170 D/FILD    (  412): OBEX: Core: Received packet with code: 0x2
01-03 19:56:40.170 D/FILD    (  412): OBEX: Core: Received packet with packet length: 0x4a
01-03 19:56:40.170 I/ICEUTIL (  412): WakelockActuate: writing fildLock to /sys/power/wake_lock
01-03 19:56:40.170 D/FILD    (  412): OBEX: Server: Looking callback for opcode: 0x2
01-03 19:56:40.170 D/FILD    (  412): OBEX: Server: Callbacks found
01-03 19:56:40.170 D/FILD    (  412): OBEX: File: PUT request
01-03 19:56:40.170 D/FILD    (  412): OBEX: Core: Received header - LENGTH: 0x47
01-03 19:56:40.170 D/FILD    (  412): OBEX: Core: Received unicode header - ID: 0x1
01-03 19:56:40.170 D/FILD    (  412): OBEX: File: NAME header with filename length: 0x22
01-03 19:56:40.170 D/FILD    (  412): OBEX: File: HandlePutRequest: send OBEX_RESP_CONT_FBS
01-03 19:56:40.170 I/ICEUTIL (  412): WakelockActuate: writing fildLock to /sys/power/wake_unlock
01-03 19:56:40.170 D/FILD    (  412): OBEX: Core: Received packet with code: 0x82
01-03 19:56:40.170 D/FILD    (  412): OBEX: Core: Received packet with packet length: 0x4a
01-03 19:56:40.170 I/ICEUTIL (  412): WakelockActuate: writing fildLock to /sys/power/wake_lock
01-03 19:56:40.170 D/FILD    (  412): OBEX: Server: Looking callback for opcode: 0x82
01-03 19:56:40.170 D/FILD    (  412): OBEX: Server: Callbacks found
01-03 19:56:40.170 D/FILD    (  412): OBEX: File: PUT_FINAL request
01-03 19:56:40.170 D/FILD    (  412): OBEX: Core: Received header - LENGTH: 0x47
01-03 19:56:40.170 D/FILD    (  412): OBEX: Core: Received byte-sequence header - ID: 0x49
01-03 19:56:40.170 I/FILD    (  412): OBEX: File: HandleBodyEndOfBodyHeaders: opening /data/rfs//data/modem/NRAM2_CB_SETTINGS.bin for creating.
01-03 19:56:40.170 I/FILD    (  412): OBEX: File: HandleBodyEndOfBodyHeaders: write in /data/rfs//data/modem/NRAM2_CB_SETTINGS.bin
01-03 19:56:40.170 D/FILD    (  412): OBEX: File: END_OF_BODY header with content length: 0x44
01-03 19:56:40.170 I/FILD    (  412): OBEX: File: CloseFile: closing file (/data/rfs//data/modem/NRAM2_CB_SETTINGS.bin)
01-03 19:56:40.170 D/FILD    (  412): OBEX: File: HandlePutRequest: send OBEX_RESP_OK_FBS
01-03 19:56:40.170 I/ICEUTIL (  412): WakelockActuate: writing fildLock to /sys/power/wake_unlock
01-03 19:56:40.170 D/FILD    (  412): OBEX: Core: Received packet with code: 0x82
01-03 19:56:40.170 D/FILD    (  412): OBEX: Core: Received packet with packet length: 0x3e
01-03 19:56:40.170 I/ICEUTIL (  412): WakelockActuate: writing fildLock to /sys/power/wake_lock
01-03 19:56:40.170 D/FILD    (  412): OBEX: Server: Looking callback for opcode: 0x82
01-03 19:56:40.170 D/FILD    (  412): OBEX: Server: Callbacks found
01-03 19:56:40.170 D/FILD    (  412): OBEX: File: PUT_FINAL request
01-03 19:56:40.170 D/FILD    (  412): OBEX: Core: Received header - LENGTH: 0x3b
01-03 19:56:40.170 D/FILD    (  412): OBEX: Core: Received unicode header - ID: 0x1
01-03 19:56:40.170 D/FILD    (  412): OBEX: File: NAME header with filename length: 0x1c
01-03 19:56:40.170 I/FILD    (  412): OBEX: File: HandlePutRequest: removing /data/rfs//data/modem/transaction.log
01-03 19:56:40.170 D/FILD    (  412): OBEX: File: HandlePutRequest: send OBEX_RESP_OK_FBS
01-03 19:56:40.170 I/ICEUTIL (  412): WakelockActuate: writing fildLock to /sys/power/wake_unlock
01-03 19:56:40.170 D/Vold    (  120): blkid identified as /dev/block/vold/179:49: UUID="3833-6EC4" TYPE="vfat" 
01-03 19:56:40.180 D/Vold    (  120): Volume sdcard1 state changing 3 (Checking) -> 4 (Mounted)
01-03 19:56:40.180 D/MountService(  488): volume state changed for /storage/sdcard1 (checking -> mounted)
01-03 19:56:40.180 E/VoldConnector(  488): NDC Command {3 volume mount /storage/sdcard1} took too long (2669ms)
01-03 19:56:40.180 W/MountService(  488): Duplicate state transition (mounted -> mounted) for /storage/emulated/0
01-03 19:56:40.190 D/MountService(  488): sendStorageIntent Intent { act=android.intent.action.MEDIA_MOUNTED dat=file:///storage/sdcard1 (has extras) } to UserHandle{-1}
01-03 19:56:40.300 D/Launcher.Model(  756): 11683562 - loadWorkspaceScreensDb()
01-03 19:56:40.300 D/Launcher.Model(  756): 11683562 -   screens: { 0: 1 }, { 1: 2 }
01-03 19:56:40.300 D/Launcher.Model(  756): 11683562 -   sBgWorkspaceScreens: 1, 2
01-03 19:56:40.360 D/BluetoothManagerService(  488): Message: 20
01-03 19:56:40.360 D/BluetoothManagerService(  488): Added callback: android.bluetooth.IBluetoothManagerCallback$Stub$Proxy@420dabb0:true
01-03 19:56:40.380 D/BluetoothAdapter(  889): 1104375608: getState() :  mService = null. Returning STATE_OFF
01-03 19:56:40.380 D/BluetoothManagerService(  488): Message: 30
01-03 19:56:40.380 W/ContextImpl(  889): Calling a method in the system process without a qualified user: android.app.ContextImpl.bindService:1607 android.content.ContextWrapper.bindService:517 android.bluetooth.BluetoothInputDevice.doBind:256 android.bluetooth.BluetoothInputDevice.<init>:249 android.bluetooth.BluetoothAdapter.getProfileProxy:1375 
01-03 19:56:40.380 D/BluetoothManagerService(  488): Message: 30
01-03 19:56:40.380 D/LocalBluetoothProfileManager(  889): Adding local MAP profile
01-03 19:56:40.380 D/BluetoothMap(  889): Create BluetoothMap proxy object
01-03 19:56:40.380 D/BluetoothManagerService(  488): Message: 30
01-03 19:56:40.380 W/ContextImpl(  889): Calling a method in the system process without a qualified user: android.app.ContextImpl.bindService:1607 android.content.ContextWrapper.bindService:517 android.bluetooth.BluetoothPan.doBind:148 android.bluetooth.BluetoothPan.<init>:141 android.bluetooth.BluetoothAdapter.getProfileProxy:1378 
01-03 19:56:40.380 W/ContextImpl(  889): Calling a method in the system process without a qualified user: android.app.ContextImpl.bindService:1607 android.content.ContextWrapper.bindService:517 android.bluetooth.BluetoothMap.doBind:109 android.bluetooth.BluetoothMap.<init>:102 android.bluetooth.BluetoothAdapter.getProfileProxy:1390 
01-03 19:56:40.400 D/BluetoothManagerService(  488): Message: 30
01-03 19:56:40.400 D/LocalBluetoothProfileManager(  889): LocalBluetoothProfileManager construction complete
01-03 19:56:40.400 D/BluetoothAdapter(  889): 1104375608: getState() :  mService = null. Returning STATE_OFF
01-03 19:56:40.400 D/BluetoothAdapter(  889): 1104375608: getState() :  mService = null. Returning STATE_OFF
01-03 19:56:40.400 W/ContextImpl(  889): Calling a method in the system process without a qualified user: android.app.ContextImpl.bindService:1607 android.content.ContextWrapper.bindService:517 android.bluetooth.BluetoothPbap.doBind:164 android.bluetooth.BluetoothPbap.<init>:157 com.android.settings.bluetooth.PbapServerProfile.<init>:68 
01-03 19:56:40.470 D/Tethering(  488): exception when get active network info:java.lang.NullPointerException
01-03 19:56:40.490 D/Tethering(  488): exception when get active network info:java.lang.NullPointerException
01-03 19:56:40.510 E/MediaFocusControl(  488): Error updating focussed RCC to RCD 
01-03 19:56:40.510 E/MediaFocusControl(  488): java.util.EmptyStackException
01-03 19:56:40.510 E/MediaFocusControl(  488): 	at java.util.Stack.peek(Stack.java:57)
01-03 19:56:40.510 E/MediaFocusControl(  488): 	at android.media.MediaFocusControl.registerRemoteControlDisplay_int(MediaFocusControl.java:2182)
01-03 19:56:40.510 E/MediaFocusControl(  488): 	at android.media.MediaFocusControl.registerRemoteController(MediaFocusControl.java:217)
01-03 19:56:40.510 E/MediaFocusControl(  488): 	at android.media.AudioService.registerRemoteController(AudioService.java:4538)
01-03 19:56:40.510 E/MediaFocusControl(  488): 	at android.media.IAudioService$Stub.onTransact(IAudioService.java:614)
01-03 19:56:40.510 E/MediaFocusControl(  488): 	at android.os.Binder.execTransact(Binder.java:404)
01-03 19:56:40.510 E/MediaFocusControl(  488): 	at dalvik.system.NativeStart.run(Native Method)
01-03 19:56:40.510 I/Choreographer(  756): Skipped 34 frames!  The application may be doing too much work on its main thread.
01-03 19:56:40.550 D/Tethering(  488): exception when get active network info:java.lang.NullPointerException
01-03 19:56:40.560 V/Zygote  (  931): Switching descriptor 33 to /dev/null
01-03 19:56:40.560 V/Zygote  (  931): Switching descriptor 10 to /dev/null
01-03 19:56:40.570 D/libEGL  (  756): loaded /system/lib/egl/libEGL_tegra.so
01-03 19:56:40.570 E/        (  756): file /data/data/com.nvidia.NvCPLSvc/files/driverlist.txt: not found!
01-03 19:56:40.570 I/        (  756): Attempting to load EGL implementation /system/lib//egl/libEGL_tegra_impl
01-03 19:56:40.570 I/ActivityManager(  488): Start proc com.android.externalstorage for broadcast com.android.externalstorage/.MountReceiver: pid=931 uid=10008 gids={50008, 1028, 1015, 1023}
01-03 19:56:40.580 I/        (  756): Loaded EGL implementation /system/lib//egl/libEGL_tegra_impl
01-03 19:56:40.580 D/libEGL  (  756): loaded /system/lib/egl/libGLESv1_CM_tegra.so
01-03 19:56:40.580 D/libEGL  (  756): loaded /system/lib/egl/libGLESv2_tegra.so
01-03 19:56:40.600 D/PhoneStatusBar(  559): disable: < expand icons alerts ticker system_info BACK* HOME* RECENT* clock SEARCH* >
01-03 19:56:40.620 D/ActivityThread(  931): handleBindApplication:com.android.externalstorage
01-03 19:56:40.620 D/ActivityThread(  931): setTargetHeapUtilization:0.75
01-03 19:56:40.620 D/ActivityThread(  931): setTargetHeapMinFree:2097152
01-03 19:56:40.650 I/        (  756): Loading GLESv2 implementation /system/lib//egl/libGLESv2_tegra_impl
01-03 19:56:40.670 D/OpenGLRenderer(  756): Enabling debug mode 0
01-03 19:56:40.720 D/ExternalStorage(  931): After updating volumes, found 2 active roots
01-03 19:56:40.730 D/ExternalStorage(  931): After updating volumes, found 2 active roots
01-03 19:56:40.750 D/MediaScannerReceiver(  791): action: android.intent.action.MEDIA_MOUNTED path: /storage/sdcard1
01-03 19:56:40.810 D/Launcher(  756): 11683562 - bindAddScreens()
01-03 19:56:40.810 D/Launcher(  756): 11683562 -   orderedScreenIds: 1, 2
01-03 19:56:40.810 D/Launcher.Workspace(  756): 11683562 - insertNewWorkspaceScreen(): 1 at index: 0
01-03 19:56:40.810 I/ActivityManager(  488): Displayed com.cyanogenmod.trebuchet/org.cyanogenmod.trebuchet.CustomHomeLauncher: +2s335ms
01-03 19:56:40.810 I/Timeline(  488): Timeline: Activity_windows_visible id: ActivityRecord{41e85ab8 u0 com.cyanogenmod.trebuchet/org.cyanogenmod.trebuchet.CustomHomeLauncher t1} time:25539
01-03 19:56:40.830 D/Launcher.Workspace(  756): 11683562 - insertNewWorkspaceScreen(): 2 at index: 1
01-03 19:56:41.040 D/BluetoothAdapter(  559): 1111131256: getState() :  mService = null. Returning STATE_OFF
01-03 19:56:41.040 D/BluetoothAdapter(  559): 1111131256: getState() :  mService = null. Returning STATE_OFF
01-03 19:56:41.050 D/PhoneStatusBar(  559): heads up is disabled
01-03 19:56:41.140 I/ContactLocale(  831): AddressBook Labels [zh_CN]: [, A, B, C, D, E, F, G, H, I, J, K, L, M, N, O, P, Q, R, S, T, U, V, W, X, Y, Z, , , , , , , , , , , , , , , , , , , , , , , , , , , , , , , , , , , , , , , , , , , , , , , , , , , , , , , , , , , , , , , , , , , , , , , , , , , , , , , , , , , , , , , , , , , , , , , , , , , , , , , , , , , , , , , , , , , , , , , , , , , , , , , , , , , , , , , , , , , , , , , , , , , , , , , , , , , , #, ]
01-03 19:56:41.480 I/Timeline(  756): Timeline: Activity_idle id: android.os.BinderProxy@41d1d2c8 time:26204
01-03 19:56:41.530 W/ContextImpl(  488): Calling a method in the system process without a qualified user: android.app.ContextImpl.sendStickyBroadcast:1345 com.android.internal.policy.impl.keyguard.KeyguardServiceDelegate.sendStateChangeBroadcast:126 com.android.internal.policy.impl.keyguard.KeyguardServiceDelegate.onBootCompleted:337 com.android.internal.policy.impl.PhoneWindowManager.systemBooted:5685 com.android.server.wm.WindowManagerService.enableScreenAfterBoot:5402 
01-03 19:56:41.630 I/BootReceiver(  889): CPU restore disabled by user preference.
01-03 19:56:41.630 I/BootReceiver(  889): IOSched restore disabled by user preference.
01-03 19:56:41.630 D/CallerInfoCache(  719): Caching entries are done. Total: 0
01-03 19:56:42.140 V/RenderScript(  756): 0x5f3afad0 Launching thread(s), CPUs 4
01-03 19:56:42.200 I/Timeline(  488): Timeline: Activity_windows_visible id: ActivityRecord{41e85ab8 u0 com.cyanogenmod.trebuchet/org.cyanogenmod.trebuchet.CustomHomeLauncher t1} time:26922
01-03 19:56:42.430 D/KeyguardUpdateMonitor(  559): ACTION_SIM_STATE_CHANGED intent received on sub = 0
01-03 19:56:42.440 D/KeyguardUpdateMonitor(  559): Received SPN update on sub :0
01-03 19:56:42.440 I/Choreographer(  559): Skipped 118 frames!  The application may be doing too much work on its main thread.
01-03 19:56:42.440 V/KeyguardTouchDelegate(  559): Connected to keyguard
01-03 19:56:42.550 W/WindowManager(  488): Window freeze timeout expired.
01-03 19:56:42.550 W/WindowManager(  488): Force clearing orientation change: Window{42066cc0 u0 Keyguard}
01-03 19:56:42.970 I/Choreographer(  756): Skipped 46 frames!  The application may be doing too much work on its main thread.
01-03 19:56:43.350 D/KeyguardUpdateMonitor(  559): Received SPN update on sub :0
01-03 19:56:43.350 D/StatusBar.NetworkController(  559): In updateSimIcon simState= UNKNOWN
01-03 19:56:43.360 D/Launcher.Workspace(  756): 11683562 - stripEmptyScreens()
01-03 19:56:43.410 D/StatusBar.NetworkController(  559): In updateSimIcon simState= ABSENT
01-03 19:56:43.430 D/KeyguardUpdateMonitor(  559): ACTION_SIM_STATE_CHANGED intent received on sub = 0
01-03 19:56:43.440 D/Tethering(  488): exception when get active network info:java.lang.NullPointerException
01-03 19:56:43.480 D/PhoneStatusBarPolicy(  559): updateSimState for subscription :0
01-03 19:56:43.600 E/MediaFocusControl(  488): Error updating focussed RCC to RCD 
01-03 19:56:43.600 E/MediaFocusControl(  488): java.util.EmptyStackException
01-03 19:56:43.600 E/MediaFocusControl(  488): 	at java.util.Stack.peek(Stack.java:57)
01-03 19:56:43.600 E/MediaFocusControl(  488): 	at android.media.MediaFocusControl.registerRemoteControlDisplay_int(MediaFocusControl.java:2182)
01-03 19:56:43.600 E/MediaFocusControl(  488): 	at android.media.MediaFocusControl.registerRemoteControlDisplay(MediaFocusControl.java:230)
01-03 19:56:43.600 E/MediaFocusControl(  488): 	at android.media.AudioService.registerRemoteControlDisplay(AudioService.java:4542)
01-03 19:56:43.600 E/MediaFocusControl(  488): 	at android.media.IAudioService$Stub.onTransact(IAudioService.java:593)
01-03 19:56:43.600 E/MediaFocusControl(  488): 	at android.os.Binder.execTransact(Binder.java:404)
01-03 19:56:43.600 E/MediaFocusControl(  488): 	at dalvik.system.NativeStart.run(Native Method)
01-03 19:56:44.060 V/Zygote  ( 1028): Switching descriptor 33 to /dev/null
01-03 19:56:44.060 V/Zygote  ( 1028): Switching descriptor 10 to /dev/null
01-03 19:56:44.070 I/ActivityManager(  488): Start proc com.android.deskclock for broadcast com.android.deskclock/.AlarmInitReceiver: pid=1028 uid=10031 gids={50031, 1028, 3003}
01-03 19:56:44.080 D/KeyguardUpdateMonitor(  559): handleSimStateChange: intentValue = UNKNOWN state resolved to UNKNOWN subscription =0
01-03 19:56:44.080 I/Choreographer(  559): Skipped 81 frames!  The application may be doing too much work on its main thread.
01-03 19:56:44.110 D/ActivityThread( 1028): handleBindApplication:com.android.deskclock
01-03 19:56:44.110 D/ActivityThread( 1028): setTargetHeapUtilization:0.75
01-03 19:56:44.110 D/ActivityThread( 1028): setTargetHeapMinFree:2097152
01-03 19:56:44.160 W/MediaScanner(  791): Error opening directory '/storage/usbdisk/', skipping: Permission denied.
01-03 19:56:44.200 V/AlarmClock( 1028): AlarmInitReceiver android.intent.action.BOOT_COMPLETED
01-03 19:56:44.240 V/RenderScript(  559): 0x5e04d870 Launching thread(s), CPUs 4
01-03 19:56:44.240 V/AlarmClock( 1028): AlarmInitReceiver - Reset timers and clear stopwatch data
01-03 19:56:44.260 I/SurfaceFlinger(  126): Boot is finished (22091 ms)
01-03 19:56:44.270 D/KeyguardUpdateMonitor(  559): handleSimStateChange: intentValue = ABSENT state resolved to ABSENT subscription =0
01-03 19:56:44.300 I/AlarmClock( 1028): Displaying next alarm time: ''
01-03 19:56:44.300 V/AlarmClock( 1028): AlarmInitReceiver finished
01-03 19:56:44.310 V/Zygote  ( 1048): Switching descriptor 33 to /dev/null
01-03 19:56:44.310 V/Zygote  ( 1048): Switching descriptor 10 to /dev/null
01-03 19:56:44.320 I/ActivityManager(  488): Start proc com.android.dialer for broadcast com.android.dialer/.calllog.CallLogReceiver: pid=1048 uid=10006 gids={50006, 3003, 1028, 1015, 1006, 3010, 3012}
01-03 19:56:44.370 D/ActivityThread( 1048): handleBindApplication:com.android.dialer
01-03 19:56:44.370 D/ActivityThread( 1048): setTargetHeapUtilization:0.75
01-03 19:56:44.370 D/ActivityThread( 1048): setTargetHeapMinFree:2097152
01-03 19:56:44.550 V/Zygote  ( 1063): Switching descriptor 33 to /dev/null
01-03 19:56:44.550 V/Zygote  ( 1063): Switching descriptor 10 to /dev/null
01-03 19:56:44.550 I/ActivityManager(  488): Start proc com.android.mms for broadcast com.android.mms/.widget.MmsWidgetProvider: pid=1063 uid=10010 gids={50010, 3003, 1028, 1015}
01-03 19:56:44.560 V/WiredAccessoryManager(  488): init()
01-03 19:56:44.580 D/BluetoothManagerService(  488): Message: 30
01-03 19:56:44.580 W/ContextImpl(  488): Calling a method in the system process without a qualified user: android.app.ContextImpl.bindService:1607 android.bluetooth.BluetoothHeadset.doBind:283 android.bluetooth.BluetoothHeadset.<init>:276 android.bluetooth.BluetoothAdapter.getProfileProxy:1369 android.media.AudioService.getBluetoothHeadset:2364 
01-03 19:56:44.590 D/BluetoothManagerService(  488): Message: 30
01-03 19:56:44.590 W/ContextImpl(  488): Calling a method in the system process without a qualified user: android.app.ContextImpl.bindService:1607 android.bluetooth.BluetoothA2dp.doBind:165 android.bluetooth.BluetoothA2dp.<init>:158 android.bluetooth.BluetoothAdapter.getProfileProxy:1372 android.media.AudioService$AudioServiceBroadcastReceiver.onReceive:4388 
01-03 19:56:44.600 D/ActivityThread( 1063): handleBindApplication:com.android.mms
01-03 19:56:44.600 D/ActivityThread( 1063): setTargetHeapUtilization:0.75
01-03 19:56:44.600 D/ActivityThread( 1063): setTargetHeapMinFree:2097152
01-03 19:56:44.600 D/AwesomePlayer(  129): Before reset_l
01-03 19:56:44.630 I/HeadsetService(  728): Starting service.
01-03 19:56:44.640 D/OMXCodec(  129): Successfully allocated OMX node 'OMX.google.vorbis.decoder'
01-03 19:56:44.640 I/OMXCodec(  129): Codec outputs a different number of channels than the input stream contains (contains 2 channels, codec outputs 1 channels).
01-03 19:56:44.650 I/OMXCodec(  129): Codec outputs at different sampling rate than what the input stream contains (contains data at 48000 Hz, codec outputs 44100 Hz)
01-03 19:56:44.650 I/AwesomePlayer(  129): Could not offload audio decode, try pcm offload (16-bit)
01-03 19:56:44.650 I/OMXCodec(  129): [OMX.google.vorbis.decoder] allocating 4 buffers of size 8192 on input port
01-03 19:56:44.650 I/OMXCodec(  129): [OMX.google.vorbis.decoder] allocated buffer 0x40c584e8 on input port
01-03 19:56:44.650 I/OMXCodec(  129): [OMX.google.vorbis.decoder] allocated buffer 0x40c586b0 on input port
01-03 19:56:44.650 I/OMXCodec(  129): [OMX.google.vorbis.decoder] allocated buffer 0x40ba82c0 on input port
01-03 19:56:44.650 I/OMXCodec(  129): [OMX.google.vorbis.decoder] allocated buffer 0x40c57be0 on input port
01-03 19:56:44.650 I/OMXCodec(  129): [OMX.google.vorbis.decoder] allocating 4 buffers of size 32768 on output port
01-03 19:56:44.650 I/OMXCodec(  129): [OMX.google.vorbis.decoder] allocated buffer 0x40c2c698 on output port
01-03 19:56:44.650 I/OMXCodec(  129): [OMX.google.vorbis.decoder] allocated buffer 0x40c2c8b8 on output port
01-03 19:56:44.650 I/OMXCodec(  129): [OMX.google.vorbis.decoder] allocated buffer 0x40c2c9f8 on output port
01-03 19:56:44.650 I/OMXCodec(  129): [OMX.google.vorbis.decoder] allocated buffer 0x40c2cb20 on output port
01-03 19:56:44.650 D/AudioPlayer(  129): start of Playback, useOffload 0
01-03 19:56:44.650 V/Zygote  ( 1087): Switching descriptor 33 to /dev/null
01-03 19:56:44.660 V/Zygote  ( 1087): Switching descriptor 10 to /dev/null
01-03 19:56:44.660 I/OMXNodeInstance(  129): OMX_FreeBuffer for buffer header 0x40c2c698 successful
01-03 19:56:44.660 I/OMXNodeInstance(  129): OMX_FreeBuffer for buffer header 0x40c2c8b8 successful
01-03 19:56:44.660 I/OMXNodeInstance(  129): OMX_FreeBuffer for buffer header 0x40c2c9f8 successful
01-03 19:56:44.660 I/OMXNodeInstance(  129): OMX_FreeBuffer for buffer header 0x40c2cb20 successful
01-03 19:56:44.660 I/OMXCodec(  129): [OMX.google.vorbis.decoder] allocating 4 buffers of size 32768 on output port
01-03 19:56:44.660 I/OMXCodec(  129): [OMX.google.vorbis.decoder] allocated buffer 0x40c5c920 on output port
01-03 19:56:44.660 I/OMXCodec(  129): [OMX.google.vorbis.decoder] allocated buffer 0x40c2c598 on output port
01-03 19:56:44.660 I/OMXCodec(  129): [OMX.google.vorbis.decoder] allocated buffer 0x40c5ec48 on output port
01-03 19:56:44.660 I/OMXCodec(  129): [OMX.google.vorbis.decoder] allocated buffer 0x40c5ed70 on output port
01-03 19:56:44.660 I/ActivityManager(  488): Start proc com.cyanogenmod.account for broadcast com.cyanogenmod.account/.receiver.BootReceiver: pid=1087 uid=10001 gids={50001, 3003, 1000}
01-03 19:56:44.680 D/AudioPlayer(  129): Pause Playback at 14
01-03 19:56:44.680 D/AudioPlayer(  129): reset: mPlaying=0 mReachedEOS=1 useOffload=0
01-03 19:56:44.680 I/OMXNodeInstance(  129): OMX_FreeBuffer for buffer header 0x40c57be0 successful
01-03 19:56:44.680 I/OMXNodeInstance(  129): OMX_FreeBuffer for buffer header 0x40ba82c0 successful
01-03 19:56:44.680 I/OMXNodeInstance(  129): OMX_FreeBuffer for buffer header 0x40c586b0 successful
01-03 19:56:44.680 I/OMXNodeInstance(  129): OMX_FreeBuffer for buffer header 0x40c584e8 successful
01-03 19:56:44.680 I/OMXNodeInstance(  129): OMX_FreeBuffer for buffer header 0x40c5ed70 successful
01-03 19:56:44.680 I/OMXNodeInstance(  129): OMX_FreeBuffer for buffer header 0x40c5ec48 successful
01-03 19:56:44.680 I/OMXNodeInstance(  129): OMX_FreeBuffer for buffer header 0x40c2c598 successful
01-03 19:56:44.680 I/OMXNodeInstance(  129): OMX_FreeBuffer for buffer header 0x40c5c920 successful
01-03 19:56:44.680 D/PhoneStatusBar(  559): disable: < expand icons alerts ticker system_info BACK HOME RECENT CLOCK* SEARCH >
01-03 19:56:44.710 D/AwesomePlayer(  129): Before reset_l
01-03 19:56:44.710 I/RecoverySystem(  488): Deleted: /cache/recovery/log
01-03 19:56:44.730 D/ActivityThread( 1087): handleBindApplication:com.cyanogenmod.account
01-03 19:56:44.730 D/ActivityThread( 1087): setTargetHeapUtilization:0.75
01-03 19:56:44.730 D/ActivityThread( 1087): setTargetHeapMinFree:2097152
01-03 19:56:44.730 D/OMXCodec(  129): Successfully allocated OMX node 'OMX.google.vorbis.decoder'
01-03 19:56:44.730 I/OMXCodec(  129): Codec outputs at different sampling rate than what the input stream contains (contains data at 48000 Hz, codec outputs 44100 Hz)
01-03 19:56:44.730 I/AwesomePlayer(  129): Could not offload audio decode, try pcm offload (16-bit)
01-03 19:56:44.730 I/OMXCodec(  129): [OMX.google.vorbis.decoder] allocating 4 buffers of size 8192 on input port
01-03 19:56:44.740 I/OMXCodec(  129): [OMX.google.vorbis.decoder] allocated buffer 0x40c55dc0 on input port
