01-03 19:56:34.180 I/FILD    (  412): OBEX: File: HandleBodyEndOfBodyHeaders: opening /data/rfs//data/modem/NRAM2_SIMAT_STK_STATUS.bin for creating.
01-03 19:56:34.180 I/FILD    (  412): OBEX: File: HandleBodyEndOfBodyHeaders: write in /data/rfs//data/modem/NRAM2_SIMAT_STK_STATUS.bin
01-03 19:56:34.180 D/FILD    (  412): OBEX: File: END_OF_BODY header with content length: 0x6
01-03 19:56:34.180 I/FILD    (  412): OBEX: File: CloseFile: closing file (/data/rfs//data/modem/NRAM2_SIMAT_STK_STATUS.bin)
01-03 19:56:34.180 D/FILD    (  412): OBEX: File: HandlePutRequest: send OBEX_RESP_OK_FBS
01-03 19:56:34.180 I/ICEUTIL (  412): WakelockActuate: writing fildLock to /sys/power/wake_unlock
01-03 19:56:34.190 D/FILD    (  412): OBEX: Core: Received packet with code: 0x82
01-03 19:56:34.190 D/FILD    (  412): OBEX: Core: Received packet with packet length: 0x3e
01-03 19:56:34.190 I/ICEUTIL (  412): WakelockActuate: writing fildLock to /sys/power/wake_lock
01-03 19:56:34.190 D/FILD    (  412): OBEX: Server: Looking callback for opcode: 0x82
01-03 19:56:34.190 D/FILD    (  412): OBEX: Server: Callbacks found
01-03 19:56:34.190 D/FILD    (  412): OBEX: File: PUT_FINAL request
01-03 19:56:34.190 D/FILD    (  412): OBEX: Core: Received header - LENGTH: 0x3b
01-03 19:56:34.190 D/FILD    (  412): OBEX: Core: Received unicode header - ID: 0x1
01-03 19:56:34.190 D/FILD    (  412): OBEX: File: NAME header with filename length: 0x1c
01-03 19:56:34.190 I/FILD    (  412): OBEX: File: HandlePutRequest: removing /data/rfs//data/modem/transaction.log
01-03 19:56:34.190 D/FILD    (  412): OBEX: File: HandlePutRequest: send OBEX_RESP_OK_FBS
01-03 19:56:34.190 I/ICEUTIL (  412): WakelockActuate: writing fildLock to /sys/power/wake_unlock
01-03 19:56:34.730 W/PackageParser(  488): Unknown element under <application>: permission at /system/app/Gallery2.apk Binary XML file line #275
01-03 19:56:34.730 W/PackageParser(  488): Unknown element under <application>: permission at /system/app/Gallery2.apk Binary XML file line #278
01-03 19:56:35.310 W/PackageParser(  488): No actions in intent filter at /system/app/Term.apk Binary XML file line #143
01-03 19:56:35.550 D/PackageManager(  488): No files in app dir /vendor/app
01-03 19:56:35.550 W/PackageManager(  488): Package com.android.mms desires unavailable shared library com.qrd.wappush; ignoring!
01-03 19:56:35.550 W/PackageManager(  488): Package com.android.gallery3d desires unavailable shared library com.google.android.media.effects; ignoring!
01-03 19:56:35.560 I/PackageManager(  488): Time to scan packages: 3.957 seconds
01-03 19:56:35.560 W/PackageManager(  488): Not granting permission android.permission.WRITE_MEDIA_STORAGE to package com.android.soundrecorder (protectionLevel=18 flags=0x8be45)
01-03 19:56:35.560 W/PackageManager(  488): Unknown permission com.google.android.c2dm.permission.RECEIVE in package com.cyanogenmod.account
01-03 19:56:35.560 W/PackageManager(  488): Unknown permission com.baidu.permission.QCCLOUD_PROVIDER in package com.android.contacts
01-03 19:56:35.560 W/PackageManager(  488): Unknown permission com.google.android.gallery3d.permission.GALLERY_PROVIDER in package com.android.bluetooth
01-03 19:56:35.560 W/PackageManager(  488): Unknown permission com.google.android.googleapps.permission.GOOGLE_AUTH in package com.android.providers.calendar
01-03 19:56:35.560 W/PackageManager(  488): Unknown permission com.google.android.googleapps.permission.GOOGLE_AUTH.cl in package com.android.providers.calendar
01-03 19:56:35.560 W/PackageManager(  488): Unknown permission com.google.android.googleapps.permission.GOOGLE_AUTH.mail in package com.android.calendar
01-03 19:56:35.560 W/PackageManager(  488): Not granting permission android.permission.ACCESS_DOWNLOAD_MANAGER to package com.android.browser (protectionLevel=18 flags=0x49be45)
01-03 19:56:35.560 W/PackageManager(  488): Not granting permission android.permission.SEND_DOWNLOAD_COMPLETED_INTENTS to package com.android.browser (protectionLevel=2 flags=0x49be45)
01-03 19:56:35.560 W/PackageManager(  488): Unknown permission com.android.launcher.permission.READ_SETTINGS in package com.android.onetimeinitializer
01-03 19:56:35.560 W/PackageManager(  488): Unknown permission com.android.launcher.permission.WRITE_SETTINGS in package com.android.onetimeinitializer
01-03 19:56:35.560 W/PackageManager(  488): Not granting permission android.permission.BIND_WALLPAPER to package com.android.camera2 (protectionLevel=18 flags=0x58bc45)
01-03 19:56:35.560 W/PackageManager(  488): Not granting permission com.android.gallery3d.permission.STORAGE_CHANGE to package com.android.camera2 (protectionLevel=18 flags=0x58bc45)
01-03 19:56:35.560 W/PackageManager(  488): Unknown permission android.permission.INSTALL_DRM in package com.android.mms
01-03 19:56:35.560 W/PackageManager(  488): Unknown permission com.qualcomm.permission.USE_PHONE_SERVICE in package com.android.mms
01-03 19:56:35.560 W/PackageManager(  488): Unknown permission com.cyanogenmod.filemanager.permissions.READ_THEME in package com.cyanogenmod.filemanager
01-03 19:56:35.560 W/PackageManager(  488): Unknown permission android.permission.MMS_PUSH in package org.codeaurora.bluetooth
01-03 19:56:35.560 W/PackageManager(  488): Unknown permission com.google.android.gallery3d.permission.PICASA_STORE in package com.android.dreams.phototable
01-03 19:56:35.560 W/PackageManager(  488): Unknown permission com.google.android.googleapps.permission.GOOGLE_AUTH in package com.android.settings
01-03 19:56:35.570 W/PackageManager(  488): Unknown permission com.android.launcher.permission.READ_SETTINGS in package com.android.settings
01-03 19:56:35.570 W/PackageManager(  488): Unknown permission com.android.launcher.permission.WRITE_SETTINGS in package com.android.settings
01-03 19:56:35.570 W/PackageManager(  488): Unknown permission android.permission.CHANGE_PRIVACY_GUARD_STATE in package com.android.settings
01-03 19:56:35.570 W/PackageManager(  488): Unknown permission com.android.launcher.permission.READ_SETTINGS in package com.cyanogenmod.trebuchet
01-03 19:56:35.570 W/PackageManager(  488): Unknown permission com.android.launcher.permission.WRITE_SETTINGS in package com.cyanogenmod.trebuchet
01-03 19:56:35.570 W/PackageManager(  488): Unknown permission com.google.android.c2dm.permission.RECEIVE in package org.whispersystems.whisperpush
01-03 19:56:35.570 W/PackageManager(  488): Unknown permission com.google.android.googleapps.permission.ACCESS_GOOGLE_PASSWORD in package com.android.development
01-03 19:56:35.570 W/PackageManager(  488): Unknown permission com.google.android.googleapps.permission.GOOGLE_AUTH in package com.android.development
01-03 19:56:35.570 W/PackageManager(  488): Unknown permission com.google.android.googleapps.permission.GOOGLE_AUTH.ALL_SERVICES in package com.android.development
01-03 19:56:35.570 W/PackageManager(  488): Unknown permission com.google.android.googleapps.permission.GOOGLE_AUTH.YouTubeUser in package com.android.development
01-03 19:56:35.570 W/PackageManager(  488): Unknown permission android.permission.CANCEL_NOTIFICATIONS in package org.cyanogenmod.theme.chooser
01-03 19:56:35.570 W/PackageManager(  488): Not granting permission android.permission.DELETE_PACKAGES to package com.svox.pico (protectionLevel=18 flags=0x8be45)
01-03 19:56:35.570 W/PackageManager(  488): Unknown permission com.cyngn.cmstats.SEND_ANALYTICS in package com.android.dialer
01-03 19:56:35.570 W/PackageManager(  488): Not granting permission android.permission.DEVICE_POWER to package com.android.deskclock (protectionLevel=2 flags=0x48be45)
01-03 19:56:35.570 W/PackageManager(  488): Unknown permission com.android.deskclock.worldclock.permissions.WRITE_DATABASE in package com.android.deskclock
01-03 19:56:35.570 W/PackageManager(  488): Unknown permission android.permission.CANCEL_NOTIFICATIONS in package org.cyanogenmod.voiceplus
01-03 19:56:35.580 V/PackageManager(  488): Disabling com.google.android.gsf/com.google.android.gsf.update.SystemUpdateActivity
01-03 19:56:35.580 W/PackageManager(  488): Unable to disable com.google.android.gsf/com.google.android.gsf.update.SystemUpdateActivity
01-03 19:56:35.580 V/PackageManager(  488): Disabling com.google.android.gsf/com.google.android.gsf.update.SystemUpdateService
01-03 19:56:35.580 W/PackageManager(  488): Unable to disable com.google.android.gsf/com.google.android.gsf.update.SystemUpdateService
01-03 19:56:35.580 V/PackageManager(  488): Disabling com.google.android.gsf/com.google.android.gsf.update.SystemUpdateService$Receiver
01-03 19:56:35.580 W/PackageManager(  488): Unable to disable com.google.android.gsf/com.google.android.gsf.update.SystemUpdateService$Receiver
01-03 19:56:35.580 V/PackageManager(  488): Disabling com.google.android.gms/com.google.android.gms.update.SystemUpdateActivity
01-03 19:56:35.580 W/PackageManager(  488): Unable to disable com.google.android.gms/com.google.android.gms.update.SystemUpdateActivity
01-03 19:56:35.580 V/PackageManager(  488): Disabling com.google.android.gms/com.google.android.gms.update.SystemUpdateService
01-03 19:56:35.580 W/PackageManager(  488): Unable to disable com.google.android.gms/com.google.android.gms.update.SystemUpdateService
01-03 19:56:35.580 V/PackageManager(  488): Disabling com.google.android.gms/com.google.android.gms.update.SystemUpdateService$Receiver
01-03 19:56:35.580 W/PackageManager(  488): Unable to disable com.google.android.gms/com.google.android.gms.update.SystemUpdateService$Receiver
01-03 19:56:35.580 V/PackageManager(  488): Disabling com.google.android.gms/com.google.android.gms.update.SystemUpdateService$ActiveReceiver
01-03 19:56:35.580 W/PackageManager(  488): Unable to disable com.google.android.gms/com.google.android.gms.update.SystemUpdateService$ActiveReceiver
01-03 19:56:35.790 I/SystemServer(  488): Entropy Mixer
01-03 19:56:35.790 I/EntropyMixer(  488): Writing entropy...
01-03 19:56:35.800 I/SystemServer(  488): User Service
01-03 19:56:35.800 I/SystemServer(  488): Account Manager
01-03 19:56:35.810 I/SystemServer(  488): Content Manager
01-03 19:56:35.820 I/SystemServer(  488): System Content Providers
01-03 19:56:35.840 I/SystemServer(  488): Lights Service
01-03 19:56:35.840 I/SystemServer(  488): Battery Service
01-03 19:56:35.860 I/SystemServer(  488): Vibrator Service
01-03 19:56:35.870 E/ConsumerIrService(  488): Can't open consumer IR HW Module, error: -2
01-03 19:56:35.870 I/SystemServer(  488): Consumer IR Service
01-03 19:56:35.890 I/libsuspend(  488): Selected early suspend
01-03 19:56:35.890 I/libsuspend(  488): Starting early suspend unblocker thread
01-03 19:56:35.890 D/SurfaceFlinger(  126): Screen acquired, type=0 flinger=0x411c2450
01-03 19:56:35.890 D/SurfaceFlinger(  126):  screen was previously acquired
01-03 19:56:35.890 D/AlarmManagerService(  488): Kernel timezone updated to -480 minutes west of GMT
01-03 19:56:35.890 I/SystemServer(  488): Alarm Manager
01-03 19:56:35.890 I/SystemServer(  488): Init Watchdog
01-03 19:56:35.890 I/SystemServer(  488): Input Manager
01-03 19:56:35.890 I/InputManager(  488): Initializing input manager, mUseDevInputEventForAudioJack=false
01-03 19:56:35.890 I/SystemServer(  488): Window Manager
01-03 19:56:35.900 D/PermissionCache(  126): checking android.permission.ACCESS_SURFACE_FLINGER for uid=1000 => granted (259 us)
01-03 19:56:35.900 I/WindowManager(  488): No existing display settings /data/system/display_settings.xml; starting empty
01-03 19:56:35.930 D/Sensors (  488): KionixSensor:mEnabled=0 en=1
01-03 19:56:35.930 D/Sensors (  488): KionixSensor:enable fd=101
01-03 19:56:35.930 D/Sensors (  488): KionixSensor:setInitialState mHasPendingEvent=1
01-03 19:56:35.940 D/BluetoothManagerService(  488): Loading stored name and address
01-03 19:56:35.940 D/BluetoothManagerService(  488): Stored bluetooth Name=LA-Q1,Address=00:1A:95:6D:DC:A7
01-03 19:56:35.940 I/WindowManager(  488): No keyguard interface!
01-03 19:56:35.940 I/InputManager(  488): Starting input manager
01-03 19:56:35.940 I/SystemServer(  488): Bluetooth Manager Service
01-03 19:56:35.940 I/SystemServer(  488): Input Method Service
01-03 19:56:35.950 D/EventHub(  488): No input device configuration file found for device ''.
01-03 19:56:35.950 W/InputMethodManagerService(  488): Couldn't create dir.: /data/system/inputmethod
01-03 19:56:35.960 W/EventHub(  488): Unable to disable kernel key repeat for /dev/input/event4: Function not implemented
01-03 19:56:35.970 I/EventHub(  488): New device: id=1, fd=102, path='/dev/input/event4', name='', classes=0x1, configuration='', keyLayout='/system/usr/keylayout/Generic.kl', keyCharacterMap='/system/usr/keychars/Generic.kcm', builtinKeyboard=false, usingSuspendBlockIoctl=true, usingClockIoctl=false
01-03 19:56:35.970 D/EventHub(  488): No input device configuration file found for device 'ft5x06_input'.
01-03 19:56:35.970 W/EventHub(  488): Unable to disable kernel key repeat for /dev/input/event2: Function not implemented
01-03 19:56:35.980 I/EventHub(  488): New device: id=2, fd=103, path='/dev/input/event2', name='ft5x06_input', classes=0x15, configuration='', keyLayout='/system/usr/keylayout/Generic.kl', keyCharacterMap='/system/usr/keychars/Generic.kcm', builtinKeyboard=false, usingSuspendBlockIoctl=true, usingClockIoctl=false
01-03 19:56:35.980 D/EventHub(  488): No input device configuration file found for device 'Avago proximity sensor'.
01-03 19:56:36.000 I/SystemServer(  488): Accessibility Manager
01-03 19:56:36.000 I/ActivityManager(  488): Config changes=1df8 {1.0 ?mcc?mnc zh_CN ldltr sw360dp w360dp h640dp 320dpi nrml long port ?uimode ?night -touch -keyb/v/h -nav/h s.2 themeResource=null}
01-03 19:56:36.000 I/ActivityManager(  488): Config changes=500 {1.0 ?mcc?mnc zh_CN ldltr sw360dp w360dp h567dp 320dpi nrml port ?uimode ?night -touch -keyb/v/h -nav/h s.3 themeResource=null}
01-03 19:56:36.000 I/SystemServer(  488): Mount Service
01-03 19:56:36.000 D/MountService(  488): got storage path: /storage/sdcard0 description:  primary: true removable: false emulated: true mtpReserve: 104857600 allowMassStorage: false maxFileSize: 0
01-03 19:56:36.000 D/MountService(  488): addVolumeLocked() StorageVolume:
01-03 19:56:36.000 D/MountService(  488):     mStorageId=65537 mPath=/storage/emulated/0 mDescriptionId=17039384 
01-03 19:56:36.000 D/MountService(  488):     mPrimary=true mRemovable=false mEmulated=true mMtpReserveSpace=104857600 
01-03 19:56:36.000 D/MountService(  488):     mAllowMassStorage=false mMaxFileSize=0 mOwner=UserHandle{0} mUuid=null 
01-03 19:56:36.000 D/MountService(  488):     mUserLabel=null mState=null 
01-03 19:56:36.010 D/EventHub(  488): No input device configuration file found for device 'Avago light sensor'.
01-03 19:56:36.010 D/MountService(  488): got storage path: /storage/sdcard1 description: SD  primary: false removable: true emulated: false mtpReserve: 0 allowMassStorage: true maxFileSize: 0
01-03 19:56:36.010 D/MountService(  488): addVolumeLocked() StorageVolume:
01-03 19:56:36.010 D/MountService(  488):     mStorageId=0 mPath=/storage/sdcard1 mDescriptionId=17039385 mPrimary=false 
01-03 19:56:36.010 D/MountService(  488):     mRemovable=true mEmulated=false mMtpReserveSpace=0 mAllowMassStorage=true 
01-03 19:56:36.010 D/MountService(  488):     mMaxFileSize=0 mOwner=null mUuid=null mUserLabel=null mState=null 
01-03 19:56:36.010 D/MountService(  488): got storage path: /storage/usbdisk description: USB  primary: false removable: true emulated: false mtpReserve: 0 allowMassStorage: false maxFileSize: 0
01-03 19:56:36.010 D/MountService(  488): addVolumeLocked() StorageVolume:
01-03 19:56:36.010 D/MountService(  488):     mStorageId=0 mPath=/storage/usbdisk mDescriptionId=17039386 mPrimary=false 
01-03 19:56:36.010 D/MountService(  488):     mRemovable=true mEmulated=false mMtpReserveSpace=0 mAllowMassStorage=false 
01-03 19:56:36.010 D/MountService(  488):     mMaxFileSize=0 mOwner=null mUuid=null mUserLabel=null mState=null 
01-03 19:56:36.010 I/SystemServer(  488): LockSettingsService
01-03 19:56:36.010 I/SystemServer(  488): Device Policy
01-03 19:56:36.010 I/SystemServer(  488): Status Bar
01-03 19:56:36.010 D/MountService(  488): volume state changed for /storage/usbdisk (unmounted -> removed)
01-03 19:56:36.010 W/MountService(  488): Duplicate state transition (unmounted -> unmounted) for /storage/sdcard1
01-03 19:56:36.010 I/SystemServer(  488): Clipboard Service
01-03 19:56:36.010 E/MountService(  488): Error processing initial volume state
01-03 19:56:36.010 E/MountService(  488): java.lang.NullPointerException
01-03 19:56:36.010 E/MountService(  488): 	at com.android.server.MountService.updatePublicVolumeState(MountService.java:690)
01-03 19:56:36.010 E/MountService(  488): 	at com.android.server.MountService.access$1600(MountService.java:108)
01-03 19:56:36.010 E/MountService(  488): 	at com.android.server.MountService$4.run(MountService.java:785)
01-03 19:56:36.010 I/SystemServer(  488): TorchService
01-03 19:56:36.020 I/PackageManager(  488): No secure containers on sdcard
01-03 19:56:36.020 I/SystemServer(  488): NetworkManagement Service
01-03 19:56:36.020 W/PackageManager(  488): Not granting permission android.permission.WRITE_MEDIA_STORAGE to package com.android.soundrecorder (protectionLevel=18 flags=0x8be45)
01-03 19:56:36.020 W/PackageManager(  488): Unknown permission com.google.android.c2dm.permission.RECEIVE in package com.cyanogenmod.account
01-03 19:56:36.020 W/PackageManager(  488): Unknown permission com.baidu.permission.QCCLOUD_PROVIDER in package com.android.contacts
01-03 19:56:36.020 W/PackageManager(  488): Unknown permission com.google.android.gallery3d.permission.GALLERY_PROVIDER in package com.android.bluetooth
01-03 19:56:36.020 W/PackageManager(  488): Unknown permission com.google.android.googleapps.permission.GOOGLE_AUTH in package com.android.providers.calendar
01-03 19:56:36.020 W/PackageManager(  488): Unknown permission com.google.android.googleapps.permission.GOOGLE_AUTH.cl in package com.android.providers.calendar
01-03 19:56:36.020 W/PackageManager(  488): Unknown permission com.google.android.googleapps.permission.GOOGLE_AUTH.mail in package com.android.calendar
01-03 19:56:36.020 W/PackageManager(  488): Not granting permission android.permission.ACCESS_DOWNLOAD_MANAGER to package com.android.browser (protectionLevel=18 flags=0x49be45)
01-03 19:56:36.020 W/PackageManager(  488): Not granting permission android.permission.SEND_DOWNLOAD_COMPLETED_INTENTS to package com.android.browser (protectionLevel=2 flags=0x49be45)
01-03 19:56:36.020 W/PackageManager(  488): Unknown permission com.android.launcher.permission.READ_SETTINGS in package com.android.onetimeinitializer
01-03 19:56:36.020 W/PackageManager(  488): Unknown permission com.android.launcher.permission.WRITE_SETTINGS in package com.android.onetimeinitializer
01-03 19:56:36.020 W/PackageManager(  488): Not granting permission android.permission.BIND_WALLPAPER to package com.android.camera2 (protectionLevel=18 flags=0x58bc45)
01-03 19:56:36.020 W/PackageManager(  488): Not granting permission com.android.gallery3d.permission.STORAGE_CHANGE to package com.android.camera2 (protectionLevel=18 flags=0x58bc45)
01-03 19:56:36.020 W/PackageManager(  488): Unknown permission android.permission.INSTALL_DRM in package com.android.mms
01-03 19:56:36.020 W/PackageManager(  488): Unknown permission com.qualcomm.permission.USE_PHONE_SERVICE in package com.android.mms
01-03 19:56:36.020 W/PackageManager(  488): Unknown permission com.cyanogenmod.filemanager.permissions.READ_THEME in package com.cyanogenmod.filemanager
01-03 19:56:36.020 W/PackageManager(  488): Unknown permission android.permission.MMS_PUSH in package org.codeaurora.bluetooth
01-03 19:56:36.020 I/SystemServer(  488): Text Service Manager Service
01-03 19:56:36.020 W/PackageManager(  488): Unknown permission com.google.android.gallery3d.permission.PICASA_STORE in package com.android.dreams.phototable
01-03 19:56:36.020 W/PackageManager(  488): Unknown permission com.google.android.googleapps.permission.GOOGLE_AUTH in package com.android.settings
01-03 19:56:36.020 W/PackageManager(  488): Unknown permission com.android.launcher.permission.READ_SETTINGS in package com.android.settings
01-03 19:56:36.020 W/PackageManager(  488): Unknown permission com.android.launcher.permission.WRITE_SETTINGS in package com.android.settings
01-03 19:56:36.030 W/PackageManager(  488): Unknown permission android.permission.CHANGE_PRIVACY_GUARD_STATE in package com.android.settings
01-03 19:56:36.030 W/PackageManager(  488): Unknown permission com.android.launcher.permission.READ_SETTINGS in package com.cyanogenmod.trebuchet
01-03 19:56:36.030 W/PackageManager(  488): Unknown permission com.android.launcher.permission.WRITE_SETTINGS in package com.cyanogenmod.trebuchet
01-03 19:56:36.030 W/PackageManager(  488): Unknown permission com.google.android.c2dm.permission.RECEIVE in package org.whispersystems.whisperpush
01-03 19:56:36.030 W/PackageManager(  488): Unknown permission com.google.android.googleapps.permission.ACCESS_GOOGLE_PASSWORD in package com.android.development
01-03 19:56:36.030 W/PackageManager(  488): Unknown permission com.google.android.googleapps.permission.GOOGLE_AUTH in package com.android.development
01-03 19:56:36.030 W/PackageManager(  488): Unknown permission com.google.android.googleapps.permission.GOOGLE_AUTH.ALL_SERVICES in package com.android.development
01-03 19:56:36.030 W/PackageManager(  488): Unknown permission com.google.android.googleapps.permission.GOOGLE_AUTH.YouTubeUser in package com.android.development
01-03 19:56:36.030 W/PackageManager(  488): Unknown permission android.permission.CANCEL_NOTIFICATIONS in package org.cyanogenmod.theme.chooser
01-03 19:56:36.030 W/PackageManager(  488): Not granting permission android.permission.DELETE_PACKAGES to package com.svox.pico (protectionLevel=18 flags=0x8be45)
01-03 19:56:36.030 W/PackageManager(  488): Unknown permission com.cyngn.cmstats.SEND_ANALYTICS in package com.android.dialer
01-03 19:56:36.030 W/PackageManager(  488): Not granting permission android.permission.DEVICE_POWER to package com.android.deskclock (protectionLevel=2 flags=0x48be45)
01-03 19:56:36.030 W/PackageManager(  488): Unknown permission com.android.deskclock.worldclock.permissions.WRITE_DATABASE in package com.android.deskclock
01-03 19:56:36.030 W/PackageManager(  488): Unknown permission android.permission.CANCEL_NOTIFICATIONS in package org.cyanogenmod.voiceplus
01-03 19:56:36.040 D/EventHub(  488): No input device configuration file found for device 'tegra-aic326x Headset Jack'.
01-03 19:56:36.040 I/EventHub(  488): New device: id=5, fd=111, path='/dev/input/event5', name='tegra-aic326x Headset Jack', classes=0x80, configuration='', keyLayout='', keyCharacterMap='', builtinKeyboard=false, usingSuspendBlockIoctl=true, usingClockIoctl=false
01-03 19:56:36.040 D/EventHub(  488): No input device configuration file found for device 'gpio-keys'.
01-03 19:56:36.040 W/EventHub(  488): Unable to disable kernel key repeat for /dev/input/event6: Function not implemented
01-03 19:56:36.040 I/EventHub(  488): New device: id=6, fd=112, path='/dev/input/event6', name='gpio-keys', classes=0x1, configuration='', keyLayout='/system/usr/keylayout/Generic.kl', keyCharacterMap='/system/usr/keychars/Generic.kcm', builtinKeyboard=false, usingSuspendBlockIoctl=true, usingClockIoctl=false
01-03 19:56:36.050 D/EventHub(  488): No input device configuration file found for device 'kionix_accel'.
01-03 19:56:36.110 E/EventHub(  488): could not get driver version for /dev/input/js0, Invalid argument
01-03 19:56:36.170 I/SystemServer(  488): NetworkStats Service
01-03 19:56:36.180 I/SystemServer(  488): NetworkPolicy Service
01-03 19:56:36.180 I/SystemServer(  488): Wi-Fi P2pService
01-03 19:56:36.190 I/InputReader(  488): Device added: id=-1, name='Virtual', sources=0x00000301
01-03 19:56:36.190 I/InputReader(  488): Device added: id=6, name='gpio-keys', sources=0x00000101
01-03 19:56:36.190 I/InputReader(  488): Device added: id=5, name='tegra-aic326x Headset Jack', sources=0x80000000
01-03 19:56:36.190 I/InputReader(  488):   Touch device 'ft5x06_input' could not query the properties of its associated display.  The device will be inoperable until the display size becomes available.
01-03 19:56:36.190 I/InputReader(  488): Device added: id=2, name='ft5x06_input', sources=0x00001103
01-03 19:56:36.190 I/InputReader(  488): Device added: id=1, name='', sources=0x00000101
01-03 19:56:36.190 I/InputReader(  488): Reconfiguring input devices.  changes=0x00000004
01-03 19:56:36.190 I/InputReader(  488): Device reconfigured: id=2, name='ft5x06_input', size 720x1280, orientation 0, mode 1, display id 0
01-03 19:56:36.190 I/ActivityManager(  488): Config changes=8 {1.0 ?mcc?mnc zh_CN ldltr sw360dp w360dp h567dp 320dpi nrml port ?uimode ?night finger -keyb/v/h -nav/h s.4 themeResource=null}
01-03 19:56:36.220 I/SystemServer(  488): Wi-Fi Service
01-03 19:56:36.290 D/WifiController(  488): isAirplaneModeOn = false, isWifiEnabled = true, isScanningAvailable = false
01-03 19:56:36.300 I/SystemServer(  488): Connectivity Service
01-03 19:56:36.300 D/ConnectivityService(  488): ConnectivityService starting up
01-03 19:56:36.310 D/ConnectivityService(  488): wifiOnly=false
01-03 19:56:36.310 E/ConnectivityService(  488): Ignoring protectedNetwork 14
01-03 19:56:36.330 D/BluetoothTethering(  488): startMonitoring: target: Handler (com.android.server.ConnectivityService$NetworkStateTrackerHandler) {41fd6d40}
01-03 19:56:36.330 D/BluetoothTethering(  488): startMonitoring: mCsHandler: Handler (com.android.server.ConnectivityService$NetworkStateTrackerHandler) {41fd6d40}
01-03 19:56:36.330 D/BluetoothManagerService(  488): Message: 20
01-03 19:56:36.330 D/BluetoothManagerService(  488): Added callback: android.bluetooth.BluetoothAdapter$2@41f2b108:true
01-03 19:56:36.330 D/BluetoothManagerService(  488): Message: 30
01-03 19:56:36.330 W/ContextImpl(  488): Calling a method in the system process without a qualified user: android.app.ContextImpl.bindService:1607 android.bluetooth.BluetoothPan.doBind:148 android.bluetooth.BluetoothPan.<init>:141 android.bluetooth.BluetoothAdapter.getProfileProxy:1378 android.bluetooth.BluetoothTetheringDataTracker.startMonitoring:116 
01-03 19:56:36.340 E/MobileDataStateTracker(  488): default: Ignoring feature request because could not acquire PhoneService
01-03 19:56:36.340 E/MobileDataStateTracker(  488): default: Could not enable APN type "default"
01-03 19:56:36.350 D/Tethering(  488): exception when get active network info:java.lang.NullPointerException
01-03 19:56:36.350 D/WifiController(  488): WifiController msg { when=0 what=155656 target=com.android.internal.util.StateMachine$SmHandler } deferred for 444ms
01-03 19:56:36.350 I/WifiService(  488): WifiService starting up with Wi-Fi enabled
01-03 19:56:36.350 D/WifiService(  488): setWifiEnabled: true pid=488, uid=1000
01-03 19:56:36.360 I/SystemServer(  488): Network Service Discovery Service
01-03 19:56:36.360 D/NsdService(  488): Network service discovery enabled true
01-03 19:56:36.360 I/SystemServer(  488): UpdateLock Service
01-03 19:56:36.410 V/ProfileTriggerHelper(  488): Enabling
01-03 19:56:36.410 I/SystemServer(  488): Profile Manager
01-03 19:56:36.420 D/ProfileService(  488): Found active: f5e58973-9851-4224-ad6e-dea09943e9a7
01-03 19:56:36.450 D/ProfileService(  488): Set active profile to: f5e58973-9851-4224-ad6e-dea09943e9a7 - 
01-03 19:56:36.450 D/ProfileService(  488): Saving profile data...
01-03 19:56:36.450 D/ProfileService(  488): Save completed.
01-03 19:56:36.450 I/SystemServer(  488): Notification Manager
01-03 19:56:36.460 I/SystemServer(  488): Device Storage Monitor
01-03 19:56:36.460 I/SystemServer(  488): Location Manager
01-03 19:56:36.460 I/SystemServer(  488): Country Detector
01-03 19:56:36.460 I/SystemServer(  488): Search Service
01-03 19:56:36.460 I/SystemServer(  488): DropBox Service
01-03 19:56:36.460 I/SystemServer(  488): Wallpaper Service
01-03 19:56:36.470 W/WallpaperService(  488): no current wallpaper -- first boot?
01-03 19:56:36.470 I/SystemServer(  488): Audio Service
01-03 19:56:36.510 I/VolumePanel(  488): changeOverlayStyle : 1
01-03 19:56:36.520 E/AudioPolicyManagerBase(  129): getDeviceForStrategy() speaker device not found for STRATEGY_SONIFICATION
01-03 19:56:36.520 E/AudioPolicyManagerBase(  129): getDeviceForStrategy() speaker device not found for STRATEGY_SONIFICATION
01-03 19:56:36.520 E/AudioPolicyManagerBase(  129): getDeviceForStrategy() speaker device not found for STRATEGY_SONIFICATION
01-03 19:56:36.520 E/AudioPolicyManagerBase(  129): getDeviceForStrategy() speaker device not found for STRATEGY_SONIFICATION
01-03 19:56:36.530 E/AudioPolicyManagerBase(  129): getDeviceForStrategy() speaker device not found for STRATEGY_SONIFICATION
01-03 19:56:36.530 E/AudioPolicyManagerBase(  129): getDeviceForStrategy() speaker device not found for STRATEGY_SONIFICATION
01-03 19:56:36.530 E/AudioPolicyManagerBase(  129): getDeviceForStrategy() speaker device not found for STRATEGY_SONIFICATION
01-03 19:56:36.530 E/AudioPolicyManagerBase(  129): getDeviceForStrategy() speaker device not found for STRATEGY_SONIFICATION
01-03 19:56:36.550 I/SystemServer(  488): Dock Observer
01-03 19:56:36.550 W/DockObserver(  488): This kernel does not have dock station support
01-03 19:56:36.550 I/SystemServer(  488): Wired Accessory Manager
01-03 19:56:36.550 W/WiredAccessoryManager(  488): This kernel does not have Motorola EMU audio support
01-03 19:56:36.560 W/Netd    (  123): No subsystem found in netlink event
01-03 19:56:36.560 D/NetlinkEvent(  123): Unexpected netlink message. type=0x11
01-03 19:56:36.560 W/WiredAccessoryManager(  488): This kernel does not have samsung usb dock audio support
01-03 19:56:36.560 W/WiredAccessoryManager(  488): This kernel does not have HDMI audio support
01-03 19:56:36.560 I/SystemServer(  488): USB Service
01-03 19:56:36.580 I/SystemServer(  488): Serial Service
01-03 19:56:36.580 I/SystemServer(  488): Twilight Service
01-03 19:56:36.580 I/SystemServer(  488): UI Mode Manager Service
01-03 19:56:36.580 I/SystemServer(  488): Backup Service
01-03 19:56:36.600 V/BackupManagerService(  488): Initializing package tracking
01-03 19:56:36.600 V/BackupManagerService(  488): No ancestral data
01-03 19:56:36.600 V/BackupManagerService(  488): addPackageParticipantsLocked: all
01-03 19:56:36.600 I/BackupManagerService(  488): Scheduling backup for new app com.android.calendar
01-03 19:56:36.600 D/BackupManagerService(  488): Now staging backup of com.android.calendar
01-03 19:56:36.620 I/BackupManagerService(  488): Scheduling backup for new app com.android.browser
01-03 19:56:36.620 D/BackupManagerService(  488): Now staging backup of com.android.browser
01-03 19:56:36.630 I/BackupManagerService(  488): Scheduling backup for new app com.android.providers.userdictionary
01-03 19:56:36.630 D/BackupManagerService(  488): Now staging backup of com.android.providers.userdictionary
01-03 19:56:36.640 I/BackupManagerService(  488): Scheduling backup for new app com.android.sharedstoragebackup
01-03 19:56:36.640 D/BackupManagerService(  488): Now staging backup of com.android.sharedstoragebackup
01-03 19:56:36.650 I/BackupManagerService(  488): Scheduling backup for new app com.android.mms
01-03 19:56:36.650 D/BackupManagerService(  488): Now staging backup of com.android.mms
01-03 19:56:36.660 I/BackupManagerService(  488): Scheduling backup for new app android
01-03 19:56:36.660 D/BackupManagerService(  488): Now staging backup of android
01-03 19:56:36.670 I/BackupManagerService(  488): Scheduling backup for new app com.android.providers.telephony
01-03 19:56:36.670 D/BackupManagerService(  488): Now staging backup of com.android.providers.telephony
01-03 19:56:36.680 I/BackupManagerService(  488): Scheduling backup for new app com.android.dialer
01-03 19:56:36.680 D/BackupManagerService(  488): Now staging backup of com.android.dialer
01-03 19:56:36.690 I/BackupManagerService(  488): Scheduling backup for new app com.android.providers.settings
01-03 19:56:36.690 D/BackupManagerService(  488): Now staging backup of com.android.providers.settings
01-03 19:56:36.700 V/BackupManagerService(  488): Starting with transport com.google.android.backup/.BackupTransportService
01-03 19:56:36.700 V/BackupManagerService(  488): Found transports: 1
01-03 19:56:36.700 I/BackupManagerService(  488): Binding to transport host ComponentInfo{android/com.android.internal.backup.LocalTransportService}
01-03 19:56:36.710 I/BackupManagerService(  488): Found stale backup journal, scheduling
01-03 19:56:36.710 I/BackupManagerService(  488):   com.android.calendar
01-03 19:56:36.710 I/BackupManagerService(  488):   com.android.browser
01-03 19:56:36.710 I/BackupManagerService(  488):   com.android.providers.userdictionary
01-03 19:56:36.710 I/BackupManagerService(  488):   com.android.sharedstoragebackup
01-03 19:56:36.710 I/BackupManagerService(  488):   com.android.mms
01-03 19:56:36.710 I/BackupManagerService(  488):   android
01-03 19:56:36.710 I/BackupManagerService(  488):   com.android.providers.telephony
01-03 19:56:36.710 I/BackupManagerService(  488):   com.android.dialer
01-03 19:56:36.710 I/BackupManagerService(  488):   com.android.providers.settings
01-03 19:56:36.710 I/BackupManagerService(  488): Backup enabled => false
01-03 19:56:36.710 I/BackupManagerService(  488): Opting out of backup
01-03 19:56:36.720 I/SystemServer(  488): AppWidget Service
01-03 19:56:36.720 I/SystemServer(  488): Recognition Service
01-03 19:56:36.720 I/SystemServer(  488): DiskStats Service
01-03 19:56:36.720 I/SystemServer(  488): SamplingProfiler Service
01-03 19:56:36.730 I/SystemServer(  488): NetworkTimeUpdateService
01-03 19:56:36.730 I/SystemServer(  488): CommonTimeManagementService
01-03 19:56:36.730 I/SystemServer(  488): CertBlacklister
01-03 19:56:36.730 I/SystemServer(  488): Dreams Service
01-03 19:56:36.730 D/Atlas   (  488): Computing best atlas configuration...
01-03 19:56:36.730 I/SystemServer(  488): Assets Atlas Service
01-03 19:56:36.730 I/SystemServer(  488): IdleMaintenanceService
01-03 19:56:36.730 I/SystemServer(  488): Print Service
01-03 19:56:36.740 D/Atlas   (  488): Running Atlas Worker #1
01-03 19:56:36.740 D/Atlas   (  488): Running Atlas Worker #3
01-03 19:56:36.740 D/Atlas   (  488): Running Atlas Worker #2
01-03 19:56:36.740 D/Atlas   (  488): Running Atlas Worker #4
01-03 19:56:36.740 I/SystemServer(  488): Theme Service
01-03 19:56:36.750 I/com.android.server.ThemeService(  488): Spawned worker thread
01-03 19:56:36.750 I/WindowManager(  488): SAFE MODE not enabled
01-03 19:56:36.750 D/dalvikvm(  488): JIT started for system_server
01-03 19:56:36.750 I/SystemServer(  488): Media Router Service
01-03 19:56:36.750 I/SystemServer(  488): EdgeGesture service
01-03 19:56:36.760 E/Atlas   (  488): Could not find any configuration!!!
01-03 19:56:36.760 D/Atlas   (  488): Loaded configuration: null
01-03 19:56:36.800 I/Zygote  (  488): Process: zygote socket opened
01-03 19:56:36.800 D/WifiController(  488): DEFERRED_TOGGLE handled
01-03 19:56:36.800 V/Zygote  (  559): Switching descriptor 33 to /dev/null
01-03 19:56:36.800 V/Zygote  (  559): Switching descriptor 10 to /dev/null
01-03 19:56:36.810 I/ActivityManager(  488): Start proc com.android.systemui for service com.android.keyguard/.KeyguardService: pid=559 uid=10009 gids={50009, 1028, 1015, 1035, 1006, 3002, 3001}
01-03 19:56:36.820 E/lights  (  488): write_int failed to open /sys/class/leds/key-led/brightness
01-03 19:56:36.860 I/ActivityManager(  488): Sending system update to ComponentInfo{com.android.providers.calendar/com.android.providers.calendar.CalendarUpgradeReceiver} for user 0
01-03 19:56:36.860 I/ActivityManager(  488): Sending system update to ComponentInfo{com.android.providers.contacts/com.android.providers.contacts.ContactsUpgradeReceiver} for user 0
01-03 19:56:36.860 I/ActivityManager(  488): Sending system update to ComponentInfo{com.android.providers.media/com.android.providers.media.MediaUpgradeReceiver} for user 0
01-03 19:56:36.870 D/ActivityThread(  559): handleBindApplication:com.android.systemui
01-03 19:56:36.870 D/ActivityThread(  559): setTargetHeapUtilization:0.75
01-03 19:56:36.870 D/ActivityThread(  559): setTargetHeapMinFree:2097152
01-03 19:56:36.870 V/Zygote  (  575): Switching descriptor 33 to /dev/null
01-03 19:56:36.870 V/Zygote  (  575): Switching descriptor 10 to /dev/null
01-03 19:56:36.870 I/SystemServer(  488): Enabled StrictMode for system server main thread.
01-03 19:56:36.880 I/ActivityManager(  488): Start proc com.android.providers.calendar for broadcast com.android.providers.calendar/.CalendarUpgradeReceiver: pid=575 uid=10003 gids={50003, 3003, 1028, 1015}
01-03 19:56:36.920 W/InputMethodManagerService(  488): Focus gain on non-focused client android.view.inputmethod.InputMethodManager$1@41f919b8 (uid=1000 pid=488)
01-03 19:56:36.920 V/BackupManagerService(  488): Connected to transport ComponentInfo{android/com.android.internal.backup.LocalTransportService}
01-03 19:56:36.920 V/BackupManagerService(  488): Registering transport android/com.android.internal.backup.LocalTransportService::android/com.android.internal.backup.LocalTransport = com.android.internal.backup.LocalTransport@41faccb0
01-03 19:56:36.930 I/ActivityManager(  488): Launching preboot mode app: ProcessRecord{41eded08 575:com.android.providers.calendar/u0a3}
01-03 19:56:36.930 D/ActivityThread(  575): handleBindApplication:com.android.providers.calendar
01-03 19:56:36.930 D/ActivityThread(  575): setTargetHeapUtilization:0.75
01-03 19:56:36.930 D/ActivityThread(  575): setTargetHeapMinFree:2097152
01-03 19:56:36.990 V/Zygote  (  591): Switching descriptor 33 to /dev/null
01-03 19:56:36.990 V/Zygote  (  591): Switching descriptor 10 to /dev/null
01-03 19:56:36.990 I/ActivityManager(  488): Start proc android.process.acore for broadcast com.android.providers.contacts/.ContactsUpgradeReceiver: pid=591 uid=10004 gids={50004, 3003, 1028, 1015}
01-03 19:56:37.020 I/ActivityManager(  488): Launching preboot mode app: ProcessRecord{41f7c170 591:android.process.acore/u0a4}
01-03 19:56:37.030 D/ActivityThread(  591): handleBindApplication:android.process.acore
01-03 19:56:37.030 D/ActivityThread(  591): setTargetHeapUtilization:0.75
01-03 19:56:37.030 D/ActivityThread(  591): setTargetHeapMinFree:2097152
01-03 19:56:37.080 V/KeyguardService(  559): onCreate()
01-03 19:56:37.110 V/Zygote  (  609): Switching descriptor 33 to /dev/null
01-03 19:56:37.110 V/Zygote  (  609): Switching descriptor 10 to /dev/null
01-03 19:56:37.110 I/ActivityManager(  488): Start proc android.process.media for broadcast com.android.providers.media/.MediaUpgradeReceiver: pid=609 uid=10007 gids={50007, 1028, 1015, 1023, 1024, 2001, 3003, 3007}
01-03 19:56:37.160 D/NvOsDebugPrintf(  129): NvxLiteH264DecoderInit : Opening TVMR H264 block 
01-03 19:56:37.160 D/NvOsDebugPrintf(  129): NvxLiteH264DecoderInit : Opening TVMR H264 block 
01-03 19:56:37.160 D/AwesomePlayer(  129): Before reset_l
01-03 19:56:37.190 E/WifiStateMachine(  488): Failed to load driver
01-03 19:56:37.190 I/ActivityManager(  488): Launching preboot mode app: ProcessRecord{41fbed98 609:android.process.media/u0a7}
01-03 19:56:37.210 D/ActivityThread(  609): handleBindApplication:android.process.media
01-03 19:56:37.220 D/ActivityThread(  609): setTargetHeapUtilization:0.75
01-03 19:56:37.220 D/ActivityThread(  609): setTargetHeapMinFree:2097152
01-03 19:56:37.360 I/ActivityManager(  488): Writing new set of last done pre-boot receivers...
01-03 19:56:37.500 I/ActivityManager(  488): Removing system update proc: ProcessRecord{41eded08 575:com.android.providers.calendar/u0a3}
01-03 19:56:37.500 I/ActivityManager(  488): Killing 575:com.android.providers.calendar/u0a3 (adj 13): system update done
01-03 19:56:37.500 I/ActivityManager(  488): Removing system update proc: ProcessRecord{41f7c170 591:android.process.acore/u0a4}
01-03 19:56:37.500 I/ActivityManager(  488): Killing 591:android.process.acore/u0a4 (adj 11): system update done
01-03 19:56:37.500 I/ActivityManager(  488): Removing system update proc: ProcessRecord{41fbed98 609:android.process.media/u0a7}
01-03 19:56:37.500 I/ActivityManager(  488): Killing 609:android.process.media/u0a7 (adj 9): system update done
01-03 19:56:37.500 I/ActivityManager(  488): System now ready
01-03 19:56:37.510 I/SystemServer(  488): Making services ready
01-03 19:56:37.510 D/NetworkManagementService(  488): enabling bandwidth control
01-03 19:56:37.510 I/Vold    (  120): /dev/block/vold/179:49 being considered for volume sdcard1
01-03 19:56:37.510 D/Vold    (  120): Volume sdcard1 state changing 1 (Idle-Unmounted) -> 3 (Checking)
01-03 19:56:37.510 D/Vold    (  120): Trying to get filesystem type for /dev/block/vold/179:49 
01-03 19:56:37.510 D/MountService(  488): volume state changed for /storage/sdcard1 (unmounted -> checking)
01-03 19:56:37.510 D/MountService(  488): sendStorageIntent Intent { act=android.intent.action.MEDIA_CHECKING dat=file:///storage/sdcard1 (has extras) } to UserHandle{-1}
01-03 19:56:37.610 D/OMXCodec(  129): Successfully allocated OMX node 'OMX.google.vorbis.decoder'
01-03 19:56:37.620 I/OMXCodec(  129): Codec outputs a different number of channels than the input stream contains (contains 2 channels, codec outputs 1 channels).
01-03 19:56:37.620 I/AwesomePlayer(  129): Could not offload audio decode, try pcm offload (16-bit)
01-03 19:56:37.620 I/OMXCodec(  129): [OMX.google.vorbis.decoder] allocating 4 buffers of size 8192 on input port
01-03 19:56:37.620 I/OMXCodec(  129): [OMX.google.vorbis.decoder] allocated buffer 0x40c55be0 on input port
01-03 19:56:37.620 I/OMXCodec(  129): [OMX.google.vorbis.decoder] allocated buffer 0x40c55800 on input port
01-03 19:56:37.620 I/OMXCodec(  129): [OMX.google.vorbis.decoder] allocated buffer 0x40c585d8 on input port
01-03 19:56:37.620 I/OMXCodec(  129): [OMX.google.vorbis.decoder] allocated buffer 0x40c58690 on input port
01-03 19:56:37.620 I/OMXCodec(  129): [OMX.google.vorbis.decoder] allocating 4 buffers of size 32768 on output port
01-03 19:56:37.620 I/OMXCodec(  129): [OMX.google.vorbis.decoder] allocated buffer 0x40c58818 on output port
01-03 19:56:37.620 I/OMXCodec(  129): [OMX.google.vorbis.decoder] allocated buffer 0x40c2cf00 on output port
01-03 19:56:37.620 I/OMXCodec(  129): [OMX.google.vorbis.decoder] allocated buffer 0x40c2d010 on output port
01-03 19:56:37.620 I/OMXCodec(  129): [OMX.google.vorbis.decoder] allocated buffer 0x40c2d138 on output port
01-03 19:56:37.620 D/AudioPlayer(  129): start of Playback, useOffload 0
01-03 19:56:37.620 I/OMXNodeInstance(  129): OMX_FreeBuffer for buffer header 0x40c58818 successful
01-03 19:56:37.620 I/OMXNodeInstance(  129): OMX_FreeBuffer for buffer header 0x40c2cf00 successful
01-03 19:56:37.620 I/OMXNodeInstance(  129): OMX_FreeBuffer for buffer header 0x40c2d010 successful
01-03 19:56:37.620 I/OMXNodeInstance(  129): OMX_FreeBuffer for buffer header 0x40c2d138 successful
01-03 19:56:37.620 I/OMXCodec(  129): [OMX.google.vorbis.decoder] allocating 4 buffers of size 32768 on output port
01-03 19:56:37.620 I/OMXCodec(  129): [OMX.google.vorbis.decoder] allocated buffer 0x40c5e428 on output port
01-03 19:56:37.620 I/OMXCodec(  129): [OMX.google.vorbis.decoder] allocated buffer 0x40c5d818 on output port
01-03 19:56:37.620 I/OMXCodec(  129): [OMX.google.vorbis.decoder] allocated buffer 0x40c58930 on output port
01-03 19:56:37.620 I/OMXCodec(  129): [OMX.google.vorbis.decoder] allocated buffer 0x40c586e8 on output port
01-03 19:56:37.650 D/AudioPlayer(  129): Pause Playback at 5
01-03 19:56:37.650 D/AudioPlayer(  129): reset: mPlaying=0 mReachedEOS=1 useOffload=0
01-03 19:56:37.660 I/OMXNodeInstance(  129): OMX_FreeBuffer for buffer header 0x40c58690 successful
01-03 19:56:37.660 I/OMXNodeInstance(  129): OMX_FreeBuffer for buffer header 0x40c585d8 successful
01-03 19:56:37.660 I/OMXNodeInstance(  129): OMX_FreeBuffer for buffer header 0x40c55800 successful
01-03 19:56:37.660 I/OMXNodeInstance(  129): OMX_FreeBuffer for buffer header 0x40c55be0 successful
01-03 19:56:37.660 I/OMXNodeInstance(  129): OMX_FreeBuffer for buffer header 0x40c586e8 successful
01-03 19:56:37.660 I/OMXNodeInstance(  129): OMX_FreeBuffer for buffer header 0x40c58930 successful
01-03 19:56:37.660 I/OMXNodeInstance(  129): OMX_FreeBuffer for buffer header 0x40c5d818 successful
01-03 19:56:37.660 I/OMXNodeInstance(  129): OMX_FreeBuffer for buffer header 0x40c5e428 successful
01-03 19:56:37.660 D/AwesomePlayer(  129): Before reset_l
01-03 19:56:37.680 D/OMXCodec(  129): Successfully allocated OMX node 'OMX.google.vorbis.decoder'
01-03 19:56:37.680 I/OMXCodec(  129): Codec outputs a different number of channels than the input stream contains (contains 2 channels, codec outputs 1 channels).
01-03 19:56:37.680 I/AwesomePlayer(  129): Could not offload audio decode, try pcm offload (16-bit)
01-03 19:56:37.680 I/OMXCodec(  129): [OMX.google.vorbis.decoder] allocating 4 buffers of size 8192 on input port
01-03 19:56:37.680 I/OMXCodec(  129): [OMX.google.vorbis.decoder] allocated buffer 0x40ba9010 on input port
01-03 19:56:37.680 I/OMXCodec(  129): [OMX.google.vorbis.decoder] allocated buffer 0x40c57fc0 on input port
01-03 19:56:37.680 I/OMXCodec(  129): [OMX.google.vorbis.decoder] allocated buffer 0x40c58090 on input port
01-03 19:56:37.680 I/OMXCodec(  129): [OMX.google.vorbis.decoder] allocated buffer 0x40c58148 on input port
01-03 19:56:37.680 I/OMXCodec(  129): [OMX.google.vorbis.decoder] allocating 4 buffers of size 32768 on output port
01-03 19:56:37.680 I/OMXCodec(  129): [OMX.google.vorbis.decoder] allocated buffer 0x40c582d0 on output port
01-03 19:56:37.680 I/OMXCodec(  129): [OMX.google.vorbis.decoder] allocated buffer 0x40c58528 on output port
01-03 19:56:37.680 I/OMXCodec(  129): [OMX.google.vorbis.decoder] allocated buffer 0x40c58668 on output port
01-03 19:56:37.680 I/OMXCodec(  129): [OMX.google.vorbis.decoder] allocated buffer 0x40c58790 on output port
01-03 19:56:37.680 D/AudioPlayer(  129): start of Playback, useOffload 0
01-03 19:56:37.690 I/OMXNodeInstance(  129): OMX_FreeBuffer for buffer header 0x40c582d0 successful
01-03 19:56:37.690 I/OMXNodeInstance(  129): OMX_FreeBuffer for buffer header 0x40c58528 successful
01-03 19:56:37.690 I/OMXNodeInstance(  129): OMX_FreeBuffer for buffer header 0x40c58668 successful
01-03 19:56:37.690 I/OMXNodeInstance(  129): OMX_FreeBuffer for buffer header 0x40c58790 successful
01-03 19:56:37.690 I/OMXCodec(  129): [OMX.google.vorbis.decoder] allocating 4 buffers of size 32768 on output port
01-03 19:56:37.690 I/OMXCodec(  129): [OMX.google.vorbis.decoder] allocated buffer 0x40c581b8 on output port
01-03 19:56:37.690 I/OMXCodec(  129): [OMX.google.vorbis.decoder] allocated buffer 0x40c582f8 on output port
01-03 19:56:37.690 I/OMXCodec(  129): [OMX.google.vorbis.decoder] allocated buffer 0x40c5cd58 on output port
01-03 19:56:37.690 I/OMXCodec(  129): [OMX.google.vorbis.decoder] allocated buffer 0x40c5ce80 on output port
01-03 19:56:37.710 D/AudioPlayer(  129): Pause Playback at 4
01-03 19:56:37.710 D/AudioPlayer(  129): reset: mPlaying=0 mReachedEOS=1 useOffload=0
01-03 19:56:37.710 I/OMXNodeInstance(  129): OMX_FreeBuffer for buffer header 0x40c58148 successful
01-03 19:56:37.710 I/OMXNodeInstance(  129): OMX_FreeBuffer for buffer header 0x40c58090 successful
01-03 19:56:37.710 I/OMXNodeInstance(  129): OMX_FreeBuffer for buffer header 0x40c57fc0 successful
01-03 19:56:37.710 I/OMXNodeInstance(  129): OMX_FreeBuffer for buffer header 0x40ba9010 successful
01-03 19:56:37.710 I/OMXNodeInstance(  129): OMX_FreeBuffer for buffer header 0x40c5ce80 successful
01-03 19:56:37.710 I/OMXNodeInstance(  129): OMX_FreeBuffer for buffer header 0x40c5cd58 successful
01-03 19:56:37.710 I/OMXNodeInstance(  129): OMX_FreeBuffer for buffer header 0x40c582f8 successful
01-03 19:56:37.710 I/OMXNodeInstance(  129): OMX_FreeBuffer for buffer header 0x40c581b8 successful
01-03 19:56:37.770 D/Vold    (  120): Found vfat filesystem on /dev/block/vold/179:49
01-03 19:56:37.780 I/fsck_msdos(  120): ** /dev/block/vold/179:49
01-03 19:56:37.790 I/fsck_msdos(  120): ** Phase 1 - Read FAT (compare skipped)
01-03 19:56:37.790 I/fsck_msdos(  120): Attempting to allocate 7692 KB for FAT
01-03 19:56:37.940 I/Choreographer(  559): Skipped 37 frames!  The application may be doing too much work on its main thread.
01-03 19:56:37.980 W/Settings(  488): Setting usb_mass_storage_enabled has moved from android.provider.Settings.Secure to android.provider.Settings.Global.
01-03 19:56:37.990 I/ActivityManager(  488): Config changes=200 {1.0 ?mcc?mnc zh_CN ldltr sw360dp w360dp h567dp 320dpi nrml port finger -keyb/v/h -nav/h s.5 themeResource=null}
01-03 19:56:37.990 W/RecognitionManagerService(  488): no available voice recognition services found for user 0
01-03 19:56:38.000 W/ContextImpl(  488): Calling a method in the system process without a qualified user: android.app.ContextImpl.sendBroadcast:1187 com.android.server.usb.UsbSettingsManager.deviceAttached:621 com.android.server.usb.UsbHostManager.usbDeviceAdded:156 com.android.server.usb.UsbHostManager.monitorUsbHostBus:-2 com.android.server.usb.UsbHostManager.access$000:38 
01-03 19:56:38.250 W/InputMethodManagerService(  488): Ignoring setImeWindowStatus of uid 1000 token: null
01-03 19:56:38.260 D/libEGL  (  559): loaded /system/lib/egl/libEGL_tegra.so
01-03 19:56:38.260 E/        (  559): file /data/data/com.nvidia.NvCPLSvc/files/driverlist.txt: not found!
01-03 19:56:38.260 I/        (  559): Attempting to load EGL implementation /system/lib//egl/libEGL_tegra_impl
