01-03 19:56:38.270 I/        (  559): Loaded EGL implementation /system/lib//egl/libEGL_tegra_impl
01-03 19:56:38.270 D/libEGL  (  559): loaded /system/lib/egl/libGLESv1_CM_tegra.so
01-03 19:56:38.270 D/libEGL  (  559): loaded /system/lib/egl/libGLESv2_tegra.so
01-03 19:56:38.270 V/Zygote  (  703): Switching descriptor 33 to /dev/null
01-03 19:56:38.270 V/Zygote  (  703): Switching descriptor 10 to /dev/null
01-03 19:56:38.280 I/ActivityManager(  488): Start proc com.android.inputmethod.latin for service com.android.inputmethod.latin/.LatinIME: pid=703 uid=10039 gids={50039, 1028, 1015}
01-03 19:56:38.280 V/InputMethodManagerService(  488): Adding window token: android.os.Binder@41d9fd28
01-03 19:56:38.290 W/GpsLocationProvider(  488): Could not open GPS configuration file /etc/gps.conf
01-03 19:56:38.300 W/ServiceWatcher(  488): com.google.android.gms not found
01-03 19:56:38.300 W/ServiceWatcher(  488): com.google.android.gms not found
01-03 19:56:38.300 W/ServiceWatcher(  488): com.google.android.gms not found
01-03 19:56:38.300 W/LocationManagerService(  488): no network location provider found
01-03 19:56:38.310 W/ServiceWatcher(  488): com.google.android.gms not found
01-03 19:56:38.320 E/FlpHardwareProvider(  488): Error hw_get_module 'flp': -2
01-03 19:56:38.320 W/ServiceWatcher(  488): com.google.android.gms not found
01-03 19:56:38.320 E/LocationManagerService(  488): no geocoder provider found
01-03 19:56:38.330 E/FlpHardwareProvider(  488): Error hw_get_module 'flp': -2
01-03 19:56:38.330 W/ServiceWatcher(  488): com.google.android.gms not found
01-03 19:56:38.330 I/        (  559): Loading GLESv2 implementation /system/lib//egl/libGLESv2_tegra_impl
01-03 19:56:38.330 E/LocationManagerService(  488): No FusedProvider found.
01-03 19:56:38.330 E/LocationManagerService(  488): no geofence provider found
01-03 19:56:38.340 D/OpenGLRenderer(  559): Enabling debug mode 0
01-03 19:56:38.340 I/FusedLocation(  488): engine started (com.android.location.fused)
01-03 19:56:38.350 D/ActivityThread(  703): handleBindApplication:com.android.inputmethod.latin
01-03 19:56:38.350 D/ActivityThread(  703): setTargetHeapUtilization:0.75
01-03 19:56:38.350 D/ActivityThread(  703): setTargetHeapMinFree:2097152
01-03 19:56:38.350 I/CommonTimeManagementService(  488): No common time service detected on this platform.  Common time services will be unavailable.
01-03 19:56:38.360 I/InputReader(  488): Reconfiguring input devices.  changes=0x00000020
01-03 19:56:38.370 E/PackageManager(  488): Unable to find icon pack: holo
01-03 19:56:38.370 I/InputReader(  488): Reconfiguring input devices.  changes=0x00000010
01-03 19:56:38.390 V/Zygote  (  719): Switching descriptor 33 to /dev/null
01-03 19:56:38.390 V/Zygote  (  719): Switching descriptor 10 to /dev/null
01-03 19:56:38.390 I/ActivityManager(  488): Start proc com.android.phone for added application com.android.phone: pid=719 uid=1001 gids={41001, 3002, 3001, 3003, 1028, 1015}
01-03 19:56:38.410 V/Zygote  (  728): Switching descriptor 33 to /dev/null
01-03 19:56:38.410 V/Zygote  (  728): Switching descriptor 10 to /dev/null
01-03 19:56:38.420 I/ActivityManager(  488): Start proc com.bel.android.dspmanager for added application com.bel.android.dspmanager: pid=728 uid=10030 gids={50030, 3002}
01-03 19:56:38.430 V/Zygote  (  734): Switching descriptor 33 to /dev/null
01-03 19:56:38.430 V/Zygote  (  734): Switching descriptor 10 to /dev/null
01-03 19:56:38.430 I/ActivityManager(  488): Start proc com.android.incallui for added application com.android.incallui: pid=734 uid=10006 gids={50006, 3003, 1028, 1015, 1006, 3010, 3012}
01-03 19:56:38.450 I/ActivityManager(  488): START u0 {act=android.intent.action.MAIN cat=[android.intent.category.HOME] flg=0x10000000 cmp=com.cyanogenmod.trebuchet/org.cyanogenmod.trebuchet.CustomHomeLauncher} from pid 0
01-03 19:56:38.490 V/Zygote  (  756): Switching descriptor 33 to /dev/null
01-03 19:56:38.490 V/Zygote  (  756): Switching descriptor 10 to /dev/null
01-03 19:56:38.500 I/ActivityManager(  488): Start proc com.cyanogenmod.trebuchet for activity com.cyanogenmod.trebuchet/org.cyanogenmod.trebuchet.CustomHomeLauncher: pid=756 uid=10015 gids={50015, 1028}
01-03 19:56:38.540 D/ActivityThread(  719): handleBindApplication:com.android.phone
01-03 19:56:38.540 D/ActivityThread(  719): setTargetHeapUtilization:0.75
01-03 19:56:38.540 D/ActivityThread(  719): setTargetHeapMinFree:2097152
01-03 19:56:38.560 D/ActivityThread(  728): handleBindApplication:com.bel.android.dspmanager
01-03 19:56:38.560 D/ActivityThread(  728): setTargetHeapUtilization:0.75
01-03 19:56:38.560 D/ActivityThread(  728): setTargetHeapMinFree:2097152
01-03 19:56:38.590 D/ActivityThread(  734): handleBindApplication:com.android.incallui
01-03 19:56:38.590 D/ActivityThread(  734): setTargetHeapUtilization:0.75
01-03 19:56:38.590 D/ActivityThread(  734): setTargetHeapMinFree:2097152
01-03 19:56:38.590 V/Zygote  (  781): Switching descriptor 33 to /dev/null
01-03 19:56:38.590 V/Zygote  (  781): Switching descriptor 10 to /dev/null
01-03 19:56:38.610 I/ActivityManager(  488): Start proc com.android.printspooler for service com.android.printspooler/.PrintSpoolerService: pid=781 uid=10051 gids={50051}
01-03 19:56:38.620 I/LatinIME(  703): Hardware accelerated drawing: true
01-03 19:56:38.630 D/Tethering(  488): exception when get active network info:java.lang.NullPointerException
01-03 19:56:38.630 D/ActivityThread(  756): handleBindApplication:com.cyanogenmod.trebuchet
01-03 19:56:38.630 D/ActivityThread(  756): setTargetHeapUtilization:0.75
01-03 19:56:38.640 D/ActivityThread(  756): setTargetHeapMinFree:2097152
01-03 19:56:38.640 V/Zygote  (  791): Switching descriptor 33 to /dev/null
01-03 19:56:38.640 V/Zygote  (  791): Switching descriptor 10 to /dev/null
01-03 19:56:38.660 I/ActivityManager(  488): Start proc android.process.media for broadcast com.android.providers.media/.MtpReceiver: pid=791 uid=10007 gids={50007, 1028, 1015, 1023, 1024, 2001, 3003, 3007}
01-03 19:56:38.740 D/SystemUIService(  559): loading: class com.android.systemui.recent.Recents
01-03 19:56:38.740 D/SystemUIService(  559): running: com.android.systemui.recent.Recents@423600f8
01-03 19:56:38.740 D/SystemUIService(  559): loading: class com.android.systemui.statusbar.SystemBars
01-03 19:56:38.740 D/SystemUIService(  559): running: com.android.systemui.statusbar.SystemBars@423606e0
01-03 19:56:38.760 D/SystemUIService(  559): loading: class com.android.systemui.usb.StorageNotification
01-03 19:56:38.760 D/SystemUIService(  559): running: com.android.systemui.usb.StorageNotification@42362410
01-03 19:56:38.760 D/ActivityThread(  781): handleBindApplication:com.android.printspooler
01-03 19:56:38.760 D/ActivityThread(  781): setTargetHeapUtilization:0.75
01-03 19:56:38.760 D/ActivityThread(  781): setTargetHeapMinFree:2097152
01-03 19:56:38.780 D/SystemUIService(  559): loading: class com.android.systemui.power.PowerUI
01-03 19:56:38.780 D/SystemUIService(  559): running: com.android.systemui.power.PowerUI@42363c88
01-03 19:56:38.780 D/SystemUIService(  559): loading: class com.android.systemui.media.RingtonePlayer
01-03 19:56:38.780 D/SystemUIService(  559): running: com.android.systemui.media.RingtonePlayer@42365150
01-03 19:56:38.790 D/ActivityThread(  791): handleBindApplication:android.process.media
01-03 19:56:38.790 E/AudioPolicyManagerBase(  129): getDeviceForStrategy() speaker device not found for STRATEGY_SONIFICATION
01-03 19:56:38.790 E/AudioPolicyManagerBase(  129): getDeviceForStrategy() speaker device not found for STRATEGY_SONIFICATION
01-03 19:56:38.790 E/AudioPolicyManagerBase(  129): getDeviceForStrategy() speaker device not found for STRATEGY_SONIFICATION
01-03 19:56:38.790 E/AudioPolicyManagerBase(  129): getDeviceForStrategy() speaker device not found for STRATEGY_SONIFICATION
01-03 19:56:38.790 D/SystemUIService(  559): loading: class com.android.systemui.settings.SettingsUI
01-03 19:56:38.790 D/ActivityThread(  791): setTargetHeapUtilization:0.75
01-03 19:56:38.790 D/ActivityThread(  791): setTargetHeapMinFree:2097152
01-03 19:56:38.790 D/SystemUIService(  559): running: com.android.systemui.settings.SettingsUI@423664b0
01-03 19:56:38.820 I/fsck_msdos(  120): ** Phase 2 - Check Cluster Chains
01-03 19:56:38.860 D/BluetoothManagerService(  488): Message: 300
01-03 19:56:38.860 D/BluetoothManagerService(  488): MESSAGE_USER_SWITCHED
01-03 19:56:38.930 I/PrintSpoolerService(  781): No existing print spooler state.
01-03 19:56:38.960 D/Launcher.LauncherProvider(  756): 11683562 - initializeMaxScreenId(): 2
01-03 19:56:38.990 V/Launcher(  756): LauncherAppState inited
01-03 19:56:39.020 V/PhoneApp(  719): onCreate()...
01-03 19:56:39.020 E/ActivityThread(  756): Failed to find provider info for com.android.launcher2.settings
01-03 19:56:39.040 W/Launcher(  756): setApplicationContext called twice! old=com.android.launcher3.LauncherApplication@41d25928 new=com.android.launcher3.LauncherApplication@41d25928
01-03 19:56:39.050 I/Choreographer(  559): Skipped 34 frames!  The application may be doing too much work on its main thread.
01-03 19:56:39.120 W/InputAttributes(  703): No editor info for this field. Bug?
01-03 19:56:39.130 I/ResourceUtils(  703): Found default value: resource=keypress_vibration_durations build=[HARDWARE=us9230 MODEL=LA-Q1 BRAND=Yusun MANUFACTURER=Yusun] default=-1
01-03 19:56:39.130 I/ResourceUtils(  703): Found default value: resource=keypress_volumes build=[HARDWARE=us9230 MODEL=LA-Q1 BRAND=Yusun MANUFACTURER=Yusun] default=-1.0f
01-03 19:56:39.170 V/Zygote  (  831): Switching descriptor 33 to /dev/null
01-03 19:56:39.170 V/Zygote  (  831): Switching descriptor 10 to /dev/null
01-03 19:56:39.180 I/LatinIME:LogUtils(  703): Dictionary info: dictionary = userunigram.en_US.dict ; version = ? ; date = ?
01-03 19:56:39.180 I/ActivityManager(  488): Start proc android.process.acore for content provider com.android.providers.userdictionary/.UserDictionaryProvider: pid=831 uid=10004 gids={50004, 3003, 1028, 1015}
01-03 19:56:39.210 D/IccSmsInterfaceManager(  719): IccSmsInterfaceManager: initDispatchers()
01-03 19:56:39.210 I/fsck_msdos(  120): ** Phase 3 - Checking Directories
01-03 19:56:39.240 V/Zygote  (  846): Switching descriptor 33 to /dev/null
01-03 19:56:39.240 V/Zygote  (  846): Switching descriptor 10 to /dev/null
01-03 19:56:39.250 I/LatinIME:LogUtils(  703): Dictionary info: dictionary = ? ; version = 26 ; date = 1351062238
01-03 19:56:39.250 I/ActivityManager(  488): Start proc com.android.smspush for service com.android.smspush/.WapPushManager: pid=846 uid=10059 gids={50059}
01-03 19:56:39.270 D/ActivityThread(  831): handleBindApplication:android.process.acore
01-03 19:56:39.270 D/ActivityThread(  831): setTargetHeapUtilization:0.75
01-03 19:56:39.270 D/ActivityThread(  831): setTargetHeapMinFree:2097152
01-03 19:56:39.290 D/MockSmsReceiver(  719): Registered MockSmsReceiver
01-03 19:56:39.340 I/PackageManager(  488):   Action: "android.intent.action.SENDTO"
01-03 19:56:39.340 I/PackageManager(  488):   Category: "android.intent.category.DEFAULT"
01-03 19:56:39.340 I/PackageManager(  488):   Scheme: "sms"
01-03 19:56:39.340 I/PackageManager(  488): Adding preferred activity ComponentInfo{com.android.mms/com.android.mms.ui.ComposeMessageActivity} for user 0 :
01-03 19:56:39.350 D/BluetoothManagerService(  488): Message: 20
01-03 19:56:39.350 D/BluetoothManagerService(  488): Added callback: android.bluetooth.IBluetoothManagerCallback$Stub$Proxy@41f10008:true
01-03 19:56:39.350 D/BluetoothAdapter(  559): 1111131256: getState() :  mService = null. Returning STATE_OFF
01-03 19:56:39.350 D/BluetoothAdapter(  559): 1111131256: getState() :  mService = null. Returning STATE_OFF
01-03 19:56:39.360 D/ActivityThread(  846): handleBindApplication:com.android.smspush
01-03 19:56:39.360 D/ActivityThread(  846): setTargetHeapUtilization:0.75
01-03 19:56:39.360 D/ActivityThread(  846): setTargetHeapMinFree:2097152
01-03 19:56:39.390 I/PackageManager(  488):   Action: "android.intent.action.SENDTO"
01-03 19:56:39.390 I/PackageManager(  488):   Category: "android.intent.category.DEFAULT"
01-03 19:56:39.390 I/PackageManager(  488):   Scheme: "smsto"
01-03 19:56:39.390 I/PackageManager(  488): Adding preferred activity ComponentInfo{com.android.mms/com.android.mms.ui.ComposeMessageActivity} for user 0 :
01-03 19:56:39.420 I/StatusBarManagerService(  488): registerStatusBar bar=com.android.internal.statusbar.IStatusBar$Stub$Proxy@41ef7f68
01-03 19:56:39.420 D/PhoneStatusBar(  559): mSettingsPanelGravity = 55
01-03 19:56:39.420 I/PackageManager(  488):   Action: "android.intent.action.SENDTO"
01-03 19:56:39.420 I/PackageManager(  488):   Category: "android.intent.category.DEFAULT"
01-03 19:56:39.420 I/PackageManager(  488): Adding preferred activity ComponentInfo{com.android.mms/com.android.mms.ui.ComposeMessageActivity} for user 0 :
01-03 19:56:39.430 I/PackageManager(  488):   Scheme: "mms"
01-03 19:56:39.460 I/PackageManager(  488):   Action: "android.intent.action.SENDTO"
01-03 19:56:39.460 I/PackageManager(  488):   Category: "android.intent.category.DEFAULT"
01-03 19:56:39.460 I/PackageManager(  488):   Scheme: "mmsto"
01-03 19:56:39.460 I/PackageManager(  488): Adding preferred activity ComponentInfo{com.android.mms/com.android.mms.ui.ComposeMessageActivity} for user 0 :
01-03 19:56:39.500 W/ContextImpl(  719): Implicit intents with startService are not safe: Intent { act=org.codeaurora.ims.IImsService } android.content.ContextWrapper.bindService:517 android.content.ContextWrapper.bindService:517 com.android.phone.PhoneGlobals.createImsService:660 
01-03 19:56:39.500 D/PhoneApp(  719): IMSService bound request : false
01-03 19:56:39.500 D/NotificationMgr(  719): updateNotificationsAtStartup()...
01-03 19:56:39.500 W/ActivityManager(  488): Unable to start service Intent { act=org.codeaurora.ims.IImsService } U=0: not found
01-03 19:56:39.510 D/NotificationMgr(  719): - start call log query...
01-03 19:56:39.520 D/BluetoothManagerService(  488): Message: 20
01-03 19:56:39.520 D/BluetoothManagerService(  488): Added callback: android.bluetooth.IBluetoothManagerCallback$Stub$Proxy@41f69790:true
01-03 19:56:39.540 D/PhoneApp(  719): onCreate: mUpdateLock: android.os.UpdateLock@41d99578
01-03 19:56:39.550 D/CallController(  719): CallController constructor: app = com.android.phone.PhoneGlobals@41d3ea08
01-03 19:56:39.550 D/CallerInfoCache(  719): init()
01-03 19:56:39.550 D/CallerInfoCache(  719): startAsyncCache
01-03 19:56:39.550 D/CallerInfoCache(  719): setRepeatingCacheUpdateAlarm
01-03 19:56:39.550 D/CallerInfoCache(  719): Start refreshing cache.
01-03 19:56:39.550 I/LatinIME:LogUtils(  703): Dictionary info: dictionary = UserHistoryDictionary.en_US.dic ; version = ? ; date = 1294055037
01-03 19:56:39.560 I/LatinIME:LogUtils(  703): Dictionary info: dictionary = personalization.en_US.dict ; version = ? ; date = 1294027926
01-03 19:56:39.560 I/LatinIME:LogUtils(  703): Dictionary info: dictionary = PersonalizationPredictionDictio ; version = ? ; date = 1294027926
01-03 19:56:39.570 D/CallStateMonitor(  719): Adding Handler: Handler (com.android.phone.CallModeler) {41d9d9f8}
01-03 19:56:39.580 D/BluetoothManagerService(  488): Message: 30
01-03 19:56:39.590 I/fsck_msdos(  120): ** Phase 4 - Checking for Lost Files
01-03 19:56:39.630 D/CallHandlerServiceProxy(  719): init CallHandlerServiceProxy
01-03 19:56:39.630 D/CallHandlerServiceProxy(  719): CallHandlerService not conneccted. Skipping onAudioModeChange().
01-03 19:56:39.640 D/CallHandlerServiceProxy(  719): CallHandlerService not conneccted. SkippingonSupportedAudioModeChange().
01-03 19:56:39.640 D/PhoneInterfaceManager(  719): [PhoneIntfMgr] publish: com.android.phone.PhoneInterfaceManager@41dd31d0
01-03 19:56:39.650 D/CallStateMonitor(  719): Adding Handler: Handler (com.android.phone.CallNotifier) {41dd3f18}
01-03 19:56:39.650 D/AudioPolicyManagerBase(  129): getOutput() device 2, stream 0, samplingRate 0, format 0, channelMask 3, flags 0
01-03 19:56:39.650 W/AudioPolicyManagerBase(  129): getOutput() could not find output for stream 0, samplingRate 0,format 0, channels 3, flags 0
01-03 19:56:39.650 D/AudioPolicyManagerBase(  129): getOutput() returns output 0
01-03 19:56:39.650 E/ToneGenerator(  719): Unable to marshal AudioFlinger
01-03 19:56:39.650 E/ToneGenerator(  719): ToneGenerator init failed
01-03 19:56:39.650 D/CallNotifier(  719): CallNotifier: mSignalInfoToneGenerator created when toneplay
01-03 19:56:39.650 D/BluetoothManagerService(  488): Message: 30
01-03 19:56:39.650 V/PhoneApp(  719): register for ICC status
01-03 19:56:39.670 D/PhoneUtils(  719): setAudioMode()...IDLE
01-03 19:56:39.670 D/PhoneUtils(  719): setAudioMode() no change: MODE_NORMAL
01-03 19:56:39.670 D/FILD    (  412): OBEX: Core: Received packet with code: 0x3
01-03 19:56:39.670 D/FILD    (  412): OBEX: Core: Received packet with packet length: 0x3e
01-03 19:56:39.670 I/ICEUTIL (  412): WakelockActuate: writing fildLock to /sys/power/wake_lock
01-03 19:56:39.670 D/FILD    (  412): OBEX: Server: Looking callback for opcode: 0x3
01-03 19:56:39.670 D/FILD    (  412): OBEX: Server: Callbacks found
01-03 19:56:39.670 D/FILD    (  412): OBEX: File: GET request
01-03 19:56:39.670 D/FILD    (  412): OBEX: Core: Received header - LENGTH: 0x3b
01-03 19:56:39.670 D/FILD    (  412): OBEX: Core: Received unicode header - ID: 0x1
01-03 19:56:39.670 D/FILD    (  412): OBEX: File: NAME header with filename length: 0x1c
01-03 19:56:39.670 I/FILD    (  412): OBEX: File: HandleFirstGetResponse: stat /data/rfs//data/modem/transaction.log.
01-03 19:56:39.670 W/FILD    (  412): OBEX: ERR: Obj stat failure
01-03 19:56:39.670 D/FILD    (  412): OBEX: File: Reset global state
01-03 19:56:39.670 D/FILD    (  412): OBEX: Server: Operation failed: 0x3
01-03 19:56:39.670 D/FILD    (  412): OBEX: Server: Report error: 0xd0
01-03 19:56:39.670 I/ICEUTIL (  412): WakelockActuate: writing fildLock to /sys/power/wake_unlock
01-03 19:56:39.670 D/FILD    (  412): OBEX: Core: Received packet with code: 0x3
01-03 19:56:39.670 D/FILD    (  412): OBEX: Core: Received packet with packet length: 0x58
01-03 19:56:39.670 I/ICEUTIL (  412): WakelockActuate: writing fildLock to /sys/power/wake_lock
01-03 19:56:39.670 D/FILD    (  412): OBEX: Server: Looking callback for opcode: 0x3
01-03 19:56:39.670 D/FILD    (  412): OBEX: Server: Callbacks found
01-03 19:56:39.670 D/FILD    (  412): OBEX: File: GET request
01-03 19:56:39.670 D/FILD    (  412): OBEX: Core: Received header - LENGTH: 0x55
01-03 19:56:39.670 D/FILD    (  412): OBEX: Core: Received unicode header - ID: 0x1
01-03 19:56:39.670 D/FILD    (  412): OBEX: File: NAME header with filename length: 0x29
01-03 19:56:39.670 I/FILD    (  412): OBEX: File: HandleFirstGetResponse: stat /data/rfs//data/modem/NRAM2_ME_PERSONALISATION.bin.
01-03 19:56:39.670 W/FILD    (  412): OBEX: ERR: Obj stat failure
01-03 19:56:39.670 D/FILD    (  412): OBEX: File: Reset global state
01-03 19:56:39.670 D/FILD    (  412): OBEX: Server: Operation failed: 0x3
01-03 19:56:39.670 D/FILD    (  412): OBEX: Server: Report error: 0xd0
01-03 19:56:39.670 I/ICEUTIL (  412): WakelockActuate: writing fildLock to /sys/power/wake_unlock
01-03 19:56:39.670 D/FILD    (  412): OBEX: Core: Received packet with code: 0x3
01-03 19:56:39.670 D/FILD    (  412): OBEX: Core: Received packet with packet length: 0x3e
01-03 19:56:39.670 I/ICEUTIL (  412): WakelockActuate: writing fildLock to /sys/power/wake_lock
01-03 19:56:39.670 D/FILD    (  412): OBEX: Server: Looking callback for opcode: 0x3
01-03 19:56:39.670 D/FILD    (  412): OBEX: Server: Callbacks found
01-03 19:56:39.670 D/FILD    (  412): OBEX: File: GET request
01-03 19:56:39.670 D/FILD    (  412): OBEX: Core: Received header - LENGTH: 0x3b
01-03 19:56:39.670 D/FILD    (  412): OBEX: Core: Received unicode header - ID: 0x1
01-03 19:56:39.670 D/FILD    (  412): OBEX: File: NAME header with filename length: 0x1c
01-03 19:56:39.670 I/FILD    (  412): OBEX: File: HandleFirstGetResponse: stat /data/rfs//data/modem/transaction.log.
01-03 19:56:39.670 W/FILD    (  412): OBEX: ERR: Obj stat failure
01-03 19:56:39.670 D/FILD    (  412): OBEX: File: Reset global state
01-03 19:56:39.670 D/FILD    (  412): OBEX: Server: Operation failed: 0x3
01-03 19:56:39.670 D/FILD    (  412): OBEX: Server: Report error: 0xd0
01-03 19:56:39.670 I/ICEUTIL (  412): WakelockActuate: writing fildLock to /sys/power/wake_unlock
01-03 19:56:39.670 D/FILD    (  412): OBEX: Core: Received packet with code: 0x3
01-03 19:56:39.670 D/FILD    (  412): OBEX: Core: Received packet with packet length: 0x50
01-03 19:56:39.680 I/ICEUTIL (  412): WakelockActuate: writing fildLock to /sys/power/wake_lock
01-03 19:56:39.680 D/FILD    (  412): OBEX: Server: Looking callback for opcode: 0x3
01-03 19:56:39.680 D/FILD    (  412): OBEX: Server: Callbacks found
01-03 19:56:39.680 D/FILD    (  412): OBEX: File: GET request
01-03 19:56:39.680 D/FILD    (  412): OBEX: Core: Received header - LENGTH: 0x4d
01-03 19:56:39.680 D/FILD    (  412): OBEX: Core: Received unicode header - ID: 0x1
01-03 19:56:39.680 D/FILD    (  412): OBEX: File: NAME header with filename length: 0x25
01-03 19:56:39.680 I/FILD    (  412): OBEX: File: HandleFirstGetResponse: stat /data/rfs//data/modem/NRAM2_KNOWN_SIM_DATA.bin.
01-03 19:56:39.680 W/FILD    (  412): OBEX: ERR: Obj stat failure
01-03 19:56:39.680 D/FILD    (  412): OBEX: File: Reset global state
01-03 19:56:39.680 D/FILD    (  412): OBEX: Server: Operation failed: 0x3
01-03 19:56:39.680 D/FILD    (  412): OBEX: Server: Report error: 0xd0
01-03 19:56:39.680 I/ICEUTIL (  412): WakelockActuate: writing fildLock to /sys/power/wake_unlock
01-03 19:56:39.680 D/FILD    (  412): OBEX: Core: Received packet with code: 0x3
01-03 19:56:39.680 D/FILD    (  412): OBEX: Core: Received packet with packet length: 0x3e
01-03 19:56:39.680 I/ICEUTIL (  412): WakelockActuate: writing fildLock to /sys/power/wake_lock
01-03 19:56:39.680 D/FILD    (  412): OBEX: Server: Looking callback for opcode: 0x3
01-03 19:56:39.680 D/FILD    (  412): OBEX: Server: Callbacks found
01-03 19:56:39.680 D/FILD    (  412): OBEX: File: GET request
01-03 19:56:39.680 D/FILD    (  412): OBEX: Core: Received header - LENGTH: 0x3b
01-03 19:56:39.680 D/FILD    (  412): OBEX: Core: Received unicode header - ID: 0x1
01-03 19:56:39.680 D/FILD    (  412): OBEX: File: NAME header with filename length: 0x1c
01-03 19:56:39.680 I/FILD    (  412): OBEX: File: HandleFirstGetResponse: stat /data/rfs//data/modem/transaction.log.
01-03 19:56:39.680 W/FILD    (  412): OBEX: ERR: Obj stat failure
01-03 19:56:39.680 D/FILD    (  412): OBEX: File: Reset global state
01-03 19:56:39.680 D/FILD    (  412): OBEX: Server: Operation failed: 0x3
01-03 19:56:39.680 D/FILD    (  412): OBEX: Server: Report error: 0xd0
01-03 19:56:39.680 I/ICEUTIL (  412): WakelockActuate: writing fildLock to /sys/power/wake_unlock
01-03 19:56:39.680 D/FILD    (  412): OBEX: Core: Received packet with code: 0x3
01-03 19:56:39.680 D/FILD    (  412): OBEX: Core: Received packet with packet length: 0x60
01-03 19:56:39.680 I/ICEUTIL (  412): WakelockActuate: writing fildLock to /sys/power/wake_lock
01-03 19:56:39.680 D/FILD    (  412): OBEX: Server: Looking callback for opcode: 0x3
01-03 19:56:39.680 D/FILD    (  412): OBEX: Server: Callbacks found
01-03 19:56:39.680 D/FILD    (  412): OBEX: File: GET request
01-03 19:56:39.680 D/FILD    (  412): OBEX: Core: Received header - LENGTH: 0x5d
01-03 19:56:39.680 D/FILD    (  412): OBEX: Core: Received unicode header - ID: 0x1
01-03 19:56:39.680 D/FILD    (  412): OBEX: File: NAME header with filename length: 0x2d
01-03 19:56:39.680 I/FILD    (  412): OBEX: File: HandleFirstGetResponse: stat /data/rfs//data/modem/NRAM2_PLMN_CARRIER_LIST_DATA.bin.
01-03 19:56:39.680 W/FILD    (  412): OBEX: ERR: Obj stat failure
01-03 19:56:39.680 D/FILD    (  412): OBEX: File: Reset global state
01-03 19:56:39.680 D/FILD    (  412): OBEX: Server: Operation failed: 0x3
01-03 19:56:39.680 D/FILD    (  412): OBEX: Server: Report error: 0xd0
01-03 19:56:39.680 I/ICEUTIL (  412): WakelockActuate: writing fildLock to /sys/power/wake_unlock
01-03 19:56:39.680 D/FILD    (  412): OBEX: Core: Received packet with code: 0x3
01-03 19:56:39.680 D/FILD    (  412): OBEX: Core: Received packet with packet length: 0x3e
01-03 19:56:39.680 I/ICEUTIL (  412): WakelockActuate: writing fildLock to /sys/power/wake_lock
01-03 19:56:39.680 D/FILD    (  412): OBEX: Server: Looking callback for opcode: 0x3
01-03 19:56:39.680 D/FILD    (  412): OBEX: Server: Callbacks found
01-03 19:56:39.680 D/FILD    (  412): OBEX: File: GET request
01-03 19:56:39.680 D/FILD    (  412): OBEX: Core: Received header - LENGTH: 0x3b
01-03 19:56:39.680 D/FILD    (  412): OBEX: Core: Received unicode header - ID: 0x1
01-03 19:56:39.680 D/FILD    (  412): OBEX: File: NAME header with filename length: 0x1c
01-03 19:56:39.680 I/FILD    (  412): OBEX: File: HandleFirstGetResponse: stat /data/rfs//data/modem/transaction.log.
01-03 19:56:39.680 W/FILD    (  412): OBEX: ERR: Obj stat failure
01-03 19:56:39.680 D/FILD    (  412): OBEX: File: Reset global state
01-03 19:56:39.680 D/FILD    (  412): OBEX: Server: Operation failed: 0x3
01-03 19:56:39.680 D/FILD    (  412): OBEX: Server: Report error: 0xd0
01-03 19:56:39.680 I/ICEUTIL (  412): WakelockActuate: writing fildLock to /sys/power/wake_unlock
01-03 19:56:39.690 D/FILD    (  412): OBEX: Core: Received packet with code: 0x3
01-03 19:56:39.690 D/FILD    (  412): OBEX: Core: Received packet with packet length: 0x5e
01-03 19:56:39.690 I/ICEUTIL (  412): WakelockActuate: writing fildLock to /sys/power/wake_lock
01-03 19:56:39.690 D/FILD    (  412): OBEX: Server: Looking callback for opcode: 0x3
01-03 19:56:39.690 D/FILD    (  412): OBEX: Server: Callbacks found
01-03 19:56:39.690 D/FILD    (  412): OBEX: File: GET request
01-03 19:56:39.690 D/FILD    (  412): OBEX: Core: Received header - LENGTH: 0x5b
01-03 19:56:39.690 D/FILD    (  412): OBEX: Core: Received unicode header - ID: 0x1
01-03 19:56:39.690 D/FILD    (  412): OBEX: File: NAME header with filename length: 0x2c
01-03 19:56:39.690 I/FILD    (  412): OBEX: File: HandleFirstGetResponse: stat /data/rfs//data/modem/NRAM2_MCC_CARRIER_LIST_DATA.bin.
01-03 19:56:39.690 W/FILD    (  412): OBEX: ERR: Obj stat failure
01-03 19:56:39.690 D/FILD    (  412): OBEX: File: Reset global state
01-03 19:56:39.690 D/FILD    (  412): OBEX: Server: Operation failed: 0x3
01-03 19:56:39.690 D/FILD    (  412): OBEX: Server: Report error: 0xd0
01-03 19:56:39.690 I/ICEUTIL (  412): WakelockActuate: writing fildLock to /sys/power/wake_unlock
01-03 19:56:39.710 D/FILD    (  412): OBEX: Core: Received packet with code: 0x3
01-03 19:56:39.710 D/FILD    (  412): OBEX: Core: Received packet with packet length: 0x3a
01-03 19:56:39.710 I/ICEUTIL (  412): WakelockActuate: writing fildLock to /sys/power/wake_lock
01-03 19:56:39.710 D/FILD    (  412): OBEX: Server: Looking callback for opcode: 0x3
01-03 19:56:39.710 D/FILD    (  412): OBEX: Server: Callbacks found
01-03 19:56:39.710 D/FILD    (  412): OBEX: File: GET request
01-03 19:56:39.710 D/FILD    (  412): OBEX: Core: Received header - LENGTH: 0x37
01-03 19:56:39.710 D/FILD    (  412): OBEX: Core: Received unicode header - ID: 0x1
01-03 19:56:39.710 D/FILD    (  412): OBEX: File: NAME header with filename length: 0x1a
01-03 19:56:39.710 I/FILD    (  412): OBEX: File: HandleFirstGetResponse: stat /data/rfs//data/debug/crashview_idx.
01-03 19:56:39.710 I/FILD    (  412): OBEX: File: HandleFirstGetResponse: opening /data/rfs//data/debug/crashview_idx
01-03 19:56:39.710 I/FILD    (  412): OBEX: File: HandleFirstGetResponse: get /data/rfs//data/debug/crashview_idx size
01-03 19:56:39.710 I/FILD    (  412): OBEX: File: HandleFirstGetResponse: size 8
01-03 19:56:39.710 D/FILD    (  412): OBEX: File: HandleFirstGetResponse: send packet
01-03 19:56:39.710 I/ICEUTIL (  412): WakelockActuate: writing fildLock to /sys/power/wake_unlock
01-03 19:56:39.710 D/FILD    (  412): OBEX: Core: Received packet with code: 0x83
01-03 19:56:39.710 D/FILD    (  412): OBEX: Core: Received packet with packet length: 0x3
01-03 19:56:39.710 I/ICEUTIL (  412): WakelockActuate: writing fildLock to /sys/power/wake_lock
01-03 19:56:39.710 D/FILD    (  412): OBEX: Server: Looking callback for opcode: 0x83
01-03 19:56:39.710 D/FILD    (  412): OBEX: Server: Callbacks found
01-03 19:56:39.710 D/FILD    (  412): OBEX: File: GET_FINAL request
01-03 19:56:39.710 I/FILD    (  412): OBEX: File: HandleGetFile: read in /data/rfs//data/debug/crashview_idx
01-03 19:56:39.720 V/Zygote  (  889): Switching descriptor 33 to /dev/null
01-03 19:56:39.720 V/Zygote  (  889): Switching descriptor 10 to /dev/null
01-03 19:56:39.720 I/ActivityManager(  488): Start proc com.android.settings for broadcast com.android.settings/.widget.SettingsAppWidgetProvider: pid=889 uid=1000 gids={41000, 1028, 1015, 3002, 3001, 3003}
01-03 19:56:39.720 D/MobileDataStateTracker(  488): fota: Broadcast received: android.intent.action.ANY_DATA_STATE apnType=fota
01-03 19:56:39.740 D/MobileDataStateTracker(  488): fota: Received state=DISCONNECTED, old=DISCONNECTED, reason=radioTurnedOff
01-03 19:56:39.740 D/MobileDataStateTracker(  488): supl: Broadcast received: android.intent.action.ANY_DATA_STATE apnType=supl
01-03 19:56:39.740 D/MobileDataStateTracker(  488): supl: Received state=DISCONNECTED, old=DISCONNECTED, reason=radioTurnedOff
01-03 19:56:39.740 D/MobileDataStateTracker(  488): hipri: Broadcast received: android.intent.action.ANY_DATA_STATE apnType=hipri
01-03 19:56:39.760 D/MobileDataStateTracker(  488): hipri: Received state=DISCONNECTED, old=DISCONNECTED, reason=radioTurnedOff
01-03 19:56:39.760 D/FILD    (  412): OBEX: File: HandleGetFile: send packet with code 0xa0 and header 0x49
01-03 19:56:39.760 D/FILD    (  412): OBEX: File: Reset global state
01-03 19:56:39.760 I/FILD    (  412): OBEX: File: CloseFile: closing file (/data/rfs//data/debug/crashview_idx)
01-03 19:56:39.760 I/ICEUTIL (  412): WakelockActuate: writing fildLock to /sys/power/wake_unlock
01-03 19:56:39.760 D/FILD    (  412): OBEX: Core: Received packet with code: 0x3
01-03 19:56:39.760 D/FILD    (  412): OBEX: Core: Received packet with packet length: 0x1e
01-03 19:56:39.760 I/ICEUTIL (  412): WakelockActuate: writing fildLock to /sys/power/wake_lock
01-03 19:56:39.760 D/FILD    (  412): OBEX: Server: Looking callback for opcode: 0x3
01-03 19:56:39.760 D/FILD    (  412): OBEX: Server: Callbacks found
01-03 19:56:39.760 D/FILD    (  412): OBEX: File: GET request
01-03 19:56:39.760 D/FILD    (  412): OBEX: Core: Received header - LENGTH: 0x1b
01-03 19:56:39.760 D/FILD    (  412): OBEX: Core: Received unicode header - ID: 0x1
01-03 19:56:39.760 D/FILD    (  412): OBEX: File: NAME header with filename length: 0xc
01-03 19:56:39.760 I/FILD    (  412): OBEX: File: HandleFirstGetResponse: stat /data/rfs//data/debug.
01-03 19:56:39.760 I/FILD    (  412): OBEX: File: HandleFirstGetResponse: opening /data/rfs//data/debug
01-03 19:56:39.760 D/FILD    (  412): OBEX: File: HandleFirstGetResponse: send packet
01-03 19:56:39.760 I/ICEUTIL (  412): WakelockActuate: writing fildLock to /sys/power/wake_unlock
01-03 19:56:39.760 D/FILD    (  412): OBEX: Core: Received packet with code: 0x83
01-03 19:56:39.760 D/FILD    (  412): OBEX: Core: Received packet with packet length: 0x3
01-03 19:56:39.760 I/ICEUTIL (  412): WakelockActuate: writing fildLock to /sys/power/wake_lock
01-03 19:56:39.760 D/FILD    (  412): OBEX: Server: Looking callback for opcode: 0x83
01-03 19:56:39.760 D/FILD    (  412): OBEX: Server: Callbacks found
01-03 19:56:39.760 D/FILD    (  412): OBEX: File: GET_FINAL request
01-03 19:56:39.760 D/FILD    (  412): OBEX: File: HandleGetDir: send packet with code 0xa0 and header 0x49
01-03 19:56:39.760 D/FILD    (  412): OBEX: File: Reset global state
01-03 19:56:39.760 I/FILD    (  412): OBEX: File: CloseDir: closing dir
01-03 19:56:39.760 I/ICEUTIL (  412): WakelockActuate: writing fildLock to /sys/power/wake_unlock
01-03 19:56:39.760 D/FILD    (  412): OBEX: Core: Received packet with code: 0x3
01-03 19:56:39.760 D/FILD    (  412): OBEX: Core: Received packet with packet length: 0x1e
01-03 19:56:39.760 I/ICEUTIL (  412): WakelockActuate: writing fildLock to /sys/power/wake_lock
01-03 19:56:39.760 D/FILD    (  412): OBEX: Server: Looking callback for opcode: 0x3
01-03 19:56:39.760 D/FILD    (  412): OBEX: Server: Callbacks found
01-03 19:56:39.760 D/FILD    (  412): OBEX: File: GET request
01-03 19:56:39.760 D/FILD    (  412): OBEX: Core: Received header - LENGTH: 0x1b
01-03 19:56:39.760 D/FILD    (  412): OBEX: Core: Received unicode header - ID: 0x1
01-03 19:56:39.760 D/FILD    (  412): OBEX: File: NAME header with filename length: 0xc
01-03 19:56:39.760 I/FILD    (  412): OBEX: File: HandleFirstGetResponse: stat /data/rfs//data/debug.
01-03 19:56:39.760 I/FILD    (  412): OBEX: File: HandleFirstGetResponse: opening /data/rfs//data/debug
01-03 19:56:39.760 D/FILD    (  412): OBEX: File: HandleFirstGetResponse: send packet
01-03 19:56:39.760 I/ICEUTIL (  412): WakelockActuate: writing fildLock to /sys/power/wake_unlock
01-03 19:56:39.760 D/FILD    (  412): OBEX: Core: Received packet with code: 0x83
01-03 19:56:39.760 D/FILD    (  412): OBEX: Core: Received packet with packet length: 0x3
01-03 19:56:39.760 I/ICEUTIL (  412): WakelockActuate: writing fildLock to /sys/power/wake_lock
01-03 19:56:39.760 D/FILD    (  412): OBEX: Server: Looking callback for opcode: 0x83
01-03 19:56:39.760 D/FILD    (  412): OBEX: Server: Callbacks found
01-03 19:56:39.760 D/FILD    (  412): OBEX: File: GET_FINAL request
01-03 19:56:39.760 D/FILD    (  412): OBEX: File: HandleGetDir: send packet with code 0xa0 and header 0x49
01-03 19:56:39.760 D/MobileDataStateTracker(  488): ims: Broadcast received: android.intent.action.ANY_DATA_STATE apnType=ims
01-03 19:56:39.770 D/FILD    (  412): OBEX: File: Reset global state
01-03 19:56:39.770 I/FILD    (  412): OBEX: File: CloseDir: closing dir
01-03 19:56:39.770 I/ICEUTIL (  412): WakelockActuate: writing fildLock to /sys/power/wake_unlock
01-03 19:56:39.770 D/FILD    (  412): OBEX: Core: Received packet with code: 0x2
01-03 19:56:39.770 D/FILD    (  412): OBEX: Core: Received packet with packet length: 0x3a
01-03 19:56:39.770 I/ICEUTIL (  412): WakelockActuate: writing fildLock to /sys/power/wake_lock
01-03 19:56:39.770 D/FILD    (  412): OBEX: Server: Looking callback for opcode: 0x2
01-03 19:56:39.770 D/FILD    (  412): OBEX: Server: Callbacks found
01-03 19:56:39.770 D/FILD    (  412): OBEX: File: PUT request
01-03 19:56:39.770 D/FILD    (  412): OBEX: Core: Received header - LENGTH: 0x37
01-03 19:56:39.770 D/FILD    (  412): OBEX: Core: Received unicode header - ID: 0x1
01-03 19:56:39.770 D/FILD    (  412): OBEX: File: NAME header with filename length: 0x1a
01-03 19:56:39.770 D/FILD    (  412): OBEX: File: HandlePutRequest: send OBEX_RESP_CONT_FBS
01-03 19:56:39.770 I/ICEUTIL (  412): WakelockActuate: writing fildLock to /sys/power/wake_unlock
01-03 19:56:39.770 D/MobileDataStateTracker(  488): ims: Received state=DISCONNECTED, old=DISCONNECTED, reason=radioTurnedOff
01-03 19:56:39.770 D/MobileDataStateTracker(  488): default: Broadcast received: android.intent.action.ANY_DATA_STATE apnType=default
01-03 19:56:39.770 D/MobileDataStateTracker(  488): default: Received state=DISCONNECTED, old=DISCONNECTED, reason=radioTurnedOff
01-03 19:56:39.770 D/MobileDataStateTracker(  488): mms: Broadcast received: android.intent.action.ANY_DATA_STATE apnType=mms
01-03 19:56:39.770 D/MobileDataStateTracker(  488): mms: Received state=DISCONNECTED, old=DISCONNECTED, reason=radioTurnedOff
01-03 19:56:39.770 D/MobileDataStateTracker(  488): cbs: Broadcast received: android.intent.action.ANY_DATA_STATE apnType=cbs
01-03 19:56:39.780 D/FILD    (  412): OBEX: Core: Received packet with code: 0x82
01-03 19:56:39.780 D/FILD    (  412): OBEX: Core: Received packet with packet length: 0xe
01-03 19:56:39.780 I/ICEUTIL (  412): WakelockActuate: writing fildLock to /sys/power/wake_lock
01-03 19:56:39.780 D/FILD    (  412): OBEX: Server: Looking callback for opcode: 0x82
01-03 19:56:39.780 D/FILD    (  412): OBEX: Server: Callbacks found
01-03 19:56:39.780 D/FILD    (  412): OBEX: File: PUT_FINAL request
01-03 19:56:39.780 D/FILD    (  412): OBEX: Core: Received header - LENGTH: 0xb
01-03 19:56:39.780 D/FILD    (  412): OBEX: Core: Received byte-sequence header - ID: 0x49
01-03 19:56:39.780 I/FILD    (  412): OBEX: File: HandleBodyEndOfBodyHeaders: opening /data/rfs//data/debug/crashview_idx for creating.
01-03 19:56:39.780 I/FILD    (  412): OBEX: File: HandleBodyEndOfBodyHeaders: write in /data/rfs//data/debug/crashview_idx
01-03 19:56:39.780 D/FILD    (  412): OBEX: File: END_OF_BODY header with content length: 0x8
01-03 19:56:39.780 I/FILD    (  412): OBEX: File: CloseFile: closing file (/data/rfs//data/debug/crashview_idx)
01-03 19:56:39.780 D/FILD    (  412): OBEX: File: HandlePutRequest: send OBEX_RESP_OK_FBS
01-03 19:56:39.780 I/ICEUTIL (  412): WakelockActuate: writing fildLock to /sys/power/wake_unlock
01-03 19:56:39.790 D/MobileDataStateTracker(  488): cbs: Received state=DISCONNECTED, old=DISCONNECTED, reason=radioTurnedOff
01-03 19:56:39.790 D/MobileDataStateTracker(  488): fota: Broadcast received: android.intent.action.ANY_DATA_STATE apnType=fota
01-03 19:56:39.790 D/MobileDataStateTracker(  488): fota: Received state=DISCONNECTED, old=DISCONNECTED, reason=radioTurnedOff
01-03 19:56:39.790 D/MobileDataStateTracker(  488): supl: Broadcast received: android.intent.action.ANY_DATA_STATE apnType=supl
01-03 19:56:39.810 D/MobileDataStateTracker(  488): supl: Received state=DISCONNECTED, old=DISCONNECTED, reason=radioTurnedOff
01-03 19:56:39.810 D/MobileDataStateTracker(  488): hipri: Broadcast received: android.intent.action.ANY_DATA_STATE apnType=hipri
01-03 19:56:39.810 D/MobileDataStateTracker(  488): hipri: Received state=DISCONNECTED, old=DISCONNECTED, reason=radioTurnedOff
01-03 19:56:39.810 I/fsck_msdos(  120): 169 files, 2830472 free (1926673 clusters)
01-03 19:56:39.810 D/MobileDataStateTracker(  488): ims: Broadcast received: android.intent.action.ANY_DATA_STATE apnType=ims
01-03 19:56:39.820 D/MobileDataStateTracker(  488): ims: Received state=DISCONNECTED, old=DISCONNECTED, reason=radioTurnedOff
01-03 19:56:39.820 D/MobileDataStateTracker(  488): default: Broadcast received: android.intent.action.ANY_DATA_STATE apnType=default
01-03 19:56:39.820 D/MobileDataStateTracker(  488): default: Received state=DISCONNECTED, old=DISCONNECTED, reason=radioTurnedOff
01-03 19:56:39.820 D/MobileDataStateTracker(  488): mms: Broadcast received: android.intent.action.ANY_DATA_STATE apnType=mms
01-03 19:56:39.830 D/MobileDataStateTracker(  488): mms: Received state=DISCONNECTED, old=DISCONNECTED, reason=radioTurnedOff
01-03 19:56:39.830 D/MobileDataStateTracker(  488): cbs: Broadcast received: android.intent.action.ANY_DATA_STATE apnType=cbs
01-03 19:56:39.840 D/MobileDataStateTracker(  488): cbs: Received state=DISCONNECTED, old=DISCONNECTED, reason=radioTurnedOff
01-03 19:56:39.840 D/MobileDataStateTracker(  488): fota: Broadcast received: android.intent.action.ANY_DATA_STATE apnType=fota
01-03 19:56:39.840 D/MobileDataStateTracker(  488): fota: Received state=DISCONNECTED, old=DISCONNECTED, reason=dataDetached
01-03 19:56:39.850 D/MobileDataStateTracker(  488): supl: Broadcast received: android.intent.action.ANY_DATA_STATE apnType=supl
01-03 19:56:39.850 D/MobileDataStateTracker(  488): supl: Received state=DISCONNECTED, old=DISCONNECTED, reason=dataDetached
01-03 19:56:39.850 D/MobileDataStateTracker(  488): hipri: Broadcast received: android.intent.action.ANY_DATA_STATE apnType=hipri
01-03 19:56:39.850 I/Vold    (  120): Filesystem check completed OK
01-03 19:56:39.850 D/FILD    (  412): OBEX: Core: Received packet with code: 0x3
01-03 19:56:39.850 D/FILD    (  412): OBEX: Core: Received packet with packet length: 0x3a
01-03 19:56:39.850 I/ICEUTIL (  412): WakelockActuate: writing fildLock to /sys/power/wake_lock
01-03 19:56:39.850 D/FILD    (  412): OBEX: Server: Looking callback for opcode: 0x3
01-03 19:56:39.850 D/FILD    (  412): OBEX: Server: Callbacks found
01-03 19:56:39.850 D/FILD    (  412): OBEX: File: GET request
01-03 19:56:39.850 D/FILD    (  412): OBEX: Core: Received header - LENGTH: 0x37
01-03 19:56:39.850 D/FILD    (  412): OBEX: Core: Received unicode header - ID: 0x1
01-03 19:56:39.850 D/FILD    (  412): OBEX: File: NAME header with filename length: 0x1a
01-03 19:56:39.850 I/FILD    (  412): OBEX: File: HandleFirstGetResponse: stat /data/rfs//data/factory/ft_data.bin.
01-03 19:56:39.850 W/FILD    (  412): OBEX: ERR: Obj stat failure
01-03 19:56:39.850 D/FILD    (  412): OBEX: File: Reset global state
01-03 19:56:39.850 D/FILD    (  412): OBEX: Server: Operation failed: 0x3
01-03 19:56:39.850 D/FILD    (  412): OBEX: Server: Report error: 0xd0
01-03 19:56:39.850 D/MobileDataStateTracker(  488): hipri: Received state=DISCONNECTED, old=DISCONNECTED, reason=dataDetached
01-03 19:56:39.850 D/MobileDataStateTracker(  488): ims: Broadcast received: android.intent.action.ANY_DATA_STATE apnType=ims
01-03 19:56:39.860 I/ICEUTIL (  412): WakelockActuate: writing fildLock to /sys/power/wake_unlock
01-03 19:56:39.860 D/FILD    (  412): OBEX: Core: Received packet with code: 0x3
01-03 19:56:39.860 D/FILD    (  412): OBEX: Core: Received packet with packet length: 0x2a
01-03 19:56:39.860 I/ICEUTIL (  412): WakelockActuate: writing fildLock to /sys/power/wake_lock
01-03 19:56:39.860 D/FILD    (  412): OBEX: Server: Looking callback for opcode: 0x3
01-03 19:56:39.860 D/FILD    (  412): OBEX: Server: Callbacks found
01-03 19:56:39.860 D/FILD    (  412): OBEX: File: GET request
01-03 19:56:39.860 D/FILD    (  412): OBEX: Core: Received header - LENGTH: 0x27
01-03 19:56:39.860 D/FILD    (  412): OBEX: Core: Received unicode header - ID: 0x1
01-03 19:56:39.860 D/FILD    (  412): OBEX: File: NAME header with filename length: 0x12
01-03 19:56:39.860 I/FILD    (  412): OBEX: File: HandleFirstGetResponse: stat /data/rfs//data/ft_data.bin.
01-03 19:56:39.860 W/FILD    (  412): OBEX: ERR: Obj stat failure
01-03 19:56:39.860 D/FILD    (  412): OBEX: File: Reset global state
01-03 19:56:39.860 D/FILD    (  412): OBEX: Server: Operation failed: 0x3
01-03 19:56:39.860 D/FILD    (  412): OBEX: Server: Report error: 0xd0
01-03 19:56:39.860 I/ICEUTIL (  412): WakelockActuate: writing fildLock to /sys/power/wake_unlock
01-03 19:56:39.860 D/TelephonyDebugService(  719): TelephonyDebugService()
01-03 19:56:39.860 D/MobileDataStateTracker(  488): ims: Received state=DISCONNECTED, old=DISCONNECTED, reason=dataDetached
01-03 19:56:39.860 D/MobileDataStateTracker(  488): default: Broadcast received: android.intent.action.ANY_DATA_STATE apnType=default
01-03 19:56:39.860 D/FILD    (  412): OBEX: Core: Received packet with code: 0x3
01-03 19:56:39.860 D/FILD    (  412): OBEX: Core: Received packet with packet length: 0x3e
01-03 19:56:39.860 I/ICEUTIL (  412): WakelockActuate: writing fildLock to /sys/power/wake_lock
01-03 19:56:39.860 D/FILD    (  412): OBEX: Server: Looking callback for opcode: 0x3
01-03 19:56:39.860 D/FILD    (  412): OBEX: Server: Callbacks found
01-03 19:56:39.860 D/FILD    (  412): OBEX: File: GET request
01-03 19:56:39.860 D/FILD    (  412): OBEX: Core: Received header - LENGTH: 0x3b
01-03 19:56:39.860 D/FILD    (  412): OBEX: Core: Received unicode header - ID: 0x1
01-03 19:56:39.860 D/FILD    (  412): OBEX: File: NAME header with filename length: 0x1c
01-03 19:56:39.860 I/FILD    (  412): OBEX: File: HandleFirstGetResponse: stat /data/rfs//data/modem/transaction.log.
01-03 19:56:39.860 W/FILD    (  412): OBEX: ERR: Obj stat failure
01-03 19:56:39.860 D/FILD    (  412): OBEX: File: Reset global state
01-03 19:56:39.860 D/FILD    (  412): OBEX: Server: Operation failed: 0x3
01-03 19:56:39.860 D/FILD    (  412): OBEX: Server: Report error: 0xd0
01-03 19:56:39.860 I/ICEUTIL (  412): WakelockActuate: writing fildLock to /sys/power/wake_unlock
01-03 19:56:39.860 D/FILD    (  412): OBEX: Core: Received packet with code: 0x3
01-03 19:56:39.860 D/FILD    (  412): OBEX: Core: Received packet with packet length: 0x5e
01-03 19:56:39.860 I/ICEUTIL (  412): WakelockActuate: writing fildLock to /sys/power/wake_lock
01-03 19:56:39.860 D/FILD    (  412): OBEX: Server: Looking callback for opcode: 0x3
01-03 19:56:39.860 D/FILD    (  412): OBEX: Server: Callbacks found
01-03 19:56:39.860 D/FILD    (  412): OBEX: File: GET request
01-03 19:56:39.860 D/FILD    (  412): OBEX: Core: Received header - LENGTH: 0x5b
01-03 19:56:39.860 D/FILD    (  412): OBEX: Core: Received unicode header - ID: 0x1
01-03 19:56:39.860 D/FILD    (  412): OBEX: File: NAME header with filename length: 0x2c
01-03 19:56:39.860 I/FILD    (  412): OBEX: File: HandleFirstGetResponse: stat /data/rfs//data/modem/NRAM2_MOBILE_EQUIPMENT_DATA.bin.
01-03 19:56:39.860 W/FILD    (  412): OBEX: ERR: Obj stat failure
01-03 19:56:39.860 D/FILD    (  412): OBEX: File: Reset global state
01-03 19:56:39.860 D/FILD    (  412): OBEX: Server: Operation failed: 0x3
01-03 19:56:39.860 D/FILD    (  412): OBEX: Server: Report error: 0xd0
01-03 19:56:39.860 I/ICEUTIL (  412): WakelockActuate: writing fildLock to /sys/power/wake_unlock
01-03 19:56:39.870 D/FILD    (  412): OBEX: Core: Received packet with code: 0x3
01-03 19:56:39.870 D/FILD    (  412): OBEX: Core: Received packet with packet length: 0x3a
01-03 19:56:39.870 I/ICEUTIL (  412): WakelockActuate: writing fildLock to /sys/power/wake_lock
01-03 19:56:39.870 D/FILD    (  412): OBEX: Server: Looking callback for opcode: 0x3
01-03 19:56:39.870 D/FILD    (  412): OBEX: Server: Callbacks found
01-03 19:56:39.870 D/FILD    (  412): OBEX: File: GET request
01-03 19:56:39.870 D/FILD    (  412): OBEX: Core: Received header - LENGTH: 0x37
01-03 19:56:39.870 D/FILD    (  412): OBEX: Core: Received unicode header - ID: 0x1
01-03 19:56:39.870 D/FILD    (  412): OBEX: File: NAME header with filename length: 0x1a
01-03 19:56:39.870 I/FILD    (  412): OBEX: File: HandleFirstGetResponse: stat /data/rfs//data/factory/ft_data.bin.
01-03 19:56:39.870 W/FILD    (  412): OBEX: ERR: Obj stat failure
01-03 19:56:39.870 D/FILD    (  412): OBEX: File: Reset global state
01-03 19:56:39.870 D/FILD    (  412): OBEX: Server: Operation failed: 0x3
01-03 19:56:39.870 D/FILD    (  412): OBEX: Server: Report error: 0xd0
01-03 19:56:39.870 I/ICEUTIL (  412): WakelockActuate: writing fildLock to /sys/power/wake_unlock
01-03 19:56:39.870 D/FILD    (  412): OBEX: Core: Received packet with code: 0x3
01-03 19:56:39.870 D/FILD    (  412): OBEX: Core: Received packet with packet length: 0x2a
01-03 19:56:39.870 I/ICEUTIL (  412): WakelockActuate: writing fildLock to /sys/power/wake_lock
01-03 19:56:39.870 D/FILD    (  412): OBEX: Server: Looking callback for opcode: 0x3
01-03 19:56:39.870 D/FILD    (  412): OBEX: Server: Callbacks found
01-03 19:56:39.870 D/FILD    (  412): OBEX: File: GET request
01-03 19:56:39.870 D/FILD    (  412): OBEX: Core: Received header - LENGTH: 0x27
01-03 19:56:39.870 D/FILD    (  412): OBEX: Core: Received unicode header - ID: 0x1
01-03 19:56:39.870 D/FILD    (  412): OBEX: File: NAME header with filename length: 0x12
01-03 19:56:39.870 I/FILD    (  412): OBEX: File: HandleFirstGetResponse: stat /data/rfs//data/ft_data.bin.
01-03 19:56:39.870 W/FILD    (  412): OBEX: ERR: Obj stat failure
01-03 19:56:39.870 D/FILD    (  412): OBEX: File: Reset global state
01-03 19:56:39.870 D/FILD    (  412): OBEX: Server: Operation failed: 0x3
01-03 19:56:39.870 D/FILD    (  412): OBEX: Server: Report error: 0xd0
01-03 19:56:39.870 I/ICEUTIL (  412): WakelockActuate: writing fildLock to /sys/power/wake_unlock
01-03 19:56:39.870 D/MobileDataStateTracker(  488): default: Received state=DISCONNECTED, old=DISCONNECTED, reason=dataDetached
01-03 19:56:39.870 D/MobileDataStateTracker(  488): mms: Broadcast received: android.intent.action.ANY_DATA_STATE apnType=mms
01-03 19:56:39.890 D/BluetoothManagerService(  488): Message: 30
01-03 19:56:39.890 D/Launcher.Model(  756): 11683562 - loadWorkspace()
01-03 19:56:39.890 D/MobileDataStateTracker(  488): mms: Received state=DISCONNECTED, old=DISCONNECTED, reason=dataDetached
01-03 19:56:39.890 D/MobileDataStateTracker(  488): cbs: Broadcast received: android.intent.action.ANY_DATA_STATE apnType=cbs
01-03 19:56:39.890 D/MobileDataStateTracker(  488): cbs: Received state=DISCONNECTED, old=DISCONNECTED, reason=dataDetached
01-03 19:56:39.900 D/Launcher.Model(  756): 11683562 -   loadedOldDb: false
01-03 19:56:39.900 D/FILD    (  412): OBEX: Core: Received packet with code: 0x3
01-03 19:56:39.900 D/FILD    (  412): OBEX: Core: Received packet with packet length: 0x3e
01-03 19:56:39.900 I/ICEUTIL (  412): WakelockActuate: writing fildLock to /sys/power/wake_lock
01-03 19:56:39.900 D/FILD    (  412): OBEX: Server: Looking callback for opcode: 0x3
01-03 19:56:39.900 D/FILD    (  412): OBEX: Server: Callbacks found
01-03 19:56:39.900 D/FILD    (  412): OBEX: File: GET request
01-03 19:56:39.900 D/FILD    (  412): OBEX: Core: Received header - LENGTH: 0x3b
01-03 19:56:39.900 D/FILD    (  412): OBEX: Core: Received unicode header - ID: 0x1
01-03 19:56:39.900 D/FILD    (  412): OBEX: File: NAME header with filename length: 0x1c
01-03 19:56:39.900 I/FILD    (  412): OBEX: File: HandleFirstGetResponse: stat /data/rfs//data/modem/transaction.log.
01-03 19:56:39.900 W/FILD    (  412): OBEX: ERR: Obj stat failure
01-03 19:56:39.900 D/FILD    (  412): OBEX: File: Reset global state
01-03 19:56:39.900 D/FILD    (  412): OBEX: Server: Operation failed: 0x3
01-03 19:56:39.900 D/FILD    (  412): OBEX: Server: Report error: 0xd0
01-03 19:56:39.900 I/ICEUTIL (  412): WakelockActuate: writing fildLock to /sys/power/wake_unlock
