--------- beginning of /dev/log/main
01-03 19:56:21.500 E/uim-sysfs(  122): uim: Inside main
01-03 19:56:21.500 E/uim-sysfs(  122): uim:
01-03 19:56:21.500 E/uim-sysfs(  122): 
01-03 19:56:21.500 E/uim-sysfs(  122): 
01-03 19:56:21.500 E/uim-sysfs(  122): UIM START
01-03 19:56:21.500 E/uim-sysfs(  122): 
01-03 19:56:21.500 E/uim-sysfs(  122): 
01-03 19:56:21.500 E/uim-sysfs(  122): 
01-03 19:56:21.500 E/uim-sysfs(  122): 
01-03 19:56:21.530 E/uim-sysfs(  122): uim:+++++++18
01-03 19:56:21.530 E/uim-sysfs(  122): 
01-03 19:56:21.530 E/uim-sysfs(  122): uim:Byte count: 18 00:1A:95:6D:DC:A7
01-03 19:56:21.530 E/uim-sysfs(  122): 
01-03 19:56:21.530 E/uim-sysfs(  122): 
01-03 19:56:21.530 E/uim-sysfs(  122): uim:ST built into the kernel ?
01-03 19:56:21.530 E/uim-sysfs(  122): uim: Inside insmod
01-03 19:56:21.570 I/installd(  131): installd firing up
01-03 19:56:21.580 E/uim-sysfs(  122): uim: Inserted btwilink module
01-03 19:56:21.580 E/uim-sysfs(  122): uim: Inside insmod
01-03 19:56:21.610 I/DEBUG   (  124): debuggerd: Feb 19 2015 21:55:01
--------- beginning of /dev/log/system
01-03 19:56:21.760 I/Vold    (  120): Vold 2.1 (the revenge) firing up
01-03 19:56:21.780 E/uim-sysfs(  122): uim: Inserted fm_drv module
01-03 19:56:21.780 E/uim-sysfs(  122): uim: Inside insmod
01-03 19:56:21.790 D/Vold    (  120): Volume usbdisk state changing -1 (Initializing) -> 0 (No-Media)
01-03 19:56:21.790 D/Vold    (  120): Volume sdcard1 state changing -1 (Initializing) -> 0 (No-Media)
01-03 19:56:21.790 D/Vold    (  120): Volume sdcard0 state changing -1 (Initializing) -> 0 (No-Media)
01-03 19:56:21.790 D/Vold    (  120): Volume sdcard0 state changing 0 (No-Media) -> 2 (Pending)
01-03 19:56:21.790 D/DirectVolume(  120): DirectVolume::handlePartitionAdded -> MAJOR 179, MINOR 1, PARTN 1
01-03 19:56:21.790 D/DirectVolume(  120): DirectVolume::handlePartitionAdded -> MAJOR 179, MINOR 2, PARTN 2
01-03 19:56:21.790 D/DirectVolume(  120): DirectVolume::handlePartitionAdded -> MAJOR 179, MINOR 3, PARTN 3
01-03 19:56:21.790 D/DirectVolume(  120): DirectVolume::handlePartitionAdded -> MAJOR 179, MINOR 4, PARTN 4
01-03 19:56:21.790 D/DirectVolume(  120): DirectVolume::handlePartitionAdded -> MAJOR 179, MINOR 5, PARTN 5
01-03 19:56:21.800 D/DirectVolume(  120): DirectVolume::handlePartitionAdded -> MAJOR 179, MINOR 6, PARTN 6
01-03 19:56:21.800 D/DirectVolume(  120): DirectVolume::handlePartitionAdded -> MAJOR 179, MINOR 7, PARTN 7
01-03 19:56:21.800 D/DirectVolume(  120): DirectVolume::handlePartitionAdded -> MAJOR 179, MINOR 8, PARTN 8
01-03 19:56:21.800 D/DirectVolume(  120): DirectVolume::handlePartitionAdded -> MAJOR 179, MINOR 9, PARTN 9
01-03 19:56:21.800 D/DirectVolume(  120): DirectVolume::handlePartitionAdded -> MAJOR 179, MINOR 10, PARTN 10
01-03 19:56:21.800 D/DirectVolume(  120): DirectVolume::handlePartitionAdded -> MAJOR 179, MINOR 11, PARTN 11
01-03 19:56:21.800 D/DirectVolume(  120): DirectVolume::handlePartitionAdded -> MAJOR 179, MINOR 12, PARTN 12
01-03 19:56:21.800 D/Vold    (  120): Volume sdcard0 state changing 2 (Pending) -> 1 (Idle-Unmounted)
01-03 19:56:21.800 D/Vold    (  120): Volume sdcard1 state changing 0 (No-Media) -> 2 (Pending)
01-03 19:56:21.800 D/DirectVolume(  120): DirectVolume::handlePartitionAdded -> MAJOR 179, MINOR 49, PARTN 1
01-03 19:56:21.800 D/Vold    (  120): Volume sdcard1 state changing 2 (Pending) -> 1 (Idle-Unmounted)
01-03 19:56:21.820 E/uim-sysfs(  122): uim: Inserted gps_drv module
01-03 19:56:21.820 E/uim-sysfs(  122): uim:FM V4L2 driver module un-available... 
01-03 19:56:21.820 E/uim-sysfs(  122): uim:FM V4L2 driver built into the kernel ?
01-03 19:56:21.820 E/uim-sysfs(  122): uim:found bluetooth rfkill entry @ 0
01-03 19:56:21.820 E/uim-sysfs(  122): 
01-03 19:56:21.820 E/uim-sysfs(  122): uim:changed permissions for /sys/class/rfkill/rfkill0/state(0) 
01-03 19:56:21.820 E/uim-sysfs(  122): 
01-03 19:56:21.820 E/uim-sysfs(  122): uim:install already set
01-03 19:56:21.820 E/uim-sysfs(  122): uim: Inside st_uart_config
01-03 19:56:21.820 E/uim-sysfs(  122): uim:install set to 1
01-03 19:56:21.820 E/uim-sysfs(  122): uim:opening /dev/ttyHS1, while already open
01-03 19:56:21.820 E/uim-sysfs(  122): uim:cleanup
01-03 19:56:21.830 E/uim-sysfs(  122): uim: Inside set_baud_rate
01-03 19:56:21.830 E/uim-sysfs(  122): uim: set_baud_rate() done
01-03 19:56:21.830 E/uim-sysfs(  122): uim: Setting speed to 3000000
01-03 19:56:21.830 E/uim-sysfs(  122): uim: Inside read_command_complete
01-03 19:56:21.830 E/uim-sysfs(  122): uim: Command complete started
01-03 19:56:21.830 E/uim-sysfs(  122): uim: Inside read_hci_event
01-03 19:56:21.830 E/uim-sysfs(  122): uim: read_hci_event
01-03 19:56:21.840 I/cm      (  152): ____ _   _ ____ _  _ ____ ____ ____ _  _ _  _ ____ ___ 
01-03 19:56:21.850 I/cm      (  154): |     \_/  |__| |\ | |  | | __ |___ |\ | |\/| |  | |  \ 
01-03 19:56:21.850 I/cm      (  155): |___   |   |  | | \| |__| |__] |___ | \| |  | |__| |__/ 
01-03 19:56:21.870 I/cm      (  158): Welcome to Android 4.4.4 / CyanogenMod-11-20150219-UNOFFICIAL-us9230 
01-03 19:56:21.880 E/uim-sysfs(  122): uim: Command complete done
01-03 19:56:21.880 E/uim-sysfs(  122): uim: Speed changed to 3000000
01-03 19:56:21.880 E/uim-sysfs(  122): uim: set_custom_baud_rate(3000000)
01-03 19:56:21.880 E/uim-sysfs(  122): uim: Inside set_custom_baud_rate
01-03 19:56:21.880 E/uim-sysfs(  122): uim: Changing baud rate to 3000000, flow control to 1
01-03 19:56:21.880 E/uim-sysfs(  122): uim: set_custom_baud_rate() done
01-03 19:56:21.880 E/uim-sysfs(  122): uim: Inside read_command_complete
01-03 19:56:21.880 E/uim-sysfs(  122): uim: Command complete started
01-03 19:56:21.880 E/uim-sysfs(  122): uim: Inside read_hci_event
01-03 19:56:21.880 E/uim-sysfs(  122): uim: read_hci_event
01-03 19:56:21.920 I/Netd    (  123): Netd 1.0 starting
01-03 19:56:21.920 W/InterfaceController(  123): Warning (dlopen failed: library "/system/lib/libnetcmdiface.so" not found) while opening the net interface command library
01-03 19:56:21.930 E/uim-sysfs(  122): uim: Command complete done
01-03 19:56:21.930 E/uim-sysfs(  122): uim: BD address changed to 00:1A:95:6D:DC:A7
01-03 19:56:21.930 E/uim-sysfs(  122): 
01-03 19:56:21.940 E/uim-sysfs(  122): uim: Installed N_TI_WL Line displine
01-03 19:56:21.980 I/ICEUTIL (  125): WakelockActuate: writing icera-libril to /sys/power/wake_lock
01-03 19:56:21.980 D/ICEUTIL (  125): IceraModemPowerControlConfig: found property 59 /sys/devices/platform/tegra_usb_modem_power/modem_power,0,1
01-03 19:56:22.050 E/NAVD    (  135):  SERVER_NAVC((null)):navcTime_init: gpsweek=1617,gpsmsec = 129382000, GPSSec = 978090982  (122@external/mcp/NaviLink/NAVC/navc_time.c)
01-03 19:56:22.150 D/        (  135): SessLog: nav_sess_log_init: entering
01-03 19:56:22.150 D/        (  135): SessLog: nav_sess_log_init: File created success!
01-03 19:56:22.150 D/        (  135): SessLog: nav_sess_log_init, hMcpf = 1086669192 ,navLogFd = 12 sessNo = 0 
01-03 19:56:22.170 I/SurfaceFlinger(  126): SurfaceFlinger is starting
01-03 19:56:22.170 I/SurfaceFlinger(  126): SurfaceFlinger's main thread ready to run. Initializing graphics H/W...
01-03 19:56:22.180 D/        (  135): SUPL_Create: Entering. 
01-03 19:56:22.180 D/        (  135):  readConfigFile: Start 
01-03 19:56:22.200 D/        (  135):  readConfigFile: a_inputBuffer = gps_mode:msbased_mode:
01-03 19:56:22.200 D/        (  135):  
01-03 19:56:22.200 D/        (  135):  readConfigFile: MS_BASED Support Requested. 
01-03 19:56:22.200 D/        (  135):  readConfigFile: a_inputBuffer = ee_support:no:
01-03 19:56:22.200 D/        (  135):  
01-03 19:56:22.200 D/        (  135):  readConfigFile: a_inputBuffer = st_support:no:
01-03 19:56:22.200 D/        (  135):  
01-03 19:56:22.200 D/        (  135):  readConfigFile: a_inputBuffer = hor_acc:80:
01-03 19:56:22.200 D/        (  135):  
01-03 19:56:22.200 D/        (  135):  readConfigFile: a_inputBuffer = loc_age:3:
01-03 19:56:22.200 D/        (  135):  
01-03 19:56:22.200 D/        (  135):  readConfigFile: a_inputBuffer = response_time:6:
01-03 19:56:22.200 D/        (  135):  
01-03 19:56:22.200 D/        (  135):  readConfigFile: Over. 
01-03 19:56:22.200 D/        (  135): suplcRegisterHandlers: Entering 
01-03 19:56:22.200 D/        (  135): suplcRegisterHandlers: Exiting Successfully 
01-03 19:56:22.200 D/        (  135):  suplcEnableMessageQueues: Entering 
01-03 19:56:22.200 D/        (  135):  suplcEnableMessageQueues: Exiting Successfully 
01-03 19:56:22.200 D/        (  135):  SUPLC_registerAssistanceSource: Entering 
01-03 19:56:22.200 D/        (  135):  suplcSendMessage: NAVC_CMD_REGISTER_ASSIST_SRC  
01-03 19:56:22.200 D/        (  135):  suplcSendMessage: Entering 
01-03 19:56:22.200 D/        (  135):  suplcSendMessage: Exiting Successfully 
01-03 19:56:22.200 D/        (  135):  SUPLC_registerAssistanceSource: Exiting Successfully 
01-03 19:56:22.200 D/        (  135): SUPL_Create: Exiting Successfully 
01-03 19:56:22.200 D/        (  135): mcp_hal_socket_CreateServerSocket: unlink()
01-03 19:56:22.200 D/        (  135): 
01-03 19:56:22.200 D/        (  135): permission successful on socket
01-03 19:56:22.200 D/navl_server(  135): /data/gps/navlfifo : permission successful on socket
01-03 19:56:22.200 D/navl_server(  135):  NAVL Server blocked on read 
01-03 19:56:22.240 D/libEGL  (  126): loaded /system/lib/egl/libEGL_tegra.so
01-03 19:56:22.260 E/        (  126): file /data/data/com.nvidia.NvCPLSvc/files/driverlist.txt: not found!
01-03 19:56:22.260 I/        (  126): Attempting to load EGL implementation /system/lib//egl/libEGL_tegra_impl
01-03 19:56:22.600 I/        (  126): Loaded EGL implementation /system/lib//egl/libEGL_tegra_impl
01-03 19:56:22.660 D/libEGL  (  126): loaded /system/lib/egl/libGLESv1_CM_tegra.so
01-03 19:56:22.700 D/libEGL  (  126): loaded /system/lib/egl/libGLESv2_tegra.so
01-03 19:56:23.000 E/gralloc (  126): Can't open framebuffer device 1: No such file or directory
01-03 19:56:23.280 I/mediaserver(  129): ServiceManager: 0x40c2f1b0
01-03 19:56:23.280 I/AudioFlinger(  129): Using default 3000 mSec as standby time.
01-03 19:56:23.280 E/MediaPlayerFactory(  129): calling dlopen on FACTORY_LIB
01-03 19:56:23.280 E/MediaPlayerFactory(  129): Failed to open FACTORY_LIB Error : dlopen failed: library "libdashplayer.so" not found 
01-03 19:56:23.280 I/CameraService(  129): CameraService started (pid=129)
01-03 19:56:23.360 V/NatController(  123): runCmd(/system/bin/iptables -F natctrl_FORWARD) res=0
01-03 19:56:23.380 V/NatController(  123): runCmd(/system/bin/iptables -A natctrl_FORWARD -j DROP) res=0
01-03 19:56:23.390 V/NatController(  123): runCmd(/system/bin/iptables -t nat -F natctrl_nat_POSTROUTING) res=0
01-03 19:56:23.450 V/NatController(  123): runCmd(/system/bin/ip route flush cache) res=0
01-03 19:56:23.450 V/NatController(  123): runCmd(/system/bin/iptables -F natctrl_tether_counters) res=1
01-03 19:56:23.460 V/NatController(  123): runCmd(/system/bin/iptables -X natctrl_tether_counters) res=1
01-03 19:56:23.460 V/NatController(  123): runCmd(/system/bin/iptables -N natctrl_tether_counters) res=0
01-03 19:56:23.500 E/gralloc (  126): creating nvcap video capture service
01-03 19:56:23.680 I/CameraService(  129): Loaded "NVIDIA Development Platform Camera HAL" camera module
01-03 19:56:23.730 I/AudioPolicyManagerBase(  129): loadAudioPolicyConfig() loaded /system/etc/audio_policy.conf
01-03 19:56:23.740 E/gralloc (  126): failed to load symbol nvcap_video_create (undefined symbol: glWeightPointerOES)
01-03 19:56:23.740 E/gralloc (  126): Failed to create overlay for display 1
01-03 19:56:23.740 E/gralloc (  126): Failed to create overlay for display 1
01-03 19:56:23.740 E/gralloc (  126): Failed to create overlay for display 1
01-03 19:56:23.740 E/gralloc (  126): Failed to create overlay for display 2
01-03 19:56:23.740 E/gralloc (  126): Failed to create overlay for display 2
01-03 19:56:23.740 E/gralloc (  126): Failed to create overlay for display 2
01-03 19:56:23.740 I/gralloc (  126): using (fd=20)
01-03 19:56:23.740 I/gralloc (  126): id           = tegra_fb
01-03 19:56:23.740 I/gralloc (  126): xres         = 720 px
01-03 19:56:23.740 I/gralloc (  126): yres         = 1280 px
01-03 19:56:23.740 I/gralloc (  126): xres_virtual = 720 px
01-03 19:56:23.740 I/gralloc (  126): yres_virtual = 2560 px
01-03 19:56:23.740 I/gralloc (  126): bpp          = 32
01-03 19:56:23.740 I/gralloc (  126): r            =  0:8
01-03 19:56:23.740 I/gralloc (  126): g            =  8:8
01-03 19:56:23.740 I/gralloc (  126): b            = 16:8
01-03 19:56:23.740 I/gralloc (  126): smem_start   = 0xbf000000
01-03 19:56:23.740 I/gralloc (  126): smem_len     = 0x00800000
01-03 19:56:23.740 I/gralloc (  126): format       = 1
01-03 19:56:23.740 I/gralloc (  126): stride       = 720
01-03 19:56:23.740 I/gralloc (  126): width        = 60 mm (304.799988 dpi)
01-03 19:56:23.740 I/gralloc (  126): height       = 106 mm (306.716980 dpi)
01-03 19:56:23.740 I/gralloc (  126): refresh rate = 50.00 Hz
01-03 19:56:23.760 I/SurfaceFlinger(  126): Using composer version 0.0
01-03 19:56:23.760 W/SurfaceFlinger(  126): getting VSYNC period from fb HAL: 20000106
01-03 19:56:23.760 W/SurfaceFlinger(  126): no suitable EGLConfig found, trying a simpler query
01-03 19:56:23.760 I/SurfaceFlinger(  126): EGL informations:
01-03 19:56:23.760 I/SurfaceFlinger(  126): vendor    : Android
01-03 19:56:23.760 I/SurfaceFlinger(  126): version   : 1.4 Android META-EGL
01-03 19:56:23.760 I/SurfaceFlinger(  126): extensions: EGL_KHR_get_all_proc_addresses EGL_ANDROID_presentation_time EGL_KHR_image EGL_KHR_image_base EGL_KHR_image_pixmap EGL_KHR_lock_surface EGL_KHR_gl_texture_2D_image EGL_KHR_gl_texture_cubemap_image EGL_KHR_gl_renderbuffer_image EGL_KHR_reusable_sync EGL_KHR_fence_sync EGL_KHR_create_context EGL_EXT_create_context_robustness EGL_NV_system_time EGL_ANDROID_image_native_buffer EGL_ANDROID_recordable 
01-03 19:56:23.760 I/SurfaceFlinger(  126): Client API: OpenGL_ES
01-03 19:56:23.760 I/SurfaceFlinger(  126): EGLSurface: 8-8-8-8, config=0xcaf32c
01-03 19:56:23.800 V/nvaudio_hw(  129): nvaudio_dev_open : audio_hw_if
01-03 19:56:23.800 V/nvaudio_hw(  129): config_parse
01-03 19:56:23.810 V/nvaudio_hw(  129): config_parse_start: elem AudioConfigs
01-03 19:56:23.810 V/nvaudio_hw(  129): config_parse_start: elem alsa_device
01-03 19:56:23.810 V/nvaudio_hw(  129): config_parse_start: name=aux,card=0,device_id=3,card_name=Tegra
01-03 19:56:23.810 V/nvaudio_hw(  129): alsa_device: name aux
01-03 19:56:23.810 V/nvaudio_hw(  129): alsa_device: card id 0
01-03 19:56:23.810 V/nvaudio_hw(  129): alsa_device: device id 3
01-03 19:56:23.810 V/nvaudio_hw(  129): alsa_device: card name Tegra
01-03 19:56:23.810 V/nvaudio_hw(  129): config_parse_start: elem pcm_config
01-03 19:56:23.810 V/nvaudio_hw(  129): PCM config : rate 48000
01-03 19:56:23.810 V/nvaudio_hw(  129): PCM config : channels 2
01-03 19:56:23.810 V/nvaudio_hw(  129): PCM config : format 0
01-03 19:56:23.810 V/nvaudio_hw(  129): PCM config : period_size 1024
01-03 19:56:23.810 V/nvaudio_hw(  129): PCM config : period_count 4
01-03 19:56:23.810 V/nvaudio_hw(  129): PCM config : start_threshold 4095
01-03 19:56:23.810 V/nvaudio_hw(  129): PCM config : stop_threshold 4096
01-03 19:56:23.810 V/nvaudio_hw(  129): PCM config : avail_min 1
01-03 19:56:23.810 V/nvaudio_hw(  129): config_parse_end: elem pcm_config
01-03 19:56:23.810 V/nvaudio_hw(  129): config_parse_start: elem playback
01-03 19:56:23.810 V/nvaudio_hw(  129): config_parse_start: elem device
01-03 19:56:23.810 V/nvaudio_hw(  129): 11device: name aux  400
01-03 19:56:23.810 V/nvaudio_hw(  129): device: name aux
01-03 19:56:23.810 V/nvaudio_hw(  129): config_parse_end: elem device
01-03 19:56:23.810 V/nvaudio_hw(  129): config_parse_end: elem playback
01-03 19:56:23.810 V/nvaudio_hw(  129): config_parse_end: elem alsa_device
01-03 19:56:23.810 V/nvaudio_hw(  129): config_parse_start: elem alsa_device
01-03 19:56:23.810 V/nvaudio_hw(  129): config_parse_start: name=wfd,card=(null),device_id=(null),card_name=(null)
01-03 19:56:23.810 V/nvaudio_hw(  129): alsa_device: name wfd
01-03 19:56:23.810 V/nvaudio_hw(  129): config_parse_start: elem pcm_config
01-03 19:56:23.810 V/nvaudio_hw(  129): PCM config : rate 48000
01-03 19:56:23.810 V/nvaudio_hw(  129): PCM config : channels 2
01-03 19:56:23.810 V/nvaudio_hw(  129): PCM config : format 0
01-03 19:56:23.810 V/nvaudio_hw(  129): PCM config : period_size 1024
01-03 19:56:23.810 V/nvaudio_hw(  129): PCM config : period_count 4
01-03 19:56:23.810 V/nvaudio_hw(  129): PCM config : start_threshold 0
01-03 19:56:23.810 V/nvaudio_hw(  129): PCM config : stop_threshold 0
01-03 19:56:23.810 V/nvaudio_hw(  129): PCM config : avail_min 0
01-03 19:56:23.810 V/nvaudio_hw(  129): config_parse_end: elem pcm_config
01-03 19:56:23.810 V/nvaudio_hw(  129): config_parse_start: elem playback
01-03 19:56:23.810 V/nvaudio_hw(  129): config_parse_start: elem device
01-03 19:56:23.810 V/nvaudio_hw(  129): 11device: name wfd  1000000
01-03 19:56:23.810 V/nvaudio_hw(  129): device: name wfd
01-03 19:56:23.810 V/nvaudio_hw(  129): config_parse_end: elem device
01-03 19:56:23.810 V/nvaudio_hw(  129): config_parse_end: elem playback
01-03 19:56:23.810 V/nvaudio_hw(  129): config_parse_end: elem alsa_device
01-03 19:56:23.810 V/nvaudio_hw(  129): config_parse_start: elem alsa_device
01-03 19:56:23.810 V/nvaudio_hw(  129): config_parse_start: name=music,card=1,device_id=0,card_name=tegraaic326x
01-03 19:56:23.810 V/nvaudio_hw(  129): alsa_device: name music
01-03 19:56:23.810 V/nvaudio_hw(  129): alsa_device: card id 1
01-03 19:56:23.810 V/nvaudio_hw(  129): alsa_device: device id 0
01-03 19:56:23.810 V/nvaudio_hw(  129): alsa_device: card name tegraaic326x
01-03 19:56:23.810 V/nvaudio_hw(  129): config_parse_start: elem pcm_config
01-03 19:56:23.810 V/nvaudio_hw(  129): PCM config : rate 48000
01-03 19:56:23.810 V/nvaudio_hw(  129): PCM config : channels 2
01-03 19:56:23.810 V/nvaudio_hw(  129): PCM config : format 0
01-03 19:56:23.810 V/nvaudio_hw(  129): PCM config : period_size 1024
01-03 19:56:23.810 V/nvaudio_hw(  129): PCM config : period_count 4
01-03 19:56:23.810 V/nvaudio_hw(  129): PCM config : start_threshold 4095
01-03 19:56:23.810 V/nvaudio_hw(  129): PCM config : stop_threshold 4096
01-03 19:56:23.810 V/nvaudio_hw(  129): PCM config : avail_min 1
01-03 19:56:23.810 V/nvaudio_hw(  129): config_parse_end: elem pcm_config
01-03 19:56:23.810 V/nvaudio_hw(  129): config_parse_start: elem param
01-03 19:56:23.810 V/nvaudio_hw(  129): ULP is not supported
01-03 19:56:23.810 V/nvaudio_hw(  129): config_parse_end: elem param
01-03 19:56:23.810 V/nvaudio_hw(  129): config_parse_start: elem param
01-03 19:56:23.810 E/nvaudio_hw(  129): Failed to set mixer ctl Set I2S Master
01-03 19:56:23.810 V/nvaudio_hw(  129): config_parse_end: elem param
01-03 19:56:23.810 V/nvaudio_hw(  129): config_parse_start: elem path
01-03 19:56:23.810 V/nvaudio_hw(  129): config_parse_start: elem ctl
01-03 19:56:23.810 V/nvaudio_hw(  129): Parsing control FIRMWARE SET MODE => 0
01-03 19:56:23.810 V/nvaudio_hw(  129): config_parse_end: elem ctl
01-03 19:56:23.810 V/nvaudio_hw(  129): config_parse_start: elem ctl
01-03 19:56:23.810 V/nvaudio_hw(  129): Parsing control Codec Firmware Setmode => Music_Basic
01-03 19:56:23.810 V/nvaudio_hw(  129): config_parse_end: elem ctl
01-03 19:56:23.810 V/nvaudio_hw(  129): config_parse_start: elem ctl
01-03 19:56:23.810 V/nvaudio_hw(  129): Parsing control ASI1RIN Route => ASI1 Right In
01-03 19:56:23.810 V/nvaudio_hw(  129): config_parse_end: elem ctl
01-03 19:56:23.810 V/nvaudio_hw(  129): config_parse_start: elem ctl
01-03 19:56:23.810 V/nvaudio_hw(  129): Parsing control ASI1LIN Route => ASI1 Left In
01-03 19:56:23.810 V/nvaudio_hw(  129): config_parse_end: elem ctl
01-03 19:56:23.810 V/nvaudio_hw(  129): config_parse_start: elem ctl
01-03 19:56:23.810 V/nvaudio_hw(  129): Parsing control LOL Output Mixer LDAC Switch => 1
01-03 19:56:23.810 V/nvaudio_hw(  129): config_parse_end: elem ctl
01-03 19:56:23.810 V/nvaudio_hw(  129): config_parse_start: elem ctl
01-03 19:56:23.810 V/nvaudio_hw(  129): Parsing control LOR Output Mixer RDAC Switch => 1
01-03 19:56:23.810 V/nvaudio_hw(  129): config_parse_end: elem ctl
01-03 19:56:23.810 V/nvaudio_hw(  129): config_parse_start: elem ctl
01-03 19:56:23.810 V/nvaudio_hw(  129): Parsing control PCM Playback Volume => 135
01-03 19:56:23.810 V/nvaudio_hw(  129): config_parse_end: elem ctl
01-03 19:56:23.810 V/nvaudio_hw(  129): config_parse_start: elem ctl
01-03 19:56:23.810 V/nvaudio_hw(  129): Parsing control Speaker Amplifier Volume => 1
01-03 19:56:23.810 V/nvaudio_hw(  129): config_parse_end: elem ctl
01-03 19:56:23.810 V/nvaudio_hw(  129): config_parse_start: elem ctl
01-03 19:56:23.810 V/nvaudio_hw(  129): Parsing control Receiver Amplifier Volume => 10
01-03 19:56:23.810 V/nvaudio_hw(  129): config_parse_end: elem ctl
01-03 19:56:23.810 V/nvaudio_hw(  129): config_parse_start: elem ctl
01-03 19:56:23.810 V/nvaudio_hw(  129): Parsing control HeadPhone Driver Amplifier Volume => 2
01-03 19:56:23.810 V/nvaudio_hw(  129): config_parse_end: elem ctl
01-03 19:56:23.810 V/nvaudio_hw(  129): config_parse_start: elem ctl
01-03 19:56:23.810 V/nvaudio_hw(  129): Parsing control LOL Output Mixer LDAC Switch => 1
01-03 19:56:23.810 V/nvaudio_hw(  129): config_parse_end: elem ctl
01-03 19:56:23.810 V/nvaudio_hw(  129): config_parse_start: elem ctl
01-03 19:56:23.810 V/nvaudio_hw(  129): Parsing control LOR Output Mixer RDAC Switch => 1
01-03 19:56:23.810 V/nvaudio_hw(  129): config_parse_end: elem ctl
01-03 19:56:23.810 V/nvaudio_hw(  129): config_parse_start: elem ctl
01-03 19:56:23.810 V/nvaudio_hw(  129): Parsing control DOUT1 Route => ASI1 Out
01-03 19:56:23.810 V/nvaudio_hw(  129): config_parse_end: elem ctl
01-03 19:56:23.810 V/nvaudio_hw(  129): config_parse_start: elem ctl
01-03 19:56:23.810 V/nvaudio_hw(  129): Parsing control ASI1OUT Route => ADC MiniDSP Out1
01-03 19:56:23.810 V/nvaudio_hw(  129): config_parse_end: elem ctl
01-03 19:56:23.810 V/nvaudio_hw(  129): config_parse_start: elem ctl
01-03 19:56:23.810 V/nvaudio_hw(  129): Parsing control Right ADC Route => Analog
01-03 19:56:23.810 V/nvaudio_hw(  129): config_parse_end: elem ctl
01-03 19:56:23.810 V/nvaudio_hw(  129): config_parse_start: elem ctl
01-03 19:56:23.810 V/nvaudio_hw(  129): Parsing control Left ADC Route => Analog
01-03 19:56:23.810 V/nvaudio_hw(  129): config_parse_end: elem ctl
01-03 19:56:23.810 V/nvaudio_hw(  129): config_parse_start: elem ctl
01-03 19:56:23.810 V/nvaudio_hw(  129): Parsing control PCM Capture Volume => 24
01-03 19:56:23.810 V/nvaudio_hw(  129): config_parse_end: elem ctl
01-03 19:56:23.810 V/nvaudio_hw(  129): config_parse_start: elem ctl
01-03 19:56:23.810 V/nvaudio_hw(  129): Parsing control MicPGA Volume Control => 0
01-03 19:56:23.810 V/nvaudio_hw(  129): config_parse_end: elem ctl
01-03 19:56:23.810 V/nvaudio_hw(  129): config_parse_end: elem path
01-03 19:56:23.810 V/nvaudio_hw(  129): set_route_by_array
01-03 19:56:23.810 V/nvaudio_hw(  129): Set 'FIRMWARE SET MODE'.0 to 0
01-03 19:56:23.810 V/nvaudio_hw(  129): Set 'Codec Firmware Setmode' to 'Music_Basic'
01-03 19:56:23.810 V/nvaudio_hw(  129): Set 'ASI1RIN Route' to 'ASI1 Right In'
01-03 19:56:23.820 V/nvaudio_hw(  129): Set 'ASI1LIN Route' to 'ASI1 Left In'
01-03 19:56:23.820 V/nvaudio_hw(  129): Set 'LOL Output Mixer LDAC Switch'.0 to 1
01-03 19:56:23.820 V/nvaudio_hw(  129): Set 'LOR Output Mixer RDAC Switch'.0 to 1
01-03 19:56:23.820 V/nvaudio_hw(  129): Set 'PCM Playback Volume'.0 to 135
01-03 19:56:23.830 V/nvaudio_hw(  129): Set 'PCM Playback Volume'.1 to 135
01-03 19:56:23.830 V/nvaudio_hw(  129): Set 'Speaker Amplifier Volume'.0 to 1
01-03 19:56:23.840 V/nvaudio_hw(  129): Set 'Speaker Amplifier Volume'.1 to 1
01-03 19:56:23.840 V/nvaudio_hw(  129): Set 'Receiver Amplifier Volume'.0 to 10
01-03 19:56:23.840 V/nvaudio_hw(  129): Set 'Receiver Amplifier Volume'.1 to 10
01-03 19:56:23.840 V/nvaudio_hw(  129): Set 'HeadPhone Driver Amplifier Volume'.0 to 2
01-03 19:56:23.850 V/nvaudio_hw(  129): Set 'HeadPhone Driver Amplifier Volume'.1 to 2
01-03 19:56:23.860 V/nvaudio_hw(  129): Set 'LOL Output Mixer LDAC Switch'.0 to 1
01-03 19:56:23.860 V/nvaudio_hw(  129): Set 'LOR Output Mixer RDAC Switch'.0 to 1
01-03 19:56:23.870 V/nvaudio_hw(  129): Set 'DOUT1 Route' to 'ASI1 Out'
01-03 19:56:23.870 V/nvaudio_hw(  129): Set 'ASI1OUT Route' to 'ADC MiniDSP Out1'
01-03 19:56:23.870 V/nvaudio_hw(  129): Set 'Right ADC Route' to 'Analog'
01-03 19:56:23.870 V/nvaudio_hw(  129): Set 'Left ADC Route' to 'Analog'
01-03 19:56:23.870 V/nvaudio_hw(  129): Set 'PCM Capture Volume'.0 to 24
01-03 19:56:23.880 V/nvaudio_hw(  129): Set 'PCM Capture Volume'.1 to 24
01-03 19:56:23.880 V/nvaudio_hw(  129): Set 'MicPGA Volume Control'.0 to 0
01-03 19:56:23.880 V/nvaudio_hw(  129): Set 'MicPGA Volume Control'.1 to 0
01-03 19:56:23.880 V/nvaudio_hw(  129): config_parse_start: elem playback
01-03 19:56:23.880 V/nvaudio_hw(  129): config_parse_start: elem device
01-03 19:56:23.880 V/nvaudio_hw(  129): 11device: name headphone  c
01-03 19:56:23.880 V/nvaudio_hw(  129): device: name headphone
01-03 19:56:23.880 V/nvaudio_hw(  129): config_parse_start: elem path
01-03 19:56:23.880 V/nvaudio_hw(  129): config_parse_start: elem ctl
01-03 19:56:23.880 V/nvaudio_hw(  129): Parsing control Codec Firmware Setmode => Music_headphone_on
01-03 19:56:23.880 V/nvaudio_hw(  129): config_parse_end: elem ctl
01-03 19:56:23.880 V/nvaudio_hw(  129): config_parse_start: elem ctl
01-03 19:56:23.880 V/nvaudio_hw(  129): Parsing control HPR Output Mixer LOR-B1 Volume => 127
01-03 19:56:23.880 V/nvaudio_hw(  129): config_parse_end: elem ctl
01-03 19:56:23.880 V/nvaudio_hw(  129): config_parse_start: elem ctl
01-03 19:56:23.880 V/nvaudio_hw(  129): Parsing control HPL Output Mixer LOL-B1 Volume => 127
01-03 19:56:23.880 V/nvaudio_hw(  129): config_parse_end: elem ctl
01-03 19:56:23.880 V/nvaudio_hw(  129): config_parse_start: elem ctl
01-03 19:56:23.880 V/nvaudio_hw(  129): Parsing control Headphone Jack Switch => 1
01-03 19:56:23.880 V/nvaudio_hw(  129): config_parse_end: elem ctl
01-03 19:56:23.880 V/nvaudio_hw(  129): config_parse_start: elem ctl
01-03 19:56:23.880 V/nvaudio_hw(  129): Parsing control HeadPhone Driver Amplifier Volume => 2
01-03 19:56:23.880 V/nvaudio_hw(  129): config_parse_end: elem ctl
01-03 19:56:23.880 V/nvaudio_hw(  129): config_parse_end: elem path
01-03 19:56:23.880 V/nvaudio_hw(  129): config_parse_start: elem path
01-03 19:56:23.880 V/nvaudio_hw(  129): config_parse_start: elem ctl
01-03 19:56:23.880 V/nvaudio_hw(  129): Parsing control LOR Output Mixer MAR Switch => 0
01-03 19:56:23.880 V/nvaudio_hw(  129): config_parse_end: elem ctl
01-03 19:56:23.880 V/nvaudio_hw(  129): config_parse_start: elem ctl
01-03 19:56:23.880 V/nvaudio_hw(  129): Parsing control LOL Output Mixer MAL Switch => 0
01-03 19:56:23.880 V/nvaudio_hw(  129): config_parse_end: elem ctl
01-03 19:56:23.880 V/nvaudio_hw(  129): config_parse_start: elem ctl
01-03 19:56:23.880 V/nvaudio_hw(  129): Parsing control HeadPhone Driver Amplifier Volume => 1
01-03 19:56:23.880 V/nvaudio_hw(  129): config_parse_end: elem ctl
01-03 19:56:23.880 V/nvaudio_hw(  129): config_parse_start: elem ctl
01-03 19:56:23.880 V/nvaudio_hw(  129): Parsing control HeadPhone Driver Amplifier Volume => 0
01-03 19:56:23.880 V/nvaudio_hw(  129): config_parse_end: elem ctl
01-03 19:56:23.880 V/nvaudio_hw(  129): config_parse_start: elem ctl
01-03 19:56:23.880 V/nvaudio_hw(  129): Parsing control Headphone Jack Switch => 0
01-03 19:56:23.880 V/nvaudio_hw(  129): config_parse_end: elem ctl
01-03 19:56:23.880 V/nvaudio_hw(  129): config_parse_start: elem ctl
01-03 19:56:23.880 V/nvaudio_hw(  129): Parsing control HPR Output Mixer LOR-B1 Volume => 0
01-03 19:56:23.880 V/nvaudio_hw(  129): config_parse_end: elem ctl
01-03 19:56:23.880 V/nvaudio_hw(  129): config_parse_start: elem ctl
01-03 19:56:23.880 V/nvaudio_hw(  129): Parsing control HPL Output Mixer LOL-B1 Volume => 0
01-03 19:56:23.880 V/nvaudio_hw(  129): config_parse_end: elem ctl
01-03 19:56:23.880 V/nvaudio_hw(  129): config_parse_end: elem path
01-03 19:56:23.880 V/nvaudio_hw(  129): config_parse_end: elem device
01-03 19:56:23.880 V/nvaudio_hw(  129): config_parse_start: elem device
01-03 19:56:23.880 V/nvaudio_hw(  129): 11device: name speaker  800e
01-03 19:56:23.880 V/nvaudio_hw(  129): device: name speaker
01-03 19:56:23.880 V/nvaudio_hw(  129): config_parse_start: elem path
01-03 19:56:23.880 V/nvaudio_hw(  129): config_parse_start: elem ctl
01-03 19:56:23.880 V/nvaudio_hw(  129): Parsing control Codec Firmware Setmode => Music_speaker_on
01-03 19:56:23.880 V/nvaudio_hw(  129): config_parse_end: elem ctl
01-03 19:56:23.880 V/nvaudio_hw(  129): config_parse_start: elem ctl
01-03 19:56:23.880 V/nvaudio_hw(  129): Parsing control SPKL Output Mixer LOL Volume => 127
01-03 19:56:23.880 V/nvaudio_hw(  129): config_parse_end: elem ctl
01-03 19:56:23.880 V/nvaudio_hw(  129): config_parse_start: elem ctl
01-03 19:56:23.880 V/nvaudio_hw(  129): Parsing control SPKR Output Mixer LOR Volume => 127
01-03 19:56:23.880 V/nvaudio_hw(  129): config_parse_end: elem ctl
01-03 19:56:23.880 V/nvaudio_hw(  129): config_parse_start: elem ctl
01-03 19:56:23.880 V/nvaudio_hw(  129): Parsing control Spk Ctrl Switch => 1
01-03 19:56:23.880 V/nvaudio_hw(  129): config_parse_end: elem ctl
01-03 19:56:23.880 V/nvaudio_hw(  129): config_parse_end: elem path
01-03 19:56:23.880 V/nvaudio_hw(  129): config_parse_start: elem path
01-03 19:56:23.880 V/nvaudio_hw(  129): config_parse_start: elem ctl
01-03 19:56:23.880 V/nvaudio_hw(  129): Parsing control Codec Firmware Setmode => Music_headphone_on
01-03 19:56:23.880 V/nvaudio_hw(  129): config_parse_end: elem ctl
01-03 19:56:23.880 V/nvaudio_hw(  129): config_parse_start: elem ctl
01-03 19:56:23.880 V/nvaudio_hw(  129): Parsing control Spk Ctrl Switch => 0
01-03 19:56:23.880 V/nvaudio_hw(  129): config_parse_end: elem ctl
01-03 19:56:23.880 V/nvaudio_hw(  129): config_parse_start: elem ctl
01-03 19:56:23.880 V/nvaudio_hw(  129): Parsing control SPKL Output Mixer LOL Volume => 0
01-03 19:56:23.880 V/nvaudio_hw(  129): config_parse_end: elem ctl
01-03 19:56:23.880 V/nvaudio_hw(  129): config_parse_start: elem ctl
01-03 19:56:23.880 V/nvaudio_hw(  129): Parsing control SPKR Output Mixer LOR Volume => 0
01-03 19:56:23.880 V/nvaudio_hw(  129): config_parse_end: elem ctl
01-03 19:56:23.880 V/nvaudio_hw(  129): config_parse_end: elem path
01-03 19:56:23.880 V/nvaudio_hw(  129): config_parse_end: elem device
01-03 19:56:23.880 V/nvaudio_hw(  129): config_parse_start: elem device
01-03 19:56:23.880 V/nvaudio_hw(  129): 11device: name earpiece  800f
01-03 19:56:23.880 V/nvaudio_hw(  129): device: name earpiece
01-03 19:56:23.880 V/nvaudio_hw(  129): config_parse_start: elem path
01-03 19:56:23.880 V/nvaudio_hw(  129): config_parse_start: elem ctl
01-03 19:56:23.880 V/nvaudio_hw(  129): Parsing control LOR Output Mixer RDAC Switch => 0
01-03 19:56:23.880 V/nvaudio_hw(  129): config_parse_end: elem ctl
01-03 19:56:23.880 V/nvaudio_hw(  129): config_parse_start: elem ctl
01-03 19:56:23.880 V/nvaudio_hw(  129): Parsing control LOR Output Mixer LOL Switch => 1
01-03 19:56:23.880 V/nvaudio_hw(  129): config_parse_end: elem ctl
01-03 19:56:23.880 V/nvaudio_hw(  129): config_parse_start: elem ctl
01-03 19:56:23.880 V/nvaudio_hw(  129): Parsing control Receiver Amplifier Volume => 12
01-03 19:56:23.880 V/nvaudio_hw(  129): config_parse_end: elem ctl
01-03 19:56:23.880 V/nvaudio_hw(  129): config_parse_start: elem ctl
01-03 19:56:23.880 V/nvaudio_hw(  129): Parsing control REC Output Mixer LOL-B2 Volume => 127
01-03 19:56:23.880 V/nvaudio_hw(  129): config_parse_end: elem ctl
01-03 19:56:23.880 V/nvaudio_hw(  129): config_parse_start: elem ctl
01-03 19:56:23.880 V/nvaudio_hw(  129): Parsing control REC Output Mixer LOR-B2 Volume => 127
01-03 19:56:23.880 V/nvaudio_hw(  129): config_parse_end: elem ctl
01-03 19:56:23.880 V/nvaudio_hw(  129): config_parse_start: elem ctl
01-03 19:56:23.880 V/nvaudio_hw(  129): Parsing control Earpiece Switch => 1
01-03 19:56:23.880 V/nvaudio_hw(  129): config_parse_end: elem ctl
01-03 19:56:23.880 V/nvaudio_hw(  129): config_parse_end: elem path
01-03 19:56:23.880 V/nvaudio_hw(  129): config_parse_start: elem path
01-03 19:56:23.880 V/nvaudio_hw(  129): config_parse_start: elem ctl
01-03 19:56:23.880 V/nvaudio_hw(  129): Parsing control Earpiece Switch => 0
01-03 19:56:23.880 V/nvaudio_hw(  129): config_parse_end: elem ctl
01-03 19:56:23.880 V/nvaudio_hw(  129): config_parse_start: elem ctl
01-03 19:56:23.880 V/nvaudio_hw(  129): Parsing control LOR Output Mixer LOL Switch => 0
01-03 19:56:23.880 V/nvaudio_hw(  129): config_parse_end: elem ctl
01-03 19:56:23.880 V/nvaudio_hw(  129): config_parse_start: elem ctl
01-03 19:56:23.880 V/nvaudio_hw(  129): Parsing control LOR Output Mixer RDAC Switch => 1
01-03 19:56:23.880 V/nvaudio_hw(  129): config_parse_end: elem ctl
01-03 19:56:23.880 V/nvaudio_hw(  129): config_parse_start: elem ctl
01-03 19:56:23.880 V/nvaudio_hw(  129): Parsing control Receiver Amplifier Volume => 0
01-03 19:56:23.880 V/nvaudio_hw(  129): config_parse_end: elem ctl
01-03 19:56:23.880 V/nvaudio_hw(  129): config_parse_start: elem ctl
01-03 19:56:23.880 V/nvaudio_hw(  129): Parsing control REC Output Mixer LOL-B2 Volume => 0
01-03 19:56:23.880 V/nvaudio_hw(  129): config_parse_end: elem ctl
01-03 19:56:23.880 V/nvaudio_hw(  129): config_parse_start: elem ctl
01-03 19:56:23.880 V/nvaudio_hw(  129): Parsing control REC Output Mixer LOR-B2 Volume => 0
01-03 19:56:23.880 V/nvaudio_hw(  129): config_parse_end: elem ctl
01-03 19:56:23.880 V/nvaudio_hw(  129): config_parse_end: elem path
01-03 19:56:23.880 V/nvaudio_hw(  129): config_parse_end: elem device
01-03 19:56:23.880 V/nvaudio_hw(  129): config_parse_end: elem playback
01-03 19:56:23.880 V/nvaudio_hw(  129): config_parse_start: elem capture
01-03 19:56:23.880 V/nvaudio_hw(  129): config_parse_start: elem pcm_config
01-03 19:56:23.880 V/nvaudio_hw(  129): PCM config : rate 48000
01-03 19:56:23.880 V/nvaudio_hw(  129): PCM config : channels 2
01-03 19:56:23.880 V/nvaudio_hw(  129): PCM config : format 0
01-03 19:56:23.880 V/nvaudio_hw(  129): PCM config : period_size 1024
01-03 19:56:23.880 V/nvaudio_hw(  129): PCM config : period_count 4
01-03 19:56:23.880 V/nvaudio_hw(  129): PCM config : start_threshold 1
01-03 19:56:23.880 V/nvaudio_hw(  129): PCM config : stop_threshold 4096
01-03 19:56:23.880 V/nvaudio_hw(  129): PCM config : avail_min 1
01-03 19:56:23.880 V/nvaudio_hw(  129): config_parse_end: elem pcm_config
01-03 19:56:23.880 V/nvaudio_hw(  129): config_parse_start: elem device
01-03 19:56:23.880 V/nvaudio_hw(  129): 11device: name builtin-mic  80860000
01-03 19:56:23.880 V/nvaudio_hw(  129): device: name builtin-mic
01-03 19:56:23.880 V/nvaudio_hw(  129): config_parse_start: elem path
01-03 19:56:23.880 V/nvaudio_hw(  129): config_parse_start: elem ctl
01-03 19:56:23.880 V/nvaudio_hw(  129): Parsing control Codec Firmware Setmode => Music_speaker_on
01-03 19:56:23.880 V/nvaudio_hw(  129): config_parse_end: elem ctl
01-03 19:56:23.880 V/nvaudio_hw(  129): config_parse_start: elem ctl
01-03 19:56:23.880 V/nvaudio_hw(  129): Parsing control MicPGA Volume Control => 68
01-03 19:56:23.880 V/nvaudio_hw(  129): config_parse_end: elem ctl
01-03 19:56:23.880 V/nvaudio_hw(  129): config_parse_start: elem ctl
01-03 19:56:23.880 V/nvaudio_hw(  129): Parsing control MICBIAS INT Power Level => 1
01-03 19:56:23.880 V/nvaudio_hw(  129): config_parse_end: elem ctl
01-03 19:56:23.880 V/nvaudio_hw(  129): config_parse_start: elem ctl
01-03 19:56:23.880 V/nvaudio_hw(  129): Parsing control Left Input Mixer IN2L Switch => 1
01-03 19:56:23.880 V/nvaudio_hw(  129): config_parse_end: elem ctl
01-03 19:56:23.880 V/nvaudio_hw(  129): config_parse_start: elem ctl
01-03 19:56:23.880 V/nvaudio_hw(  129): Parsing control Left Input Mixer IN2R Switch => 1
01-03 19:56:23.880 V/nvaudio_hw(  129): config_parse_end: elem ctl
01-03 19:56:23.880 V/nvaudio_hw(  129): config_parse_start: elem ctl
01-03 19:56:23.880 V/nvaudio_hw(  129): Parsing control Int Mic Switch => 1
01-03 19:56:23.880 V/nvaudio_hw(  129): config_parse_end: elem ctl
01-03 19:56:23.880 V/nvaudio_hw(  129): config_parse_end: elem path
01-03 19:56:23.880 V/nvaudio_hw(  129): config_parse_start: elem path
01-03 19:56:23.880 V/nvaudio_hw(  129): config_parse_start: elem ctl
01-03 19:56:23.880 V/nvaudio_hw(  129): Parsing control Int Mic Switch => 0
01-03 19:56:23.880 V/nvaudio_hw(  129): config_parse_end: elem ctl
01-03 19:56:23.880 V/nvaudio_hw(  129): config_parse_start: elem ctl
01-03 19:56:23.880 V/nvaudio_hw(  129): Parsing control MICBIAS INT Power Level => 0
01-03 19:56:23.880 V/nvaudio_hw(  129): config_parse_end: elem ctl
01-03 19:56:23.880 V/nvaudio_hw(  129): config_parse_start: elem ctl
01-03 19:56:23.880 V/nvaudio_hw(  129): Parsing control Left Input Mixer IN2L Switch => 0
01-03 19:56:23.880 V/nvaudio_hw(  129): config_parse_end: elem ctl
01-03 19:56:23.880 V/nvaudio_hw(  129): config_parse_start: elem ctl
01-03 19:56:23.880 V/nvaudio_hw(  129): Parsing control Left Input Mixer IN2R Switch => 0
01-03 19:56:23.880 V/nvaudio_hw(  129): config_parse_end: elem ctl
01-03 19:56:23.880 V/nvaudio_hw(  129): config_parse_end: elem path
01-03 19:56:23.880 V/nvaudio_hw(  129): config_parse_end: elem device
01-03 19:56:23.880 V/nvaudio_hw(  129): config_parse_start: elem device
01-03 19:56:23.880 V/nvaudio_hw(  129): 11device: name headset-mic  80960000
01-03 19:56:23.880 V/nvaudio_hw(  129): device: name headset-mic
01-03 19:56:23.880 V/nvaudio_hw(  129): config_parse_start: elem path
01-03 19:56:23.880 V/nvaudio_hw(  129): config_parse_start: elem ctl
01-03 19:56:23.880 V/nvaudio_hw(  129): Parsing control Codec Firmware Setmode => Music_headphone_on
01-03 19:56:23.880 V/nvaudio_hw(  129): config_parse_end: elem ctl
01-03 19:56:23.880 V/nvaudio_hw(  129): config_parse_start: elem ctl
01-03 19:56:23.880 V/nvaudio_hw(  129): Parsing control MicPGA Volume Control => 64
01-03 19:56:23.880 V/nvaudio_hw(  129): config_parse_end: elem ctl
01-03 19:56:23.880 V/nvaudio_hw(  129): config_parse_start: elem ctl
01-03 19:56:23.880 V/nvaudio_hw(  129): Parsing control MICBIAS EXT Power Level => 1
01-03 19:56:23.880 V/nvaudio_hw(  129): config_parse_end: elem ctl
01-03 19:56:23.880 V/nvaudio_hw(  129): config_parse_start: elem ctl
01-03 19:56:23.880 V/nvaudio_hw(  129): Parsing control Left Input Mixer IN1L Switch => 1
01-03 19:56:23.880 V/nvaudio_hw(  129): config_parse_end: elem ctl
01-03 19:56:23.880 V/nvaudio_hw(  129): config_parse_start: elem ctl
01-03 19:56:23.880 V/nvaudio_hw(  129): Parsing control Left Input Mixer CM1L Switch => 1
01-03 19:56:23.880 V/nvaudio_hw(  129): config_parse_end: elem ctl
01-03 19:56:23.880 V/nvaudio_hw(  129): config_parse_start: elem ctl
01-03 19:56:23.880 V/nvaudio_hw(  129): Parsing control Mic Jack Switch => 1
01-03 19:56:23.880 V/nvaudio_hw(  129): config_parse_end: elem ctl
01-03 19:56:23.880 V/nvaudio_hw(  129): config_parse_end: elem path
01-03 19:56:23.880 V/nvaudio_hw(  129): config_parse_start: elem path
01-03 19:56:23.880 V/nvaudio_hw(  129): config_parse_start: elem ctl
01-03 19:56:23.880 V/nvaudio_hw(  129): Parsing control Mic Jack Switch => 0
01-03 19:56:23.880 V/nvaudio_hw(  129): config_parse_end: elem ctl
01-03 19:56:23.880 V/nvaudio_hw(  129): config_parse_start: elem ctl
01-03 19:56:23.880 V/nvaudio_hw(  129): Parsing control MICBIAS EXT Power Level => 0
01-03 19:56:23.880 V/nvaudio_hw(  129): config_parse_end: elem ctl
01-03 19:56:23.880 V/nvaudio_hw(  129): config_parse_start: elem ctl
01-03 19:56:23.880 V/nvaudio_hw(  129): Parsing control Left Input Mixer IN1L Switch => 0
01-03 19:56:23.880 V/nvaudio_hw(  129): config_parse_end: elem ctl
01-03 19:56:23.880 V/nvaudio_hw(  129): config_parse_start: elem ctl
01-03 19:56:23.880 V/nvaudio_hw(  129): Parsing control Left Input Mixer CM1L Switch => 0
01-03 19:56:23.880 V/nvaudio_hw(  129): config_parse_end: elem ctl
01-03 19:56:23.880 V/nvaudio_hw(  129): config_parse_end: elem path
01-03 19:56:23.880 V/nvaudio_hw(  129): config_parse_end: elem device
01-03 19:56:23.880 V/nvaudio_hw(  129): config_parse_end: elem capture
01-03 19:56:23.880 V/nvaudio_hw(  129): config_parse_end: elem alsa_device
01-03 19:56:23.880 V/nvaudio_hw(  129): config_parse_start: elem alsa_device
01-03 19:56:23.880 V/nvaudio_hw(  129): config_parse_start: name=voice,card=1,device_id=2,card_name=tegraaic326x
01-03 19:56:23.880 V/nvaudio_hw(  129): alsa_device: name voice
01-03 19:56:23.880 V/nvaudio_hw(  129): alsa_device: card id 1
01-03 19:56:23.880 V/nvaudio_hw(  129): alsa_device: device id 2
01-03 19:56:23.880 V/nvaudio_hw(  129): alsa_device: card name tegraaic326x
01-03 19:56:23.880 V/nvaudio_hw(  129): config_parse_start: elem pcm_config
01-03 19:56:23.880 V/nvaudio_hw(  129): PCM config : rate 16000
01-03 19:56:23.880 V/nvaudio_hw(  129): PCM config : channels 1
01-03 19:56:23.880 V/nvaudio_hw(  129): PCM config : format 0
01-03 19:56:23.880 V/nvaudio_hw(  129): PCM config : period_size 256
01-03 19:56:23.880 V/nvaudio_hw(  129): PCM config : period_count 4
01-03 19:56:23.880 V/nvaudio_hw(  129): PCM config : start_threshold 1023
01-03 19:56:23.880 V/nvaudio_hw(  129): PCM config : stop_threshold 1024
01-03 19:56:23.880 V/nvaudio_hw(  129): PCM config : avail_min 1
01-03 19:56:23.880 V/nvaudio_hw(  129): config_parse_end: elem pcm_config
01-03 19:56:23.880 V/nvaudio_hw(  129): config_parse_start: elem playback
01-03 19:56:23.880 V/nvaudio_hw(  129): config_parse_start: elem device
01-03 19:56:23.880 V/nvaudio_hw(  129): 11device: name bt-sco  70
01-03 19:56:23.880 V/nvaudio_hw(  129): device: name bt-sco
01-03 19:56:23.880 V/nvaudio_hw(  129): config_parse_end: elem device
01-03 19:56:23.880 V/nvaudio_hw(  129): config_parse_end: elem playback
01-03 19:56:23.880 V/nvaudio_hw(  129): config_parse_start: elem capture
01-03 19:56:23.880 V/nvaudio_hw(  129): config_parse_start: elem pcm_config
01-03 19:56:23.880 V/nvaudio_hw(  129): PCM config : rate 16000
01-03 19:56:23.880 V/nvaudio_hw(  129): PCM config : channels 1
01-03 19:56:23.880 V/nvaudio_hw(  129): PCM config : format 0
01-03 19:56:23.880 V/nvaudio_hw(  129): PCM config : period_size 256
01-03 19:56:23.880 V/nvaudio_hw(  129): PCM config : period_count 4
01-03 19:56:23.880 V/nvaudio_hw(  129): PCM config : start_threshold 1
01-03 19:56:23.880 V/nvaudio_hw(  129): PCM config : stop_threshold 1024
01-03 19:56:23.880 V/nvaudio_hw(  129): PCM config : avail_min 1
01-03 19:56:23.880 V/nvaudio_hw(  129): config_parse_end: elem pcm_config
01-03 19:56:23.880 V/nvaudio_hw(  129): config_parse_start: elem device
01-03 19:56:23.880 V/nvaudio_hw(  129): 11device: name bt-sco-mic  80000
01-03 19:56:23.880 V/nvaudio_hw(  129): device: name bt-sco-mic
01-03 19:56:23.880 V/nvaudio_hw(  129): config_parse_end: elem device
01-03 19:56:23.880 V/nvaudio_hw(  129): config_parse_end: elem capture
01-03 19:56:23.880 V/nvaudio_hw(  129): config_parse_end: elem alsa_device
01-03 19:56:23.880 V/nvaudio_hw(  129): config_parse_start: elem alsa_device
01-03 19:56:23.880 V/nvaudio_hw(  129): config_parse_start: name=voice-call,card=1,device_id=3,card_name=tegraaic326x
01-03 19:56:23.880 V/nvaudio_hw(  129): alsa_device: name voice-call
01-03 19:56:23.880 V/nvaudio_hw(  129): alsa_device: card id 1
01-03 19:56:23.880 V/nvaudio_hw(  129): alsa_device: device id 3
01-03 19:56:23.880 V/nvaudio_hw(  129): alsa_device: card name tegraaic326x
01-03 19:56:23.880 V/nvaudio_hw(  129): config_parse_start: elem pcm_config
01-03 19:56:23.880 V/nvaudio_hw(  129): PCM config : rate 16000
01-03 19:56:23.880 V/nvaudio_hw(  129): PCM config : channels 2
01-03 19:56:23.880 V/nvaudio_hw(  129): PCM config : format 0
01-03 19:56:23.880 V/nvaudio_hw(  129): PCM config : period_size 1024
01-03 19:56:23.880 V/nvaudio_hw(  129): PCM config : period_count 4
01-03 19:56:23.880 V/nvaudio_hw(  129): PCM config : start_threshold 4095
01-03 19:56:23.880 V/nvaudio_hw(  129): PCM config : stop_threshold 4096
01-03 19:56:23.880 V/nvaudio_hw(  129): PCM config : avail_min 1
01-03 19:56:23.880 V/nvaudio_hw(  129): config_parse_end: elem pcm_config
01-03 19:56:23.880 V/nvaudio_hw(  129): config_parse_start: elem call
01-03 19:56:23.880 V/nvaudio_hw(  129): config_parse_start: elem path
01-03 19:56:23.880 V/nvaudio_hw(  129): config_parse_start: elem ctl
01-03 19:56:23.880 V/nvaudio_hw(  129): Parsing control Call Mode Switch => 1
01-03 19:56:23.880 V/nvaudio_hw(  129): config_parse_end: elem ctl
01-03 19:56:23.880 V/nvaudio_hw(  129): config_parse_start: elem ctl
01-03 19:56:23.880 V/nvaudio_hw(  129): Parsing control ASI2RIN Route => ASI2 Right In
01-03 19:56:23.880 V/nvaudio_hw(  129): config_parse_end: elem ctl
01-03 19:56:23.880 V/nvaudio_hw(  129): config_parse_start: elem ctl
01-03 19:56:23.880 V/nvaudio_hw(  129): Parsing control ASI2LIN Route => ASI2 Left In
01-03 19:56:23.880 V/nvaudio_hw(  129): config_parse_end: elem ctl
01-03 19:56:23.880 V/nvaudio_hw(  129): config_parse_start: elem ctl
01-03 19:56:23.880 V/nvaudio_hw(  129): Parsing control DOUT2 Route => ASI2 Out
01-03 19:56:23.880 V/nvaudio_hw(  129): config_parse_end: elem ctl
01-03 19:56:23.880 V/nvaudio_hw(  129): config_parse_start: elem ctl
01-03 19:56:23.880 V/nvaudio_hw(  129): Parsing control ASI2OUT Route => ADC MiniDSP Out2
01-03 19:56:23.880 V/nvaudio_hw(  129): config_parse_end: elem ctl
01-03 19:56:23.880 V/nvaudio_hw(  129): config_parse_start: elem ctl
01-03 19:56:23.880 V/nvaudio_hw(  129): Parsing control DAC MiniDSP IN2 Route => ASI2 In
01-03 19:56:23.880 V/nvaudio_hw(  129): config_parse_end: elem ctl
01-03 19:56:23.890 I/        (  126): Loading GLESv2 implementation /system/lib//egl/libGLESv2_tegra_impl
01-03 19:56:23.890 I/SurfaceFlinger(  126): OpenGL ES informations:
01-03 19:56:23.890 I/SurfaceFlinger(  126): vendor    : NVIDIA Corporation
01-03 19:56:23.890 I/SurfaceFlinger(  126): renderer  : NVIDIA Tegra 3
01-03 19:56:23.890 I/SurfaceFlinger(  126): version   : OpenGL ES 2.0 14.01002
01-03 19:56:23.890 I/SurfaceFlinger(  126): extensions: GL_OES_rgb8_rgba8 GL_OES_EGL_sync GL_OES_surfaceless_context GL_OES_fbo_render_mipmap GL_NV_depth_nonlinear GL_NV_draw_path GL_NV_texture_npot_2D_mipmap GL_OES_EGL_image GL_OES_EGL_image_external GL_OES_vertex_half_float GL_OES_mapbuffer GL_NV_draw_buffers GL_NV_multiview_draw_buffers GL_EXT_Cg_shader GL_EXT_packed_float GL_OES_texture_half_float GL_EXT_texture_array GL_OES_compressed_ETC1_RGB8_texture GL_EXT_texture_compression_latc GL_NV_texture_compression_latc GL_EXT_texture_compression_dxt1 GL_EXT_texture_compression_s3tc GL_NV_texture_compression_s3tc GL_EXT_texture_filter_anisotropic GL_NV_get_tex_image GL_NV_read_buffer GL_NV_shader_framebuffer_fetch GL_NV_copy_image GL_NV_fbo_color_attachments GL_EXT_bgra GL_EXT_texture_format_BGRA8888 GL_EXT_unpack_subimage GL_NV_pack_subimage GL_NV_texture_compression_s3tc_update GL_NV_read_depth GL_NV_read_stencil GL_NV_uniform_buffer_object GL_NV_map_buffer_range GL_EXT_robustness GL_OES_standard_derivatives GL_NV_EGL_stream_consumer_external GL_EXT_
01-03 19:56:23.890 I/SurfaceFlinger(  126): GL_MAX_TEXTURE_SIZE = 2048
01-03 19:56:23.890 I/SurfaceFlinger(  126): GL_MAX_VIEWPORT_DIMS = 3839
01-03 19:56:23.890 E/cutils-trace(  126): Error opening trace file: Permission denied (13)
01-03 19:56:23.900 V/nvaudio_hw(  129): config_parse_start: elem ctl
01-03 19:56:23.900 V/nvaudio_hw(  129): Parsing control PCM Capture Volume => 24
01-03 19:56:23.900 V/nvaudio_hw(  129): config_parse_end: elem ctl
01-03 19:56:23.900 V/nvaudio_hw(  129): config_parse_start: elem ctl
01-03 19:56:23.900 V/nvaudio_hw(  129): Parsing control Speaker Amplifier Volume => 1
01-03 19:56:23.900 V/nvaudio_hw(  129): config_parse_end: elem ctl
01-03 19:56:23.900 V/nvaudio_hw(  129): config_parse_start: elem ctl
01-03 19:56:23.900 V/nvaudio_hw(  129): Parsing control Codec Firmware Setmode => 1Mic_Basic
01-03 19:56:23.900 V/nvaudio_hw(  129): config_parse_end: elem ctl
01-03 19:56:23.900 V/nvaudio_hw(  129): config_parse_start: elem ctl
01-03 19:56:23.900 V/nvaudio_hw(  129): Parsing control MicPGA Volume Control => 24
01-03 19:56:23.900 V/nvaudio_hw(  129): config_parse_end: elem ctl
01-03 19:56:23.900 V/nvaudio_hw(  129): config_parse_end: elem path
01-03 19:56:23.900 V/nvaudio_hw(  129): config_parse_start: elem path
01-03 19:56:23.900 V/nvaudio_hw(  129): config_parse_start: elem ctl
01-03 19:56:23.900 V/nvaudio_hw(  129): Parsing control Call Mode Switch => 0
01-03 19:56:23.900 V/nvaudio_hw(  129): config_parse_end: elem ctl
01-03 19:56:23.900 V/nvaudio_hw(  129): config_parse_end: elem path
01-03 19:56:23.900 V/nvaudio_hw(  129): config_parse_start: elem device
01-03 19:56:23.900 V/nvaudio_hw(  129): 11device: name headphone  c
01-03 19:56:23.900 V/nvaudio_hw(  129): device: name headphone
01-03 19:56:23.900 V/nvaudio_hw(  129): config_parse_start: elem path
01-03 19:56:23.900 V/nvaudio_hw(  129): config_parse_start: elem ctl
01-03 19:56:23.900 V/nvaudio_hw(  129): Parsing control Codec Firmware Setmode => 1Mic_headphone
01-03 19:56:23.900 V/nvaudio_hw(  129): config_parse_end: elem ctl
01-03 19:56:23.900 V/nvaudio_hw(  129): config_parse_start: elem ctl
01-03 19:56:23.900 V/nvaudio_hw(  129): Parsing control HPR Output Mixer LOR-B1 Volume => 127
01-03 19:56:23.900 V/nvaudio_hw(  129): config_parse_end: elem ctl
01-03 19:56:23.900 V/nvaudio_hw(  129): config_parse_start: elem ctl
01-03 19:56:23.900 V/nvaudio_hw(  129): Parsing control HPL Output Mixer LOL-B1 Volume => 127
01-03 19:56:23.900 V/nvaudio_hw(  129): config_parse_end: elem ctl
01-03 19:56:23.900 V/nvaudio_hw(  129): config_parse_start: elem ctl
